Archive member included to satisfy reference by file (symbol)

/home/fanning/workspace/tools/gcc-arm-none-eabi-7-2017q4/arm-none-eabi/lib/libc.a(lib_a-atof.o)
                              build_arm_cortex_m3_base_application_stm32l/WString.o (atof)
/home/fanning/workspace/tools/gcc-arm-none-eabi-7-2017q4/arm-none-eabi/lib/libc.a(lib_a-atol.o)
                              build_arm_cortex_m3_base_application_stm32l/WString.o (atol)
/home/fanning/workspace/tools/gcc-arm-none-eabi-7-2017q4/arm-none-eabi/lib/libc.a(lib_a-isspace.o)
                              build_arm_cortex_m3_base_application_stm32l/WString.o (isspace)
/home/fanning/workspace/tools/gcc-arm-none-eabi-7-2017q4/arm-none-eabi/lib/libc.a(lib_a-locale.o)
                              /home/fanning/workspace/tools/gcc-arm-none-eabi-7-2017q4/arm-none-eabi/lib/libc.a(lib_a-isspace.o) (__locale_ctype_ptr)
/home/fanning/workspace/tools/gcc-arm-none-eabi-7-2017q4/arm-none-eabi/lib/libc.a(lib_a-malloc.o)
                              build_arm_cortex_m3_base_application_stm32l/message.o (malloc)
/home/fanning/workspace/tools/gcc-arm-none-eabi-7-2017q4/arm-none-eabi/lib/libc.a(lib_a-mallocr.o)
                              /home/fanning/workspace/tools/gcc-arm-none-eabi-7-2017q4/arm-none-eabi/lib/libc.a(lib_a-malloc.o) (_malloc_r)
/home/fanning/workspace/tools/gcc-arm-none-eabi-7-2017q4/arm-none-eabi/lib/libc.a(lib_a-mbtowc_r.o)
                              /home/fanning/workspace/tools/gcc-arm-none-eabi-7-2017q4/arm-none-eabi/lib/libc.a(lib_a-locale.o) (__ascii_mbtowc)
/home/fanning/workspace/tools/gcc-arm-none-eabi-7-2017q4/arm-none-eabi/lib/libc.a(lib_a-memcmp.o)
                              build_arm_cortex_m3_base_application_stm32l/task_fw.o (memcmp)
/home/fanning/workspace/tools/gcc-arm-none-eabi-7-2017q4/arm-none-eabi/lib/libc.a(lib_a-memcpy-stub.o)
                              build_arm_cortex_m3_base_application_stm32l/message.o (memcpy)
/home/fanning/workspace/tools/gcc-arm-none-eabi-7-2017q4/arm-none-eabi/lib/libc.a(lib_a-memmove.o)
                              build_arm_cortex_m3_base_application_stm32l/WString.o (memmove)
/home/fanning/workspace/tools/gcc-arm-none-eabi-7-2017q4/arm-none-eabi/lib/libc.a(lib_a-memset.o)
                              build_arm_cortex_m3_base_application_stm32l/xprintf.o (memset)
/home/fanning/workspace/tools/gcc-arm-none-eabi-7-2017q4/arm-none-eabi/lib/libc.a(lib_a-mlock.o)
                              /home/fanning/workspace/tools/gcc-arm-none-eabi-7-2017q4/arm-none-eabi/lib/libc.a(lib_a-mallocr.o) (__malloc_lock)
/home/fanning/workspace/tools/gcc-arm-none-eabi-7-2017q4/arm-none-eabi/lib/libc.a(lib_a-rand.o)
                              build_arm_cortex_m3_base_application_stm32l/WMath.o (srand)
/home/fanning/workspace/tools/gcc-arm-none-eabi-7-2017q4/arm-none-eabi/lib/libc.a(lib_a-realloc.o)
                              build_arm_cortex_m3_base_application_stm32l/MPU6050.o (realloc)
/home/fanning/workspace/tools/gcc-arm-none-eabi-7-2017q4/arm-none-eabi/lib/libc.a(lib_a-reallocr.o)
                              /home/fanning/workspace/tools/gcc-arm-none-eabi-7-2017q4/arm-none-eabi/lib/libc.a(lib_a-realloc.o) (_realloc_r)
/home/fanning/workspace/tools/gcc-arm-none-eabi-7-2017q4/arm-none-eabi/lib/libc.a(lib_a-sbrkr.o)
                              /home/fanning/workspace/tools/gcc-arm-none-eabi-7-2017q4/arm-none-eabi/lib/libc.a(lib_a-mallocr.o) (_sbrk_r)
/home/fanning/workspace/tools/gcc-arm-none-eabi-7-2017q4/arm-none-eabi/lib/libc.a(lib_a-strcat.o)
                              build_arm_cortex_m3_base_application_stm32l/dtostrf.o (strcat)
/home/fanning/workspace/tools/gcc-arm-none-eabi-7-2017q4/arm-none-eabi/lib/libc.a(lib_a-strchr.o)
                              build_arm_cortex_m3_base_application_stm32l/WString.o (strchr)
/home/fanning/workspace/tools/gcc-arm-none-eabi-7-2017q4/arm-none-eabi/lib/libc.a(lib_a-strcmp.o)
                              build_arm_cortex_m3_base_application_stm32l/cmd_line.o (strcmp)
/home/fanning/workspace/tools/gcc-arm-none-eabi-7-2017q4/arm-none-eabi/lib/libc.a(lib_a-strcpy.o)
                              build_arm_cortex_m3_base_application_stm32l/sys_dbg.o (strcpy)
/home/fanning/workspace/tools/gcc-arm-none-eabi-7-2017q4/arm-none-eabi/lib/libc.a(lib_a-strlen-stub.o)
                              build_arm_cortex_m3_base_application_stm32l/dtostrf.o (strlen)
/home/fanning/workspace/tools/gcc-arm-none-eabi-7-2017q4/arm-none-eabi/lib/libc.a(lib_a-strncmp.o)
                              build_arm_cortex_m3_base_application_stm32l/WString.o (strncmp)
/home/fanning/workspace/tools/gcc-arm-none-eabi-7-2017q4/arm-none-eabi/lib/libc.a(lib_a-strncpy.o)
                              build_arm_cortex_m3_base_application_stm32l/WString.o (strncpy)
/home/fanning/workspace/tools/gcc-arm-none-eabi-7-2017q4/arm-none-eabi/lib/libc.a(lib_a-strrchr.o)
                              build_arm_cortex_m3_base_application_stm32l/WString.o (strrchr)
[...]
Memory Configuration

Name             Origin             Length             Attributes
BSF              0x0000000008002000 0x0000000000001000 xr
FLASH            0x0000000008003000 0x000000000000d000 xr
SRAM             0x0000000020000000 0x0000000000004000 xrw
*default*        0x0000000000000000 0xffffffffffffffff

Linker script and memory map

                0x0000000000000800                HEAP_SIZE = 0x800

.start_boot_share_data_flash
                0x0000000008002000        0x0
                0x0000000008002000                _start_boot_share_data_flash = .

.start_flash    0x0000000008003000        0x0
                0x0000000008003000                _start_flash = .

.isr_vector     0x0000000008003000       0xf4
 *(.isr_vector)
 .isr_vector    0x0000000008003000       0xf4 build_arm_cortex_m3_base_application_stm32l/system.o
                0x0000000008003000                isr_vector
                0x00000000080030f4                . = ALIGN (0x4)

.text           0x00000000080030f4     0x9d14
                0x00000000080030f4                . = ALIGN (0x4)
 *(.text)
 .text          0x00000000080030f4      0x224 /home/fanning/workspace/tools/gcc-arm-none-eabi-7-2017q4/arm-none-eabi/lib/libc.a(lib_a-strcmp.o)
                0x00000000080030f4                strcmp
 .text          0x0000000008003318      0x114 /home/fanning/workspace/tools/gcc-arm-none-eabi-7-2017q4/lib/gcc/arm-none-eabi/7.2.1/libgcc.a(_udivsi3.o)
                0x0000000008003318                __udivsi3
                0x0000000008003318                __aeabi_uidiv
                0x000000000800340c                __aeabi_uidivmod
 .text          0x000000000800342c        0x4 /home/fanning/workspace/tools/gcc-arm-none-eabi-7-2017q4/lib/gcc/arm-none-eabi/7.2.1/libgcc.a(_dvmd_tls.o)
                0x000000000800342c                __aeabi_ldiv0
                0x000000000800342c                __aeabi_idiv0
 *(.text*)
 .text.msg_init
                0x0000000008003430       0xf4 build_arm_cortex_m3_base_application_stm32l/message.o
                0x0000000008003430                msg_init
 .text.msg_free
                0x0000000008003524       0xa8 build_arm_cortex_m3_base_application_stm32l/message.o
                0x0000000008003524                msg_free
 .text.msg_inc_ref_count
                0x00000000080035cc       0x28 build_arm_cortex_m3_base_application_stm32l/message.o
                0x00000000080035cc                msg_inc_ref_count
 .text.ak_malloc
                0x00000000080035f4       0x54 build_arm_cortex_m3_base_application_stm32l/message.o
                0x00000000080035f4                ak_malloc
 .text.ak_free  0x0000000008003648        0x4 build_arm_cortex_m3_base_application_stm32l/message.o
                0x0000000008003648                ak_free
 .text.get_pure_msg
                0x000000000800364c       0x3c build_arm_cortex_m3_base_application_stm32l/message.o
                0x000000000800364c                get_pure_msg
 .text.get_common_msg
                0x0000000008003688       0x40 build_arm_cortex_m3_base_application_stm32l/message.o
                0x0000000008003688                get_common_msg
 .text.set_data_common_msg
                0x00000000080036c8       0x44 build_arm_cortex_m3_base_application_stm32l/message.o
                0x00000000080036c8                set_data_common_msg
 .text.get_data_common_msg
                0x000000000800370c       0x24 build_arm_cortex_m3_base_application_stm32l/message.o
                0x000000000800370c                get_data_common_msg
 .text.get_data_len_common_msg
                0x0000000008003730       0x24 build_arm_cortex_m3_base_application_stm32l/message.o
                0x0000000008003730                get_data_len_common_msg
 .text.get_dynamic_msg
                0x0000000008003754       0x40 build_arm_cortex_m3_base_application_stm32l/message.o
                0x0000000008003754                get_dynamic_msg
 .text.set_data_dynamic_msg
                0x0000000008003794       0xec build_arm_cortex_m3_base_application_stm32l/message.o
                0x0000000008003794                set_data_dynamic_msg
 .text.get_data_dynamic_msg
                0x0000000008003880       0x7c build_arm_cortex_m3_base_application_stm32l/message.o
                0x0000000008003880                get_data_dynamic_msg
 .text.get_data_len_dynamic_msg
                0x00000000080038fc        0x4 build_arm_cortex_m3_base_application_stm32l/message.o
                0x00000000080038fc                get_data_len_dynamic_msg
 .text.fsm_dispatch
                0x0000000008003900        0x8 build_arm_cortex_m3_base_application_stm32l/fsm.o
                0x0000000008003900                fsm_dispatch
 .text.task_create
                0x0000000008003908       0x40 build_arm_cortex_m3_base_application_stm32l/task.o
                0x0000000008003908                task_create
 .text.task_post
                0x0000000008003948       0x78 build_arm_cortex_m3_base_application_stm32l/task.o
                0x0000000008003948                task_post
 .text.task_remove_msg
                0x00000000080039c0       0x98 build_arm_cortex_m3_base_application_stm32l/task.o
                0x00000000080039c0                task_remove_msg
 .text.task_post_pure_msg
                0x0000000008003a58       0x18 build_arm_cortex_m3_base_application_stm32l/task.o
                0x0000000008003a58                task_post_pure_msg
 .text.task_post_common_msg
                0x0000000008003a70       0x28 build_arm_cortex_m3_base_application_stm32l/task.o
                0x0000000008003a70                task_post_common_msg
 .text.task_entry_interrupt
                0x0000000008003a98       0x1c build_arm_cortex_m3_base_application_stm32l/task.o
                0x0000000008003a98                task_entry_interrupt
 .text.task_exit_interrupt
                0x0000000008003ab4       0x24 build_arm_cortex_m3_base_application_stm32l/task.o
                0x0000000008003ab4                task_exit_interrupt
 .text.task_init
                0x0000000008003ad8       0x40 build_arm_cortex_m3_base_application_stm32l/task.o
                0x0000000008003ad8                task_init
 .text.task_run
                0x0000000008003b18       0xf0 build_arm_cortex_m3_base_application_stm32l/task.o
                0x0000000008003b18                task_run
 .text.get_current_task_id
                0x0000000008003c08        0xc build_arm_cortex_m3_base_application_stm32l/task.o
                0x0000000008003c08                get_current_task_id
 .text.get_current_task_info
                0x0000000008003c14        0x8 build_arm_cortex_m3_base_application_stm32l/task.o
                0x0000000008003c14                get_current_task_info
 .text.get_current_active_object
                0x0000000008003c1c        0x8 build_arm_cortex_m3_base_application_stm32l/task.o
                0x0000000008003c1c                get_current_active_object
 .text.timer_remove_msg
                0x0000000008003c24       0x5c build_arm_cortex_m3_base_application_stm32l/timer.o
 .text.task_timer_tick
                0x0000000008003c80       0x7c build_arm_cortex_m3_base_application_stm32l/timer.o
                0x0000000008003c80                task_timer_tick
 .text.timer_init
                0x0000000008003cfc       0x54 build_arm_cortex_m3_base_application_stm32l/timer.o
                0x0000000008003cfc                timer_init
 .text.timer_tick
                0x0000000008003d50       0x38 build_arm_cortex_m3_base_application_stm32l/timer.o
                0x0000000008003d50                timer_tick
 .text.timer_set
                0x0000000008003d88       0x8c build_arm_cortex_m3_base_application_stm32l/timer.o
                0x0000000008003d88                timer_set
 .text.timer_remove_attr
                0x0000000008003e14       0x18 build_arm_cortex_m3_base_application_stm32l/timer.o
                0x0000000008003e14                timer_remove_attr
 .text.xputc    0x0000000008003e2c       0x24 build_arm_cortex_m3_base_application_stm32l/xprintf.o
                0x0000000008003e2c                xputc
 .text.sxputc   0x0000000008003e50       0x10 build_arm_cortex_m3_base_application_stm32l/xprintf.o
                0x0000000008003e50                sxputc
 .text.xstream  0x0000000008003e60      0x17c build_arm_cortex_m3_base_application_stm32l/xprintf.o
                0x0000000008003e60                xstream
 .text.xprintf  0x0000000008003fdc       0x28 build_arm_cortex_m3_base_application_stm32l/xprintf.o
                0x0000000008003fdc                xprintf
 .text.set_dymc_output_type
                0x0000000008004004       0x18 build_arm_cortex_m3_base_application_stm32l/xprintf.o
                0x0000000008004004                set_dymc_output_type
 .text.xdymcprintf
                0x000000000800401c       0x74 build_arm_cortex_m3_base_application_stm32l/xprintf.o
                0x000000000800401c                xdymcprintf
 .text.cmd_line_parser
                0x0000000008004090       0x88 build_arm_cortex_m3_base_application_stm32l/cmd_line.o
                0x0000000008004090                cmd_line_parser
 .text.fifo_init
                0x0000000008004118       0x14 build_arm_cortex_m3_base_application_stm32l/fifo.o
                0x0000000008004118                fifo_init
 .text.fifo_availble
                0x000000000800412c        0x4 build_arm_cortex_m3_base_application_stm32l/fifo.o
                0x000000000800412c                fifo_availble
 .text.fifo_is_full
                0x0000000008004130       0x10 build_arm_cortex_m3_base_application_stm32l/fifo.o
                0x0000000008004130                fifo_is_full
 .text.fifo_put
                0x0000000008004140       0x54 build_arm_cortex_m3_base_application_stm32l/fifo.o
                0x0000000008004140                fifo_put
 .text.fifo_get
                0x0000000008004194       0x50 build_arm_cortex_m3_base_application_stm32l/fifo.o
                0x0000000008004194                fifo_get
 .text.ring_buffer_char_init
                0x00000000080041e4        0xc build_arm_cortex_m3_base_application_stm32l/ring_buffer.o
                0x00000000080041e4                ring_buffer_char_init
 .text.ring_buffer_char_is_empty
                0x00000000080041f0        0xc build_arm_cortex_m3_base_application_stm32l/ring_buffer.o
                0x00000000080041f0                ring_buffer_char_is_empty
 .text.ring_buffer_char_put
                0x00000000080041fc       0x38 build_arm_cortex_m3_base_application_stm32l/ring_buffer.o
                0x00000000080041fc                ring_buffer_char_put
 .text.ring_buffer_char_get
                0x0000000008004234       0x2c build_arm_cortex_m3_base_application_stm32l/ring_buffer.o
                0x0000000008004234                ring_buffer_char_get
 .text.button_init
                0x0000000008004260       0x34 build_arm_cortex_m3_base_application_stm32l/button.o
                0x0000000008004260                button_init
 .text.button_enable
                0x0000000008004294        0x8 build_arm_cortex_m3_base_application_stm32l/button.o
                0x0000000008004294                button_enable
 .text.button_timer_polling
                0x000000000800429c       0x78 build_arm_cortex_m3_base_application_stm32l/button.o
                0x000000000800429c                button_timer_polling
 .text.flash_wait_to_idle
                0x0000000008004314       0x44 build_arm_cortex_m3_base_application_stm32l/flash.o
 .text.flash_set_write_enable.constprop.0
                0x0000000008004358       0x1c build_arm_cortex_m3_base_application_stm32l/flash.o
 .text.flash_read
                0x0000000008004374       0x4c build_arm_cortex_m3_base_application_stm32l/flash.o
                0x0000000008004374                flash_read
 .text.flash_write
                0x00000000080043c0       0x70 build_arm_cortex_m3_base_application_stm32l/flash.o
                0x00000000080043c0                flash_write
 .text.flash_erase_sector
                0x0000000008004430       0x48 build_arm_cortex_m3_base_application_stm32l/flash.o
                0x0000000008004430                flash_erase_sector
 .text.flash_erase_block_64k
                0x0000000008004478       0x48 build_arm_cortex_m3_base_application_stm32l/flash.o
                0x0000000008004478                flash_erase_block_64k
 .text.flash_erase_full
                0x00000000080044c0       0x28 build_arm_cortex_m3_base_application_stm32l/flash.o
                0x00000000080044c0                flash_erase_full
 .text.led_init
                0x00000000080044e8       0x20 build_arm_cortex_m3_base_application_stm32l/led.o
                0x00000000080044e8                led_init
 .text.led_toggle
                0x0000000008004508       0x20 build_arm_cortex_m3_base_application_stm32l/led.o
                0x0000000008004508                led_toggle
 .text.sys_dbg_fatal
                0x0000000008004528      0x3d0 build_arm_cortex_m3_base_application_stm32l/sys_dbg.o
                0x0000000008004528                sys_dbg_fatal
 .text.sys_dbg_func_stack_dump
                0x00000000080048f8       0x68 build_arm_cortex_m3_base_application_stm32l/sys_dbg.o
                0x00000000080048f8                sys_dbg_func_stack_dump
 .text.sys_dbg_cpu_dump
                0x0000000008004960       0x4c build_arm_cortex_m3_base_application_stm32l/sys_dbg.o
                0x0000000008004960                sys_dbg_cpu_dump
 .text.sys_dbg_stack_space_dump
                0x00000000080049ac       0x34 build_arm_cortex_m3_base_application_stm32l/sys_dbg.o
                0x00000000080049ac                sys_dbg_stack_space_dump
 .text.sys_boot_init
                0x00000000080049e0       0x18 build_arm_cortex_m3_base_application_stm32l/sys_boot.o
                0x00000000080049e0                sys_boot_init
 .text.sys_boot_get
                0x00000000080049f8        0xc build_arm_cortex_m3_base_application_stm32l/sys_boot.o
                0x00000000080049f8                sys_boot_get
 .text.sys_boot_set
                0x0000000008004a04       0x34 build_arm_cortex_m3_base_application_stm32l/sys_boot.o
                0x0000000008004a04                sys_boot_set
 .text.sys_svc_restart_app
                0x0000000008004a38        0x4 build_arm_cortex_m3_base_application_stm32l/sys_svc.o
                0x0000000008004a38                sys_svc_restart_app
 .text.hal_nrf_rw
                0x0000000008004a3c        0x4 build_arm_cortex_m3_base_application_stm32l/hal_nrf_hw.o
                0x0000000008004a3c                hal_nrf_rw
 .text.hal_nrf_read_rx_pl_w
                0x0000000008004a40       0x1c build_arm_cortex_m3_base_application_stm32l/hal_nrf_l01.o
                0x0000000008004a40                hal_nrf_read_rx_pl_w
 .text.hal_nrf_get_rx_data_source
                0x0000000008004a5c       0x18 build_arm_cortex_m3_base_application_stm32l/hal_nrf_l01.o
                0x0000000008004a5c                hal_nrf_get_rx_data_source
 .text.hal_nrf_rx_fifo_empty
                0x0000000008004a74       0x14 build_arm_cortex_m3_base_application_stm32l/hal_nrf_l01.o
                0x0000000008004a74                hal_nrf_rx_fifo_empty
 .text.hal_nrf_read_reg
                0x0000000008004a88       0x20 build_arm_cortex_m3_base_application_stm32l/hal_nrf_l01.o
                0x0000000008004a88                hal_nrf_read_reg
 .text.hal_nrf_write_reg
                0x0000000008004aa8       0x5c build_arm_cortex_m3_base_application_stm32l/hal_nrf_l01.o
                0x0000000008004aa8                hal_nrf_write_reg
 .text.hal_nrf_set_irq_mode
                0x0000000008004b04       0x38 build_arm_cortex_m3_base_application_stm32l/hal_nrf_l01.o
                0x0000000008004b04                hal_nrf_set_irq_mode
 .text.hal_nrf_get_clear_irq_flags
                0x0000000008004b3c       0x10 build_arm_cortex_m3_base_application_stm32l/hal_nrf_l01.o
                0x0000000008004b3c                hal_nrf_get_clear_irq_flags
 .text.hal_nrf_set_crc_mode
                0x0000000008004b4c       0x20 build_arm_cortex_m3_base_application_stm32l/hal_nrf_l01.o
                0x0000000008004b4c                hal_nrf_set_crc_mode
 .text.hal_nrf_open_pipe
                0x0000000008004b6c       0x78 build_arm_cortex_m3_base_application_stm32l/hal_nrf_l01.o
                0x0000000008004b6c                hal_nrf_open_pipe
 .text.hal_nrf_close_pipe
                0x0000000008004be4       0x54 build_arm_cortex_m3_base_application_stm32l/hal_nrf_l01.o
                0x0000000008004be4                hal_nrf_close_pipe
 .text.hal_nrf_set_auto_retr
                0x0000000008004c38       0x1c build_arm_cortex_m3_base_application_stm32l/hal_nrf_l01.o
                0x0000000008004c38                hal_nrf_set_auto_retr
 .text.hal_nrf_set_address_width
                0x0000000008004c54        0xc build_arm_cortex_m3_base_application_stm32l/hal_nrf_l01.o
                0x0000000008004c54                hal_nrf_set_address_width
 .text.hal_nrf_set_rx_pload_width
                0x0000000008004c60        0x8 build_arm_cortex_m3_base_application_stm32l/hal_nrf_l01.o
                0x0000000008004c60                hal_nrf_set_rx_pload_width
 .text.hal_nrf_set_operation_mode
                0x0000000008004c68       0x30 build_arm_cortex_m3_base_application_stm32l/hal_nrf_l01.o
                0x0000000008004c68                hal_nrf_set_operation_mode
 .text.hal_nrf_set_power_mode
                0x0000000008004c98       0x30 build_arm_cortex_m3_base_application_stm32l/hal_nrf_l01.o
                0x0000000008004c98                hal_nrf_set_power_mode
 .text.hal_nrf_set_rf_channel
                0x0000000008004cc8        0x8 build_arm_cortex_m3_base_application_stm32l/hal_nrf_l01.o
                0x0000000008004cc8                hal_nrf_set_rf_channel
 .text.hal_nrf_set_output_power
                0x0000000008004cd0       0x20 build_arm_cortex_m3_base_application_stm32l/hal_nrf_l01.o
                0x0000000008004cd0                hal_nrf_set_output_power
 .text.hal_nrf_set_datarate
                0x0000000008004cf0       0x30 build_arm_cortex_m3_base_application_stm32l/hal_nrf_l01.o
                0x0000000008004cf0                hal_nrf_set_datarate
 .text.hal_nrf_flush_rx
                0x0000000008004d20        0x8 build_arm_cortex_m3_base_application_stm32l/hal_nrf_l01.o
                0x0000000008004d20                hal_nrf_flush_rx
 .text.hal_nrf_flush_tx
                0x0000000008004d28        0x8 build_arm_cortex_m3_base_application_stm32l/hal_nrf_l01.o
                0x0000000008004d28                hal_nrf_flush_tx
 .text.hal_nrf_set_lna_gain
                0x0000000008004d30       0x30 build_arm_cortex_m3_base_application_stm32l/hal_nrf_l01.o
                0x0000000008004d30                hal_nrf_set_lna_gain
 .text.hal_nrf_read_multibyte_reg
                0x0000000008004d60       0x84 build_arm_cortex_m3_base_application_stm32l/hal_nrf_l01.o
                0x0000000008004d60                hal_nrf_read_multibyte_reg
 .text.hal_nrf_read_rx_pload
                0x0000000008004de4        0x8 build_arm_cortex_m3_base_application_stm32l/hal_nrf_l01.o
                0x0000000008004de4                hal_nrf_read_rx_pload
 .text.hal_nrf_write_multibyte_reg
                0x0000000008004dec       0x5c build_arm_cortex_m3_base_application_stm32l/hal_nrf_l01.o
                0x0000000008004dec                hal_nrf_write_multibyte_reg
 .text.hal_nrf_set_address
                0x0000000008004e48       0x2c build_arm_cortex_m3_base_application_stm32l/hal_nrf_l01.o
                0x0000000008004e48                hal_nrf_set_address
 .text.hal_nrf_write_tx_pload
                0x0000000008004e74        0xc build_arm_cortex_m3_base_application_stm32l/hal_nrf_l01.o
                0x0000000008004e74                hal_nrf_write_tx_pload
 .text.GPIO_Init
                0x0000000008004e80       0x84 build_arm_cortex_m3_base_application_stm32l/stm32l1xx_gpio.o
                0x0000000008004e80                GPIO_Init
 .text.GPIO_ReadInputDataBit
                0x0000000008004f04        0xc build_arm_cortex_m3_base_application_stm32l/stm32l1xx_gpio.o
                0x0000000008004f04                GPIO_ReadInputDataBit
 .text.GPIO_SetBits
                0x0000000008004f10        0x4 build_arm_cortex_m3_base_application_stm32l/stm32l1xx_gpio.o
                0x0000000008004f10                GPIO_SetBits
 .text.GPIO_ResetBits
                0x0000000008004f14        0x4 build_arm_cortex_m3_base_application_stm32l/stm32l1xx_gpio.o
                0x0000000008004f14                GPIO_ResetBits
 .text.GPIO_PinAFConfig
                0x0000000008004f18       0x28 build_arm_cortex_m3_base_application_stm32l/stm32l1xx_gpio.o
                0x0000000008004f18                GPIO_PinAFConfig
 .text.RCC_HSICmd
                0x0000000008004f40        0xc build_arm_cortex_m3_base_application_stm32l/stm32l1xx_rcc.o
                0x0000000008004f40                RCC_HSICmd
 .text.RCC_GetClocksFreq
                0x0000000008004f4c       0xac build_arm_cortex_m3_base_application_stm32l/stm32l1xx_rcc.o
                0x0000000008004f4c                RCC_GetClocksFreq
 .text.RCC_AHBPeriphClockCmd
                0x0000000008004ff8       0x18 build_arm_cortex_m3_base_application_stm32l/stm32l1xx_rcc.o
                0x0000000008004ff8                RCC_AHBPeriphClockCmd
 .text.RCC_APB2PeriphClockCmd
                0x0000000008005010       0x18 build_arm_cortex_m3_base_application_stm32l/stm32l1xx_rcc.o
                0x0000000008005010                RCC_APB2PeriphClockCmd
 .text.RCC_APB1PeriphClockCmd
                0x0000000008005028       0x18 build_arm_cortex_m3_base_application_stm32l/stm32l1xx_rcc.o
                0x0000000008005028                RCC_APB1PeriphClockCmd
 .text.RCC_APB2PeriphResetCmd
                0x0000000008005040       0x18 build_arm_cortex_m3_base_application_stm32l/stm32l1xx_rcc.o
                0x0000000008005040                RCC_APB2PeriphResetCmd
 .text.RCC_APB1PeriphResetCmd
                0x0000000008005058       0x18 build_arm_cortex_m3_base_application_stm32l/stm32l1xx_rcc.o
                0x0000000008005058                RCC_APB1PeriphResetCmd
 .text.RCC_GetFlagStatus
                0x0000000008005070       0x20 build_arm_cortex_m3_base_application_stm32l/stm32l1xx_rcc.o
                0x0000000008005070                RCC_GetFlagStatus
 .text.USART_Init
                0x0000000008005090       0xb4 build_arm_cortex_m3_base_application_stm32l/stm32l1xx_usart.o
                0x0000000008005090                USART_Init
 .text.USART_Cmd
                0x0000000008005144       0x18 build_arm_cortex_m3_base_application_stm32l/stm32l1xx_usart.o
                0x0000000008005144                USART_Cmd
 .text.USART_SendData
                0x000000000800515c        0x8 build_arm_cortex_m3_base_application_stm32l/stm32l1xx_usart.o
                0x000000000800515c                USART_SendData
 .text.USART_ReceiveData
                0x0000000008005164        0x8 build_arm_cortex_m3_base_application_stm32l/stm32l1xx_usart.o
                0x0000000008005164                USART_ReceiveData
 .text.USART_ITConfig
                0x000000000800516c       0x38 build_arm_cortex_m3_base_application_stm32l/stm32l1xx_usart.o
                0x000000000800516c                USART_ITConfig
 .text.USART_GetFlagStatus
                0x00000000080051a4        0xc build_arm_cortex_m3_base_application_stm32l/stm32l1xx_usart.o
                0x00000000080051a4                USART_GetFlagStatus
 .text.USART_GetITStatus
                0x00000000080051b0       0x44 build_arm_cortex_m3_base_application_stm32l/stm32l1xx_usart.o
                0x00000000080051b0                USART_GetITStatus
 .text.USART_ClearITPendingBit
                0x00000000080051f4       0x10 build_arm_cortex_m3_base_application_stm32l/stm32l1xx_usart.o
                0x00000000080051f4                USART_ClearITPendingBit
 .text.SPI_I2S_DeInit
                0x0000000008005204       0x6c build_arm_cortex_m3_base_application_stm32l/stm32l1xx_spi.o
                0x0000000008005204                SPI_I2S_DeInit
 .text.SPI_Init
                0x0000000008005270       0x40 build_arm_cortex_m3_base_application_stm32l/stm32l1xx_spi.o
                0x0000000008005270                SPI_Init
 .text.SPI_Cmd  0x00000000080052b0       0x18 build_arm_cortex_m3_base_application_stm32l/stm32l1xx_spi.o
                0x00000000080052b0                SPI_Cmd
 .text.SPI_I2S_ReceiveData
                0x00000000080052c8        0x4 build_arm_cortex_m3_base_application_stm32l/stm32l1xx_spi.o
                0x00000000080052c8                SPI_I2S_ReceiveData
 .text.SPI_I2S_SendData
                0x00000000080052cc        0x4 build_arm_cortex_m3_base_application_stm32l/stm32l1xx_spi.o
                0x00000000080052cc                SPI_I2S_SendData
 .text.SPI_I2S_GetFlagStatus
                0x00000000080052d0        0xc build_arm_cortex_m3_base_application_stm32l/stm32l1xx_spi.o
                0x00000000080052d0                SPI_I2S_GetFlagStatus
 .text.NVIC_PriorityGroupConfig
                0x00000000080052dc       0x14 build_arm_cortex_m3_base_application_stm32l/misc.o
                0x00000000080052dc                NVIC_PriorityGroupConfig
 .text.NVIC_Init
                0x00000000080052f0       0x5c build_arm_cortex_m3_base_application_stm32l/misc.o
                0x00000000080052f0                NVIC_Init
 .text.EXTI_Init
                0x000000000800534c       0x7c build_arm_cortex_m3_base_application_stm32l/stm32l1xx_exti.o
                0x000000000800534c                EXTI_Init
 .text.EXTI_GetFlagStatus
                0x00000000080053c8       0x14 build_arm_cortex_m3_base_application_stm32l/stm32l1xx_exti.o
                0x00000000080053c8                EXTI_GetFlagStatus
 .text.EXTI_GetITStatus
                0x00000000080053dc        0x4 build_arm_cortex_m3_base_application_stm32l/stm32l1xx_exti.o
                0x00000000080053dc                EXTI_GetITStatus
 .text.EXTI_ClearITPendingBit
                0x00000000080053e0        0xc build_arm_cortex_m3_base_application_stm32l/stm32l1xx_exti.o
                0x00000000080053e0                EXTI_ClearITPendingBit
 .text.SYSCFG_EXTILineConfig
                0x00000000080053ec       0x30 build_arm_cortex_m3_base_application_stm32l/stm32l1xx_syscfg.o
                0x00000000080053ec                SYSCFG_EXTILineConfig
 .text.TIM_TimeBaseInit
                0x000000000800541c       0x5c build_arm_cortex_m3_base_application_stm32l/stm32l1xx_tim.o
                0x000000000800541c                TIM_TimeBaseInit
 .text.TIM_Cmd  0x0000000008005478       0x18 build_arm_cortex_m3_base_application_stm32l/stm32l1xx_tim.o
                0x0000000008005478                TIM_Cmd
 .text.TIM_ITConfig
                0x0000000008005490       0x14 build_arm_cortex_m3_base_application_stm32l/stm32l1xx_tim.o
                0x0000000008005490                TIM_ITConfig
 .text.TIM_GetITStatus
                0x00000000080054a4       0x18 build_arm_cortex_m3_base_application_stm32l/stm32l1xx_tim.o
                0x00000000080054a4                TIM_GetITStatus
 .text.TIM_ClearITPendingBit
                0x00000000080054bc        0x8 build_arm_cortex_m3_base_application_stm32l/stm32l1xx_tim.o
                0x00000000080054bc                TIM_ClearITPendingBit
 .text.ADC_Init
                0x00000000080054c4       0x4c build_arm_cortex_m3_base_application_stm32l/stm32l1xx_adc.o
                0x00000000080054c4                ADC_Init
 .text.ADC_Cmd  0x0000000008005510       0x14 build_arm_cortex_m3_base_application_stm32l/stm32l1xx_adc.o
                0x0000000008005510                ADC_Cmd
 .text.FLASH_Unlock
                0x0000000008005524       0x38 build_arm_cortex_m3_base_application_stm32l/stm32l1xx_flash.o
                0x0000000008005524                FLASH_Unlock
 .text.FLASH_Lock
                0x000000000800555c       0x10 build_arm_cortex_m3_base_application_stm32l/stm32l1xx_flash.o
                0x000000000800555c                FLASH_Lock
 .text.DATA_EEPROM_Unlock
                0x000000000800556c       0x20 build_arm_cortex_m3_base_application_stm32l/stm32l1xx_flash.o
                0x000000000800556c                DATA_EEPROM_Unlock
 .text.DATA_EEPROM_Lock
                0x000000000800558c       0x10 build_arm_cortex_m3_base_application_stm32l/stm32l1xx_flash.o
                0x000000000800558c                DATA_EEPROM_Lock
 .text.FLASH_ClearFlag
                0x000000000800559c        0xc build_arm_cortex_m3_base_application_stm32l/stm32l1xx_flash.o
                0x000000000800559c                FLASH_ClearFlag
 .text.FLASH_GetStatus
                0x00000000080055a8       0x28 build_arm_cortex_m3_base_application_stm32l/stm32l1xx_flash.o
                0x00000000080055a8                FLASH_GetStatus
 .text.FLASH_WaitForLastOperation
                0x00000000080055d0       0x48 build_arm_cortex_m3_base_application_stm32l/stm32l1xx_flash.o
                0x00000000080055d0                FLASH_WaitForLastOperation
 .text.FLASH_ErasePage
                0x0000000008005618       0x48 build_arm_cortex_m3_base_application_stm32l/stm32l1xx_flash.o
                0x0000000008005618                FLASH_ErasePage
 .text.FLASH_FastProgramWord
                0x0000000008005660       0x24 build_arm_cortex_m3_base_application_stm32l/stm32l1xx_flash.o
                0x0000000008005660                FLASH_FastProgramWord
 .text.DATA_EEPROM_FastProgramWord
                0x0000000008005684       0x30 build_arm_cortex_m3_base_application_stm32l/stm32l1xx_flash.o
                0x0000000008005684                DATA_EEPROM_FastProgramWord
 .text.DATA_EEPROM_ProgramByte
                0x00000000080056b4       0x54 build_arm_cortex_m3_base_application_stm32l/stm32l1xx_flash.o
                0x00000000080056b4                DATA_EEPROM_ProgramByte
 .text.IWDG_WriteAccessCmd
                0x0000000008005708        0xc build_arm_cortex_m3_base_application_stm32l/stm32l1xx_iwdg.o
                0x0000000008005708                IWDG_WriteAccessCmd
 .text.IWDG_SetPrescaler
                0x0000000008005714        0xc build_arm_cortex_m3_base_application_stm32l/stm32l1xx_iwdg.o
                0x0000000008005714                IWDG_SetPrescaler
 .text.IWDG_SetReload
                0x0000000008005720        0xc build_arm_cortex_m3_base_application_stm32l/stm32l1xx_iwdg.o
                0x0000000008005720                IWDG_SetReload
 .text.IWDG_ReloadCounter
                0x000000000800572c       0x10 build_arm_cortex_m3_base_application_stm32l/stm32l1xx_iwdg.o
                0x000000000800572c                IWDG_ReloadCounter
 .text.IWDG_Enable
                0x000000000800573c       0x10 build_arm_cortex_m3_base_application_stm32l/stm32l1xx_iwdg.o
                0x000000000800573c                IWDG_Enable
 .text.I2C_SendData
                0x000000000800574c        0x4 build_arm_cortex_m3_base_application_stm32l/stm32l1xx_i2c.o
                0x000000000800574c                I2C_SendData
 .text.I2C_CheckEvent
                0x0000000008005750       0x18 build_arm_cortex_m3_base_application_stm32l/stm32l1xx_i2c.o
                0x0000000008005750                I2C_CheckEvent
 .text.disable_interrupts
                0x0000000008005768       0x10 build_arm_cortex_m3_base_application_stm32l/platform.o
                0x0000000008005768                disable_interrupts
 .text.entry_critical
                0x0000000008005778       0x14 build_arm_cortex_m3_base_application_stm32l/platform.o
                0x0000000008005778                entry_critical
 .text.exit_critical
                0x000000000800578c       0x2c build_arm_cortex_m3_base_application_stm32l/platform.o
                0x000000000800578c                exit_critical
 .text.get_nest_entry_critical_counter
                0x00000000080057b8        0xc build_arm_cortex_m3_base_application_stm32l/platform.o
                0x00000000080057b8                get_nest_entry_critical_counter
 .text.svc_handler
                0x00000000080057c4       0x14 build_arm_cortex_m3_base_application_stm32l/system.o
                0x00000000080057c4                svc_handler
 .text.pendsv_handler
                0x00000000080057d8       0x14 build_arm_cortex_m3_base_application_stm32l/system.o
                0x00000000080057d8                pendsv_handler
 .text.default_handler
                0x00000000080057ec       0x18 build_arm_cortex_m3_base_application_stm32l/system.o
                0x00000000080057ec                default_handler
                0x00000000080057ec                dg_monitor_handler
 .text.nmi_handler
                0x0000000008005804       0x18 build_arm_cortex_m3_base_application_stm32l/system.o
                0x0000000008005804                nmi_handler
 .text.hard_fault_handler
                0x000000000800581c       0x18 build_arm_cortex_m3_base_application_stm32l/system.o
                0x000000000800581c                hard_fault_handler
 .text.mem_manage_handler
                0x0000000008005834       0x18 build_arm_cortex_m3_base_application_stm32l/system.o
                0x0000000008005834                mem_manage_handler
 .text.bus_fault_handler
                0x000000000800584c       0x18 build_arm_cortex_m3_base_application_stm32l/system.o
                0x000000000800584c                bus_fault_handler
 .text.usage_fault_handler
                0x0000000008005864       0x18 build_arm_cortex_m3_base_application_stm32l/system.o
                0x0000000008005864                usage_fault_handler
 .text.systick_handler
                0x000000000800587c       0x48 build_arm_cortex_m3_base_application_stm32l/system.o
                0x000000000800587c                systick_handler
 .text.usb_lp_irq
                0x00000000080058c4       0x10 build_arm_cortex_m3_base_application_stm32l/system.o
                0x00000000080058c4                usb_lp_irq
 .text.shell_handler
                0x00000000080058d4       0x84 build_arm_cortex_m3_base_application_stm32l/system.o
                0x00000000080058d4                shell_handler
 .text.exti_line1_irq
                0x0000000008005958       0x20 build_arm_cortex_m3_base_application_stm32l/system.o
                0x0000000008005958                exti_line1_irq
 .text.timer7_irq
                0x0000000008005978       0x24 build_arm_cortex_m3_base_application_stm32l/system.o
                0x0000000008005978                timer7_irq
 .text.sys_ctrl_delay
                0x000000000800599c        0xc build_arm_cortex_m3_base_application_stm32l/system.o
                0x000000000800599c                sys_ctrl_delay
 .text.reset_handler
                0x00000000080059a8       0xf8 build_arm_cortex_m3_base_application_stm32l/system.o
                0x00000000080059a8                reset_handler
 .text._init    0x0000000008005aa0        0x4 build_arm_cortex_m3_base_application_stm32l/system.o
                0x0000000008005aa0                _init
 .text.svc_exe  0x0000000008005aa4       0x20 build_arm_cortex_m3_base_application_stm32l/system.o
                0x0000000008005aa4                svc_exe
 .text.pendsv_exe
                0x0000000008005ac4       0x10 build_arm_cortex_m3_base_application_stm32l/system.o
                0x0000000008005ac4                pendsv_exe
 .text.xputchar
                0x0000000008005ad4       0x44 build_arm_cortex_m3_base_application_stm32l/sys_cfg.o
 .text.sys_cfg_clock
                0x0000000008005b18       0x24 build_arm_cortex_m3_base_application_stm32l/sys_cfg.o
                0x0000000008005b18                sys_cfg_clock
 .text.sys_cfg_tick
                0x0000000008005b3c       0x4c build_arm_cortex_m3_base_application_stm32l/sys_cfg.o
                0x0000000008005b3c                sys_cfg_tick
 .text.sys_cfg_console
                0x0000000008005b88       0xd8 build_arm_cortex_m3_base_application_stm32l/sys_cfg.o
                0x0000000008005b88                sys_cfg_console
 .text.sys_cfg_svc
                0x0000000008005c60       0x1c build_arm_cortex_m3_base_application_stm32l/sys_cfg.o
                0x0000000008005c60                sys_cfg_svc
 .text.sys_cfg_pendsv
                0x0000000008005c7c       0x1c build_arm_cortex_m3_base_application_stm32l/sys_cfg.o
                0x0000000008005c7c                sys_cfg_pendsv
 .text.sys_cfg_update_info
                0x0000000008005c98       0xf8 build_arm_cortex_m3_base_application_stm32l/sys_cfg.o
                0x0000000008005c98                sys_cfg_update_info
 .text.sys_ctrl_shell_put_char
                0x0000000008005d90       0x44 build_arm_cortex_m3_base_application_stm32l/sys_cfg.o
                0x0000000008005d90                sys_ctrl_shell_put_char
 .text.sys_ctrl_shell_get_char
                0x0000000008005dd4       0x40 build_arm_cortex_m3_base_application_stm32l/sys_cfg.o
                0x0000000008005dd4                sys_ctrl_shell_get_char
 .text.sys_ctrl_reset
                0x0000000008005e14       0x20 build_arm_cortex_m3_base_application_stm32l/sys_cfg.o
                0x0000000008005e14                sys_ctrl_reset
 .text.sys_ctrl_delay_us
                0x0000000008005e34       0x28 build_arm_cortex_m3_base_application_stm32l/sys_cfg.o
                0x0000000008005e34                sys_ctrl_delay_us
 .text.sys_ctrl_delay_ms
                0x0000000008005e5c       0x38 build_arm_cortex_m3_base_application_stm32l/sys_cfg.o
                0x0000000008005e5c                sys_ctrl_delay_ms
 .text.sys_ctr_sleep_wait_for_irq
                0x0000000008005e94       0x20 build_arm_cortex_m3_base_application_stm32l/sys_cfg.o
                0x0000000008005e94                sys_ctr_sleep_wait_for_irq
 .text.sys_ctrl_independent_watchdog_init
                0x0000000008005eb4       0x30 build_arm_cortex_m3_base_application_stm32l/sys_cfg.o
                0x0000000008005eb4                sys_ctrl_independent_watchdog_init
 .text.sys_ctrl_independent_watchdog_reset
                0x0000000008005ee4       0x14 build_arm_cortex_m3_base_application_stm32l/sys_cfg.o
                0x0000000008005ee4                sys_ctrl_independent_watchdog_reset
 .text.sys_ctrl_soft_watchdog_init
                0x0000000008005ef8       0x60 build_arm_cortex_m3_base_application_stm32l/sys_cfg.o
                0x0000000008005ef8                sys_ctrl_soft_watchdog_init
 .text.sys_ctrl_soft_watchdog_reset
                0x0000000008005f58       0x18 build_arm_cortex_m3_base_application_stm32l/sys_cfg.o
                0x0000000008005f58                sys_ctrl_soft_watchdog_reset
 .text.sys_ctrl_soft_watchdog_increase_counter
                0x0000000008005f70       0x3c build_arm_cortex_m3_base_application_stm32l/sys_cfg.o
                0x0000000008005f70                sys_ctrl_soft_watchdog_increase_counter
 .text.sys_ctrl_get_firmware_info
                0x0000000008005fac       0x4c build_arm_cortex_m3_base_application_stm32l/sys_cfg.o
                0x0000000008005fac                sys_ctrl_get_firmware_info
 .text.ak_irq_io_entry_trigger
                0x0000000008005ff8        0x4 build_arm_cortex_m3_base_application_stm32l/sys_cfg.o
                0x0000000008005ff8                ak_irq_io_entry_trigger
 .text.ak_irq_io_exit_trigger
                0x0000000008005ffc        0x4 build_arm_cortex_m3_base_application_stm32l/sys_cfg.o
                0x0000000008005ffc                ak_irq_io_exit_trigger
 .text.io_button_mode_init
                0x0000000008006000       0x28 build_arm_cortex_m3_base_application_stm32l/io_cfg.o
                0x0000000008006000                io_button_mode_init
 .text.io_button_up_init
                0x0000000008006028       0x28 build_arm_cortex_m3_base_application_stm32l/io_cfg.o
                0x0000000008006028                io_button_up_init
 .text.io_button_down_init
                0x0000000008006050       0x2c build_arm_cortex_m3_base_application_stm32l/io_cfg.o
                0x0000000008006050                io_button_down_init
 .text.io_button_mode_read
                0x000000000800607c        0xc build_arm_cortex_m3_base_application_stm32l/io_cfg.o
                0x000000000800607c                io_button_mode_read
 .text.io_button_up_read
                0x0000000008006088        0xc build_arm_cortex_m3_base_application_stm32l/io_cfg.o
                0x0000000008006088                io_button_up_read
 .text.io_button_down_read
                0x0000000008006094       0x10 build_arm_cortex_m3_base_application_stm32l/io_cfg.o
                0x0000000008006094                io_button_down_read
 .text.led_life_init
                0x00000000080060a4       0x2c build_arm_cortex_m3_base_application_stm32l/io_cfg.o
                0x00000000080060a4                led_life_init
 .text.led_life_on
                0x00000000080060d0       0x10 build_arm_cortex_m3_base_application_stm32l/io_cfg.o
                0x00000000080060d0                led_life_on
 .text.led_life_off
                0x00000000080060e0       0x10 build_arm_cortex_m3_base_application_stm32l/io_cfg.o
                0x00000000080060e0                led_life_off
 .text.nrf24l01_io_ctrl_init
                0x00000000080060f0       0x94 build_arm_cortex_m3_base_application_stm32l/io_cfg.o
                0x00000000080060f0                nrf24l01_io_ctrl_init
 .text.nrf24l01_spi_ctrl_init
                0x0000000008006184       0xa0 build_arm_cortex_m3_base_application_stm32l/io_cfg.o
                0x0000000008006184                nrf24l01_spi_ctrl_init
 .text.nrf24l01_ce_low
                0x0000000008006224       0x10 build_arm_cortex_m3_base_application_stm32l/io_cfg.o
                0x0000000008006224                nrf24l01_ce_low
 .text.nrf24l01_ce_high
                0x0000000008006234       0x10 build_arm_cortex_m3_base_application_stm32l/io_cfg.o
                0x0000000008006234                nrf24l01_ce_high
 .text.nrf24l01_csn_low
                0x0000000008006244       0x10 build_arm_cortex_m3_base_application_stm32l/io_cfg.o
                0x0000000008006244                nrf24l01_csn_low
 .text.nrf24l01_csn_high
                0x0000000008006254       0x10 build_arm_cortex_m3_base_application_stm32l/io_cfg.o
                0x0000000008006254                nrf24l01_csn_high
 .text.nrf24l01_spi_rw
                0x0000000008006264       0xa4 build_arm_cortex_m3_base_application_stm32l/io_cfg.o
                0x0000000008006264                nrf24l01_spi_rw
 .text.flash_io_ctrl_init
                0x0000000008006308       0x2c build_arm_cortex_m3_base_application_stm32l/io_cfg.o
                0x0000000008006308                flash_io_ctrl_init
 .text.flash_cs_low
                0x0000000008006334       0x10 build_arm_cortex_m3_base_application_stm32l/io_cfg.o
                0x0000000008006334                flash_cs_low
 .text.flash_cs_high
                0x0000000008006344       0x10 build_arm_cortex_m3_base_application_stm32l/io_cfg.o
                0x0000000008006344                flash_cs_high
 .text.flash_transfer
                0x0000000008006354       0xa4 build_arm_cortex_m3_base_application_stm32l/io_cfg.o
                0x0000000008006354                flash_transfer
 .text.sht1x_clk_input_mode
                0x00000000080063f8       0x2c build_arm_cortex_m3_base_application_stm32l/io_cfg.o
                0x00000000080063f8                sht1x_clk_input_mode
 .text.sht1x_clk_output_mode
                0x0000000008006424       0x2c build_arm_cortex_m3_base_application_stm32l/io_cfg.o
                0x0000000008006424                sht1x_clk_output_mode
 .text.sht1x_clk_digital_write_low
                0x0000000008006450       0x10 build_arm_cortex_m3_base_application_stm32l/io_cfg.o
                0x0000000008006450                sht1x_clk_digital_write_low
 .text.sht1x_clk_digital_write_high
                0x0000000008006460       0x10 build_arm_cortex_m3_base_application_stm32l/io_cfg.o
                0x0000000008006460                sht1x_clk_digital_write_high
 .text.sht1x_data_input_mode
                0x0000000008006470       0x2c build_arm_cortex_m3_base_application_stm32l/io_cfg.o
                0x0000000008006470                sht1x_data_input_mode
 .text.sht1x_data_output_mode
                0x000000000800649c       0x2c build_arm_cortex_m3_base_application_stm32l/io_cfg.o
                0x000000000800649c                sht1x_data_output_mode
 .text.sht1x_data_digital_write_low
                0x00000000080064c8       0x10 build_arm_cortex_m3_base_application_stm32l/io_cfg.o
                0x00000000080064c8                sht1x_data_digital_write_low
 .text.sht1x_data_digital_write_high
                0x00000000080064d8       0x10 build_arm_cortex_m3_base_application_stm32l/io_cfg.o
                0x00000000080064d8                sht1x_data_digital_write_high
 .text.ds1302_ce_input_mode
                0x00000000080064e8       0x28 build_arm_cortex_m3_base_application_stm32l/io_cfg.o
                0x00000000080064e8                ds1302_ce_input_mode
 .text.ds1302_ce_output_mode
                0x0000000008006510       0x2c build_arm_cortex_m3_base_application_stm32l/io_cfg.o
                0x0000000008006510                ds1302_ce_output_mode
 .text.ds1302_ce_digital_write_low
                0x000000000800653c        0xc build_arm_cortex_m3_base_application_stm32l/io_cfg.o
                0x000000000800653c                ds1302_ce_digital_write_low
 .text.ds1302_ce_digital_write_high
                0x0000000008006548        0xc build_arm_cortex_m3_base_application_stm32l/io_cfg.o
                0x0000000008006548                ds1302_ce_digital_write_high
 .text.ds1302_clk_input_mode
                0x0000000008006554       0x28 build_arm_cortex_m3_base_application_stm32l/io_cfg.o
                0x0000000008006554                ds1302_clk_input_mode
 .text.ds1302_clk_output_mode
                0x000000000800657c       0x2c build_arm_cortex_m3_base_application_stm32l/io_cfg.o
                0x000000000800657c                ds1302_clk_output_mode
 .text.ds1302_clk_digital_write_low
                0x00000000080065a8       0x10 build_arm_cortex_m3_base_application_stm32l/io_cfg.o
                0x00000000080065a8                ds1302_clk_digital_write_low
 .text.ds1302_clk_digital_write_high
                0x00000000080065b8       0x10 build_arm_cortex_m3_base_application_stm32l/io_cfg.o
                0x00000000080065b8                ds1302_clk_digital_write_high
 .text.ds1302_data_input_mode
                0x00000000080065c8       0x28 build_arm_cortex_m3_base_application_stm32l/io_cfg.o
                0x00000000080065c8                ds1302_data_input_mode
 .text.ds1302_data_output_mode
                0x00000000080065f0       0x28 build_arm_cortex_m3_base_application_stm32l/io_cfg.o
                0x00000000080065f0                ds1302_data_output_mode
 .text.ds1302_data_digital_write_low
                0x0000000008006618        0xc build_arm_cortex_m3_base_application_stm32l/io_cfg.o
                0x0000000008006618                ds1302_data_digital_write_low
 .text.ds1302_data_digital_write_high
                0x0000000008006624        0xc build_arm_cortex_m3_base_application_stm32l/io_cfg.o
                0x0000000008006624                ds1302_data_digital_write_high
 .text.io_cfg_adc1
                0x0000000008006630       0x4c build_arm_cortex_m3_base_application_stm32l/io_cfg.o
                0x0000000008006630                io_cfg_adc1
 .text.adc_ct_io_cfg
                0x000000000800667c       0x2c build_arm_cortex_m3_base_application_stm32l/io_cfg.o
                0x000000000800667c                adc_ct_io_cfg
 .text.adc_thermistor_io_cfg
                0x00000000080066a8       0x2c build_arm_cortex_m3_base_application_stm32l/io_cfg.o
                0x00000000080066a8                adc_thermistor_io_cfg
 .text.ssd1306_clk_input_mode
                0x00000000080066d4       0x2c build_arm_cortex_m3_base_application_stm32l/io_cfg.o
                0x00000000080066d4                ssd1306_clk_input_mode
 .text.ssd1306_clk_output_mode
                0x0000000008006700       0x2c build_arm_cortex_m3_base_application_stm32l/io_cfg.o
                0x0000000008006700                ssd1306_clk_output_mode
 .text.ssd1306_clk_digital_write_low
                0x000000000800672c       0x10 build_arm_cortex_m3_base_application_stm32l/io_cfg.o
                0x000000000800672c                ssd1306_clk_digital_write_low
 .text.ssd1306_clk_digital_write_high
                0x000000000800673c       0x10 build_arm_cortex_m3_base_application_stm32l/io_cfg.o
                0x000000000800673c                ssd1306_clk_digital_write_high
 .text.ssd1306_data_input_mode
                0x000000000800674c       0x2c build_arm_cortex_m3_base_application_stm32l/io_cfg.o
                0x000000000800674c                ssd1306_data_input_mode
 .text.ssd1306_data_output_mode
                0x0000000008006778       0x2c build_arm_cortex_m3_base_application_stm32l/io_cfg.o
                0x0000000008006778                ssd1306_data_output_mode
 .text.ssd1306_data_digital_write_low
                0x00000000080067a4       0x10 build_arm_cortex_m3_base_application_stm32l/io_cfg.o
                0x00000000080067a4                ssd1306_data_digital_write_low
 .text.ssd1306_data_digital_write_high
                0x00000000080067b4       0x10 build_arm_cortex_m3_base_application_stm32l/io_cfg.o
                0x00000000080067b4                ssd1306_data_digital_write_high
 .text.io_eeprom_read
                0x00000000080067c4       0x34 build_arm_cortex_m3_base_application_stm32l/io_cfg.o
                0x00000000080067c4                io_eeprom_read
 .text.io_eeprom_erase
                0x00000000080067f8       0x54 build_arm_cortex_m3_base_application_stm32l/io_cfg.o
                0x00000000080067f8                io_eeprom_erase
 .text.internal_flash_unlock
                0x000000000800684c       0x14 build_arm_cortex_m3_base_application_stm32l/io_cfg.o
                0x000000000800684c                internal_flash_unlock
 .text.internal_flash_lock
                0x0000000008006860        0x4 build_arm_cortex_m3_base_application_stm32l/io_cfg.o
                0x0000000008006860                internal_flash_lock
 .text.internal_flash_erase_pages_cal
                0x0000000008006864       0x2c build_arm_cortex_m3_base_application_stm32l/io_cfg.o
                0x0000000008006864                internal_flash_erase_pages_cal
 .text.internal_flash_write_cal
                0x0000000008006890       0x64 build_arm_cortex_m3_base_application_stm32l/io_cfg.o
                0x0000000008006890                internal_flash_write_cal
 .text.SystemInit
                0x00000000080068f4      0x11c build_arm_cortex_m3_base_application_stm32l/system_stm32l1xx.o
                0x00000000080068f4                SystemInit
 .text.SystemCoreClockUpdate
                0x0000000008006a10       0x8c build_arm_cortex_m3_base_application_stm32l/system_stm32l1xx.o
                0x0000000008006a10                SystemCoreClockUpdate
 .text.main_app
                0x0000000008006a9c      0x164 build_arm_cortex_m3_base_application_stm32l/app.o
                0x0000000008006a9c                main_app
 .text.sys_irq_timer_10ms
                0x0000000008006c00       0x24 build_arm_cortex_m3_base_application_stm32l/app.o
                0x0000000008006c00                sys_irq_timer_10ms
 .text.sys_irq_usb_recv
                0x0000000008006c24        0x4 build_arm_cortex_m3_base_application_stm32l/app.o
                0x0000000008006c24                sys_irq_usb_recv
 .text._Z17btn_mode_callbackPv
                0x0000000008006c28       0x10 build_arm_cortex_m3_base_application_stm32l/app_bsp.o
                0x0000000008006c28                btn_mode_callback(void*)
 .text._Z15btn_up_callbackPv
                0x0000000008006c38        0x4 build_arm_cortex_m3_base_application_stm32l/app_bsp.o
                0x0000000008006c38                btn_up_callback(void*)
 .text._Z17btn_down_callbackPv
                0x0000000008006c3c        0x4 build_arm_cortex_m3_base_application_stm32l/app_bsp.o
                0x0000000008006c3c                btn_down_callback(void*)
 .text.rf_printf
                0x0000000008006c40        0x4 build_arm_cortex_m3_base_application_stm32l/rf_remote_ctrl.o
                0x0000000008006c40                rf_printf
 .text._ZL9shell_epiPh
                0x0000000008006c44        0x4 build_arm_cortex_m3_base_application_stm32l/shell.o
 .text._ZL9shell_psvPh
                0x0000000008006c48       0x14 build_arm_cortex_m3_base_application_stm32l/shell.o
 .text._ZL10shell_helpPh
                0x0000000008006c5c       0x30 build_arm_cortex_m3_base_application_stm32l/shell.o
 .text._ZL9shell_dbgPh
                0x0000000008006c8c      0x148 build_arm_cortex_m3_base_application_stm32l/shell.o
 .text._ZL9shell_svcPh
                0x0000000008006dd4       0x10 build_arm_cortex_m3_base_application_stm32l/shell.o
 .text._ZL9shell_fwuPh
                0x0000000008006de4       0x34 build_arm_cortex_m3_base_application_stm32l/shell.o
 .text._ZL10str_parserPc
                0x0000000008006e18       0x84 build_arm_cortex_m3_base_application_stm32l/shell.o
 .text._ZL11shell_flashPh
                0x0000000008006e9c      0x198 build_arm_cortex_m3_base_application_stm32l/shell.o
 .text._ZL9shell_epsPh
                0x0000000008007034       0xec build_arm_cortex_m3_base_application_stm32l/shell.o
 .text._ZL9shell_sttPh
                0x0000000008007120       0x34 build_arm_cortex_m3_base_application_stm32l/shell.o
 .text._ZL11shell_fatalPh
                0x0000000008007154      0x318 build_arm_cortex_m3_base_application_stm32l/shell.o
 .text._ZL9shell_ramPh
                0x000000000800746c      0x240 build_arm_cortex_m3_base_application_stm32l/shell.o
 .text._ZL12shell_rebootPh
                0x00000000080076ac       0x10 build_arm_cortex_m3_base_application_stm32l/shell.o
 .text._ZL9shell_verPh
                0x00000000080076bc       0xe8 build_arm_cortex_m3_base_application_stm32l/shell.o
 .text._ZL11shell_resetPh
                0x00000000080077a4       0x10 build_arm_cortex_m3_base_application_stm32l/shell.o
 .text._ZL10shell_bootPh
                0x00000000080077b4       0xec build_arm_cortex_m3_base_application_stm32l/shell.o
 .text._ZL9shell_lcdPh
                0x00000000080078a0      0x100 build_arm_cortex_m3_base_application_stm32l/shell.o
 .text.sys_irq_shell
                0x00000000080079a0       0xb8 build_arm_cortex_m3_base_application_stm32l/task_shell.o
                0x00000000080079a0                sys_irq_shell
 .text._Z10task_shellP8ak_msg_t
                0x0000000008007a58       0xb0 build_arm_cortex_m3_base_application_stm32l/task_shell.o
                0x0000000008007a58                task_shell(ak_msg_t*)
 .text._Z9task_lifeP8ak_msg_t
                0x0000000008007b08       0x20 build_arm_cortex_m3_base_application_stm32l/task_life.o
                0x0000000008007b08                task_life(ak_msg_t*)
 .text._Z7task_fwP8ak_msg_t
                0x0000000008007b28      0x3fc build_arm_cortex_m3_base_application_stm32l/task_fw.o
                0x0000000008007b28                task_fw(ak_msg_t*)
 .text._Z12task_displayP8ak_msg_t
                0x0000000008007f24       0xd8 build_arm_cortex_m3_base_application_stm32l/task_display.o
                0x0000000008007f24                task_display(ak_msg_t*)
 .text._Z7task_ifP8ak_msg_t
                0x0000000008007ffc       0x9c build_arm_cortex_m3_base_application_stm32l/task_if.o
                0x0000000008007ffc                task_if(ak_msg_t*)
 .text._Z12task_rf24_ifP8ak_msg_t
                0x0000000008008098       0x98 build_arm_cortex_m3_base_application_stm32l/task_rf24_if.o
                0x0000000008008098                task_rf24_if(ak_msg_t*)
 .text._Z12task_uart_ifP8ak_msg_t
                0x0000000008008130       0x90 build_arm_cortex_m3_base_application_stm32l/task_uart_if.o
                0x0000000008008130                task_uart_if(ak_msg_t*)
 .text._Z8task_dbgP8ak_msg_t
                0x00000000080081c0       0xe4 build_arm_cortex_m3_base_application_stm32l/task_dbg.o
                0x00000000080081c0                task_dbg(ak_msg_t*)
 .text.startup._GLOBAL__sub_I_view_render
                0x00000000080082a4        0xc build_arm_cortex_m3_base_application_stm32l/view_render.o
 .text.exit._GLOBAL__sub_D_view_render
                0x00000000080082b0        0xc build_arm_cortex_m3_base_application_stm32l/view_render.o
 .text._ZN12Adafruit_GFX8drawLineEsssst
                0x00000000080082bc       0xd4 build_arm_cortex_m3_base_application_stm32l/Adafruit_GFX.o
                0x00000000080082bc                Adafruit_GFX::drawLine(short, short, short, short, unsigned short)
 .text._ZN12Adafruit_GFX8drawRectEsssst
                0x0000000008008390       0x68 build_arm_cortex_m3_base_application_stm32l/Adafruit_GFX.o
                0x0000000008008390                Adafruit_GFX::drawRect(short, short, short, short, unsigned short)
 .text._ZN12Adafruit_GFX13drawFastVLineEssst
                0x00000000080083f8       0x20 build_arm_cortex_m3_base_application_stm32l/Adafruit_GFX.o
                0x00000000080083f8                Adafruit_GFX::drawFastVLine(short, short, short, unsigned short)
 .text._ZN12Adafruit_GFX13drawFastHLineEssst
                0x0000000008008418       0x1c build_arm_cortex_m3_base_application_stm32l/Adafruit_GFX.o
                0x0000000008008418                Adafruit_GFX::drawFastHLine(short, short, short, unsigned short)
 .text._ZN12Adafruit_GFX8fillRectEsssst
                0x0000000008008434       0x3c build_arm_cortex_m3_base_application_stm32l/Adafruit_GFX.o
                0x0000000008008434                Adafruit_GFX::fillRect(short, short, short, short, unsigned short)
 .text._ZN12Adafruit_GFX10fillScreenEt
                0x0000000008008470       0x20 build_arm_cortex_m3_base_application_stm32l/Adafruit_GFX.o
                0x0000000008008470                Adafruit_GFX::fillScreen(unsigned short)
 .text._ZN12Adafruit_GFX13invertDisplayEb
                0x0000000008008490        0x4 build_arm_cortex_m3_base_application_stm32l/Adafruit_GFX.o
                0x0000000008008490                Adafruit_GFX::invertDisplay(bool)
 .text._ZN12Adafruit_GFXC2Ess
                0x0000000008008494       0x28 build_arm_cortex_m3_base_application_stm32l/Adafruit_GFX.o
                0x0000000008008494                Adafruit_GFX::Adafruit_GFX(short, short)
                0x0000000008008494                Adafruit_GFX::Adafruit_GFX(short, short)
 .text._ZN12Adafruit_GFX8drawCharEsshtth
                0x00000000080084bc      0x108 build_arm_cortex_m3_base_application_stm32l/Adafruit_GFX.o
                0x00000000080084bc                Adafruit_GFX::drawChar(short, short, unsigned char, unsigned short, unsigned short, unsigned char)
 .text._ZN12Adafruit_GFX5writeEh
                0x00000000080085c4       0x74 build_arm_cortex_m3_base_application_stm32l/Adafruit_GFX.o
                0x00000000080085c4                Adafruit_GFX::write(unsigned char)
 .text._ZN12Adafruit_GFX9setCursorEss
                0x0000000008008638        0x8 build_arm_cortex_m3_base_application_stm32l/Adafruit_GFX.o
                0x0000000008008638                Adafruit_GFX::setCursor(short, short)
 .text._ZN12Adafruit_GFX11setTextSizeEh
                0x0000000008008640        0xc build_arm_cortex_m3_base_application_stm32l/Adafruit_GFX.o
                0x0000000008008640                Adafruit_GFX::setTextSize(unsigned char)
 .text._ZN12Adafruit_GFX12setTextColorEt
                0x000000000800864c        0x8 build_arm_cortex_m3_base_application_stm32l/Adafruit_GFX.o
                0x000000000800864c                Adafruit_GFX::setTextColor(unsigned short)
 .text._ZN12Adafruit_GFX5widthEv
                0x0000000008008654        0x8 build_arm_cortex_m3_base_application_stm32l/Adafruit_GFX.o
                0x0000000008008654                Adafruit_GFX::width()
 .text._ZN12Adafruit_GFX6heightEv
                0x000000000800865c        0x8 build_arm_cortex_m3_base_application_stm32l/Adafruit_GFX.o
                0x000000000800865c                Adafruit_GFX::height()
 .text._ZN19Adafruit_ssd1306syp9updateRowEii
                0x0000000008008664       0x20 build_arm_cortex_m3_base_application_stm32l/Adafruit_ssd1306syp.o
                0x0000000008008664                Adafruit_ssd1306syp::updateRow(int, int)
 .text._ZN19Adafruit_ssd1306syp9drawPixelEsst
                0x0000000008008684       0x70 build_arm_cortex_m3_base_application_stm32l/Adafruit_ssd1306syp.o
                0x0000000008008684                Adafruit_ssd1306syp::drawPixel(short, short, unsigned short)
 .text._ZN19Adafruit_ssd1306sypC2Ev
                0x00000000080086f4       0x24 build_arm_cortex_m3_base_application_stm32l/Adafruit_ssd1306syp.o
                0x00000000080086f4                Adafruit_ssd1306syp::Adafruit_ssd1306syp()
                0x00000000080086f4                Adafruit_ssd1306syp::Adafruit_ssd1306syp()
 .text._ZN19Adafruit_ssd1306sypD2Ev
                0x0000000008008718        0x4 build_arm_cortex_m3_base_application_stm32l/Adafruit_ssd1306syp.o
                0x0000000008008718                Adafruit_ssd1306syp::~Adafruit_ssd1306syp()
                0x0000000008008718                Adafruit_ssd1306syp::~Adafruit_ssd1306syp()
 .text._ZN19Adafruit_ssd1306syp5clearEb
                0x000000000800871c       0x24 build_arm_cortex_m3_base_application_stm32l/Adafruit_ssd1306syp.o
                0x000000000800871c                Adafruit_ssd1306syp::clear(bool)
 .text._ZN19Adafruit_ssd1306syp9writeByteEh
                0x0000000008008740       0x54 build_arm_cortex_m3_base_application_stm32l/Adafruit_ssd1306syp.o
                0x0000000008008740                Adafruit_ssd1306syp::writeByte(unsigned char)
 .text._ZN19Adafruit_ssd1306syp8startIICEv
                0x0000000008008794       0x2c build_arm_cortex_m3_base_application_stm32l/Adafruit_ssd1306syp.o
                0x0000000008008794                Adafruit_ssd1306syp::startIIC()
 .text._ZN19Adafruit_ssd1306syp7stopIICEv
                0x00000000080087c0       0x2c build_arm_cortex_m3_base_application_stm32l/Adafruit_ssd1306syp.o
                0x00000000080087c0                Adafruit_ssd1306syp::stopIIC()
 .text._ZN19Adafruit_ssd1306syp12writeCommandEh
                0x00000000080087ec       0x2c build_arm_cortex_m3_base_application_stm32l/Adafruit_ssd1306syp.o
                0x00000000080087ec                Adafruit_ssd1306syp::writeCommand(unsigned char)
 .text._ZN19Adafruit_ssd1306syp10initializeEv
                0x0000000008008818      0x104 build_arm_cortex_m3_base_application_stm32l/Adafruit_ssd1306syp.o
                0x0000000008008818                Adafruit_ssd1306syp::initialize()
 .text._ZN19Adafruit_ssd1306syp10display_onEv
                0x000000000800891c        0x8 build_arm_cortex_m3_base_application_stm32l/Adafruit_ssd1306syp.o
                0x000000000800891c                Adafruit_ssd1306syp::display_on()
 .text._ZN19Adafruit_ssd1306syp11display_offEv
                0x0000000008008924        0x8 build_arm_cortex_m3_base_application_stm32l/Adafruit_ssd1306syp.o
                0x0000000008008924                Adafruit_ssd1306syp::display_off()
 .text._ZN19Adafruit_ssd1306syp17startDataSequenceEv
                0x000000000800892c       0x1c build_arm_cortex_m3_base_application_stm32l/Adafruit_ssd1306syp.o
                0x000000000800892c                Adafruit_ssd1306syp::startDataSequence()
 .text._ZN19Adafruit_ssd1306syp6updateEv
                0x0000000008008948       0x50 build_arm_cortex_m3_base_application_stm32l/Adafruit_ssd1306syp.o
                0x0000000008008948                Adafruit_ssd1306syp::update()
 .text._ZN19Adafruit_ssd1306syp9updateRowEi
                0x0000000008008998       0x70 build_arm_cortex_m3_base_application_stm32l/Adafruit_ssd1306syp.o
                0x0000000008008998                Adafruit_ssd1306syp::updateRow(int)
 .text.eeprom_read
                0x0000000008008a08        0x4 build_arm_cortex_m3_base_application_stm32l/eeprom.o
                0x0000000008008a08                eeprom_read
 .text.eeprom_erase
                0x0000000008008a0c        0x4 build_arm_cortex_m3_base_application_stm32l/eeprom.o
                0x0000000008008a0c                eeprom_erase
 .text.startup._GLOBAL__sub_I__ZN9DhcpClass13beginWithDHCPEPhmm
                0x0000000008008a10       0x1c build_arm_cortex_m3_base_application_stm32l/Dhcp.o
 .text.startup._GLOBAL__sub_I__ZN9DNSClient5beginERK9IPAddress
                0x0000000008008a2c       0x1c build_arm_cortex_m3_base_application_stm32l/Dns.o
 .text.startup._GLOBAL__sub_I__ZN14EthernetClient8_srcportE
                0x0000000008008a48       0x1c build_arm_cortex_m3_base_application_stm32l/EthernetClient.o
 .text.startup._GLOBAL__sub_I__ZN13EthernetClass6_stateE
                0x0000000008008a64       0x28 build_arm_cortex_m3_base_application_stm32l/Ethernet.o
 .text.startup._GLOBAL__sub_I__ZN14EthernetServerC2Et
                0x0000000008008a8c       0x1c build_arm_cortex_m3_base_application_stm32l/EthernetServer.o
 .text.startup._GLOBAL__sub_I__ZN11EthernetUDPC2Ev
                0x0000000008008aa8       0x1c build_arm_cortex_m3_base_application_stm32l/EthernetUdp.o
 .text._Z16nrf_nwk_pdu_initv
                0x0000000008008ac4       0x40 build_arm_cortex_m3_base_application_stm32l/nrf_data.o
                0x0000000008008ac4                nrf_nwk_pdu_init()
 .text._Z18nrf_nwk_pdu_mallocv
                0x0000000008008b04       0x3c build_arm_cortex_m3_base_application_stm32l/nrf_data.o
                0x0000000008008b04                nrf_nwk_pdu_malloc()
 .text._Z16nrf_nwk_pdu_freeP13nrf_nwk_pdu_t
                0x0000000008008b40       0x20 build_arm_cortex_m3_base_application_stm32l/nrf_data.o
                0x0000000008008b40                nrf_nwk_pdu_free(nrf_nwk_pdu_t*)
 .text._Z15nrf_nwk_pdu_getm
                0x0000000008008b60       0x10 build_arm_cortex_m3_base_application_stm32l/nrf_data.o
                0x0000000008008b60                nrf_nwk_pdu_get(unsigned long)
 .text._Z16nrf_nwk_pdu_freem
                0x0000000008008b70       0x4c build_arm_cortex_m3_base_application_stm32l/nrf_data.o
                0x0000000008008b70                nrf_nwk_pdu_free(unsigned long)
 .text._Z23nrf_set_static_nwk_addrt
                0x0000000008008bbc       0x10 build_arm_cortex_m3_base_application_stm32l/nrf_data.o
                0x0000000008008bbc                nrf_set_static_nwk_addr(unsigned short)
 .text._Z23nrf_get_static_nwk_addrv
                0x0000000008008bcc       0x1c build_arm_cortex_m3_base_application_stm32l/nrf_data.o
                0x0000000008008bcc                nrf_get_static_nwk_addr()
 .text._Z20nrf_set_des_nwk_addrt
                0x0000000008008be8       0x10 build_arm_cortex_m3_base_application_stm32l/nrf_data.o
                0x0000000008008be8                nrf_set_des_nwk_addr(unsigned short)
 .text._Z20nrf_get_des_nwk_addrv
                0x0000000008008bf8       0x1c build_arm_cortex_m3_base_application_stm32l/nrf_data.o
                0x0000000008008bf8                nrf_get_des_nwk_addr()
 .text._Z20nrf_get_des_phy_addrv
                0x0000000008008c14        0x8 build_arm_cortex_m3_base_application_stm32l/nrf_data.o
                0x0000000008008c14                nrf_get_des_phy_addr()
 .text._Z20nrf_get_src_phy_addrv
                0x0000000008008c1c        0x8 build_arm_cortex_m3_base_application_stm32l/nrf_data.o
                0x0000000008008c1c                nrf_get_src_phy_addr()
 .text._Z13task_rf24_macP8ak_msg_t
                0x0000000008008c24      0x370 build_arm_cortex_m3_base_application_stm32l/nrf_mac.o
                0x0000000008008c24                task_rf24_mac(ak_msg_t*)
 .text._Z16nrf_nwk_fsm_idleP8ak_msg_t
                0x0000000008008f94      0x1c8 build_arm_cortex_m3_base_application_stm32l/nrf_nwk.o
                0x0000000008008f94                nrf_nwk_fsm_idle(ak_msg_t*)
 .text._Z13task_rf24_nwkP8ak_msg_t
                0x000000000800915c        0xc build_arm_cortex_m3_base_application_stm32l/nrf_nwk.o
                0x000000000800915c                task_rf24_nwk(ak_msg_t*)
 .text._Z16nrf_nwk_fsm_initP8ak_msg_t
                0x0000000008009168       0x30 build_arm_cortex_m3_base_application_stm32l/nrf_nwk.o
                0x0000000008009168                nrf_nwk_fsm_init(ak_msg_t*)
 .text.sys_irq_nrf24l01
                0x0000000008009198       0xa4 build_arm_cortex_m3_base_application_stm32l/nrf_phy.o
                0x0000000008009198                sys_irq_nrf24l01
 .text._Z23nrf_phy_switch_ptx_modev
                0x000000000800923c       0x1c build_arm_cortex_m3_base_application_stm32l/nrf_phy.o
                0x000000000800923c                nrf_phy_switch_ptx_mode()
 .text._Z23nrf_phy_switch_prx_modev
                0x0000000008009258       0x28 build_arm_cortex_m3_base_application_stm32l/nrf_phy.o
                0x0000000008009258                nrf_phy_switch_prx_mode()
 .text._Z13task_rf24_phyP8ak_msg_t
                0x0000000008009280      0x150 build_arm_cortex_m3_base_application_stm32l/nrf_phy.o
                0x0000000008009280                task_rf24_phy(ak_msg_t*)
 .text._ZL19link_hal_write_byteh
                0x00000000080093d0        0x4 build_arm_cortex_m3_base_application_stm32l/link_hal.o
 .text._ZL17link_hal_rev_byteh
                0x00000000080093d4        0x4 build_arm_cortex_m3_base_application_stm32l/link_hal.o
 .text._Z23link_hal_reg_write_bytePFhhE
                0x00000000080093d8       0x24 build_arm_cortex_m3_base_application_stm32l/link_hal.o
                0x00000000080093d8                link_hal_reg_write_byte(unsigned char (*)(unsigned char))
 .text._Z21link_hal_reg_rev_bytePFhhE
                0x00000000080093fc       0x24 build_arm_cortex_m3_base_application_stm32l/link_hal.o
                0x00000000080093fc                link_hal_reg_rev_byte(unsigned char (*)(unsigned char))
 .text._ZL21fsm_link_state_handleP8ak_msg_t
                0x0000000008009420      0x298 build_arm_cortex_m3_base_application_stm32l/link.o
 .text._ZL19fsm_link_state_initP8ak_msg_t
                0x00000000080096b8       0x2c build_arm_cortex_m3_base_application_stm32l/link.o
 .text._Z9task_linkP8ak_msg_t
                0x00000000080096e4        0xc build_arm_cortex_m3_base_application_stm32l/link.o
                0x00000000080096e4                task_link(ak_msg_t*)
 .text._Z23link_init_state_machinev
                0x00000000080096f0       0x30 build_arm_cortex_m3_base_application_stm32l/link.o
                0x00000000080096f0                link_init_state_machine()
 .text._ZL23link_mac_frame_send_reqv
                0x0000000008009720       0x48 build_arm_cortex_m3_base_application_stm32l/link_mac.o
 .text._ZL23link_mac_frame_send_endv
                0x0000000008009768       0x38 build_arm_cortex_m3_base_application_stm32l/link_mac.o
 .text._Z25fsm_link_mac_state_handleP8ak_msg_t
                0x00000000080097a0      0x3e4 build_arm_cortex_m3_base_application_stm32l/link_mac.o
                0x00000000080097a0                fsm_link_mac_state_handle(ak_msg_t*)
 .text._Z13task_link_macP8ak_msg_t
                0x0000000008009b84        0xc build_arm_cortex_m3_base_application_stm32l/link_mac.o
                0x0000000008009b84                task_link_mac(ak_msg_t*)
 .text._Z23fsm_link_mac_state_initP8ak_msg_t
                0x0000000008009b90       0x84 build_arm_cortex_m3_base_application_stm32l/link_mac.o
                0x0000000008009b90                fsm_link_mac_state_init(ak_msg_t*)
 .text._ZL20link_phy_frame_writeP16link_phy_frame_t
                0x0000000008009c14       0x30 build_arm_cortex_m3_base_application_stm32l/link_phy.o
 .text._ZL25link_phy_frame_write_byteh
                0x0000000008009c44        0xc build_arm_cortex_m3_base_application_stm32l/link_phy.o
 .text._ZL26ac_link_phy_frame_rev_byteh
                0x0000000008009c50      0x188 build_arm_cortex_m3_base_application_stm32l/link_phy.o
 .text._ZL19link_phy_frame_sendv.part.0
                0x0000000008009dd8       0x1c build_arm_cortex_m3_base_application_stm32l/link_phy.o
 .text._Z25fsm_link_phy_state_handleP8ak_msg_t
                0x0000000008009df4      0x240 build_arm_cortex_m3_base_application_stm32l/link_phy.o
                0x0000000008009df4                fsm_link_phy_state_handle(ak_msg_t*)
 .text._Z13task_link_phyP8ak_msg_t
                0x000000000800a034        0xc build_arm_cortex_m3_base_application_stm32l/link_phy.o
                0x000000000800a034                task_link_phy(ak_msg_t*)
 .text._Z23fsm_link_phy_state_initP8ak_msg_t
                0x000000000800a040       0x90 build_arm_cortex_m3_base_application_stm32l/link_phy.o
                0x000000000800a040                fsm_link_phy_state_init(ak_msg_t*)
 .text._Z26link_phy_get_send_frame_tov
                0x000000000800a0d0       0x10 build_arm_cortex_m3_base_application_stm32l/link_phy.o
                0x000000000800a0d0                link_phy_get_send_frame_to()
 .text._Z13link_pdu_initv
                0x000000000800a0e0       0x5c build_arm_cortex_m3_base_application_stm32l/link_data.o
                0x000000000800a0e0                link_pdu_init()
 .text._Z15link_pdu_mallocv
                0x000000000800a13c       0x38 build_arm_cortex_m3_base_application_stm32l/link_data.o
                0x000000000800a13c                link_pdu_malloc()
 .text._Z12link_pdu_getm
                0x000000000800a174       0x44 build_arm_cortex_m3_base_application_stm32l/link_data.o
                0x000000000800a174                link_pdu_get(unsigned long)
 .text._Z13link_pdu_freem
                0x000000000800a1b8       0x50 build_arm_cortex_m3_base_application_stm32l/link_data.o
                0x000000000800a1b8                link_pdu_free(unsigned long)
 .text._Z17link_get_src_addrv
                0x000000000800a208       0x18 build_arm_cortex_m3_base_application_stm32l/link_data.o
                0x000000000800a208                link_get_src_addr()
 .text._Z17link_get_des_addrv
                0x000000000800a220       0x18 build_arm_cortex_m3_base_application_stm32l/link_data.o
                0x000000000800a220                link_get_des_addr()
 .text._Z7pinModehh
                0x000000000800a238       0xe8 build_arm_cortex_m3_base_application_stm32l/wiring_digital.o
                0x000000000800a238                pinMode(unsigned char, unsigned char)
 .text._Z12digitalWritehh
                0x000000000800a320       0xd4 build_arm_cortex_m3_base_application_stm32l/wiring_digital.o
                0x000000000800a320                digitalWrite(unsigned char, unsigned char)
 .text._ZN5Print5writeEPKhj
                0x000000000800a3f4       0x28 build_arm_cortex_m3_base_application_stm32l/Print.o
                0x000000000800a3f4                Print::write(unsigned char const*, unsigned int)
 .text._ZN5Print5printEPKc
                0x000000000800a41c       0x24 build_arm_cortex_m3_base_application_stm32l/Print.o
                0x000000000800a41c                Print::print(char const*)
 .text._ZN5Print5printEc
                0x000000000800a440        0x8 build_arm_cortex_m3_base_application_stm32l/Print.o
                0x000000000800a440                Print::print(char)
 .text._ZN5Print11printNumberEmh
                0x000000000800a448       0x54 build_arm_cortex_m3_base_application_stm32l/Print.o
                0x000000000800a448                Print::printNumber(unsigned long, unsigned char)
 .text._ZN5Print5printEmi
                0x000000000800a49c       0x14 build_arm_cortex_m3_base_application_stm32l/Print.o
                0x000000000800a49c                Print::print(unsigned long, int)
 .text._ZN5Print5printEhi
                0x000000000800a4b0        0x4 build_arm_cortex_m3_base_application_stm32l/Print.o
                0x000000000800a4b0                Print::print(unsigned char, int)
 .text._ZNK9IPAddress7printToER5Print
                0x000000000800a4b4       0x40 build_arm_cortex_m3_base_application_stm32l/IPAddress.o
                0x000000000800a4b4                IPAddress::printTo(Print&) const
 .text._ZN9IPAddressC2Ev
                0x000000000800a4f4       0x10 build_arm_cortex_m3_base_application_stm32l/IPAddress.o
                0x000000000800a4f4                IPAddress::IPAddress()
                0x000000000800a4f4                IPAddress::IPAddress()
 .text._ZN9IPAddressC2Ehhhh
                0x000000000800a504       0x1c build_arm_cortex_m3_base_application_stm32l/IPAddress.o
                0x000000000800a504                IPAddress::IPAddress(unsigned char, unsigned char, unsigned char, unsigned char)
                0x000000000800a504                IPAddress::IPAddress(unsigned char, unsigned char, unsigned char, unsigned char)
 .text._ZN8SPIClass9io_configEv
                0x000000000800a520       0x7c build_arm_cortex_m3_base_application_stm32l/SPI.o
                0x000000000800a520                SPIClass::io_config()
 .text._ZN8SPIClass5beginEv
                0x000000000800a59c       0xe4 build_arm_cortex_m3_base_application_stm32l/SPI.o
                0x000000000800a59c                SPIClass::begin()
 .text.startup._GLOBAL__sub_I__ZN8SPIClassC2Ev
                0x000000000800a680       0x14 build_arm_cortex_m3_base_application_stm32l/SPI.o
 .text._ZN7TwoWire9availableEv
                0x000000000800a694       0x14 build_arm_cortex_m3_base_application_stm32l/Wire.o
                0x000000000800a694                TwoWire::available()
 .text._ZN7TwoWire4readEv
                0x000000000800a6a8       0x28 build_arm_cortex_m3_base_application_stm32l/Wire.o
                0x000000000800a6a8                TwoWire::read()
 .text._ZN7TwoWire4peekEv
                0x000000000800a6d0       0x24 build_arm_cortex_m3_base_application_stm32l/Wire.o
                0x000000000800a6d0                TwoWire::peek()
 .text._ZN7TwoWire5flushEv
                0x000000000800a6f4        0x4 build_arm_cortex_m3_base_application_stm32l/Wire.o
                0x000000000800a6f4                TwoWire::flush()
 .text._ZN7TwoWire5writeEh
                0x000000000800a6f8       0x60 build_arm_cortex_m3_base_application_stm32l/Wire.o
                0x000000000800a6f8                TwoWire::write(unsigned char)
 .text._ZN7TwoWire5writeEPKhj
                0x000000000800a758       0x38 build_arm_cortex_m3_base_application_stm32l/Wire.o
                0x000000000800a758                TwoWire::write(unsigned char const*, unsigned int)
 .text.startup._GLOBAL__sub_I__ZN7TwoWire8rxBufferE
                0x000000000800a790       0x1c build_arm_cortex_m3_base_application_stm32l/Wire.o
 .text._Z12twi_transmitPKhh
                0x000000000800a7ac       0x48 build_arm_cortex_m3_base_application_stm32l/twi.o
                0x000000000800a7ac                twi_transmit(unsigned char const*, unsigned char)
 .text.__cxa_pure_virtual
                0x000000000800a7f4       0x18 build_arm_cortex_m3_base_application_stm32l/mini_cpp.o
                0x000000000800a7f4                __cxa_pure_virtual
 .text._sbrk    0x000000000800a80c       0x1c build_arm_cortex_m3_base_application_stm32l/mini_cpp.o
                0x000000000800a80c                _sbrk
 .text.__locale_ctype_ptr_l
                0x000000000800a828        0x8 /home/fanning/workspace/tools/gcc-arm-none-eabi-7-2017q4/arm-none-eabi/lib/libc.a(lib_a-locale.o)
                0x000000000800a828                __locale_ctype_ptr_l
 .text.malloc   0x000000000800a830       0x20 /home/fanning/workspace/tools/gcc-arm-none-eabi-7-2017q4/arm-none-eabi/lib/libc.a(lib_a-malloc.o)
                0x000000000800a830                malloc
 .text.free     0x000000000800a850       0x20 /home/fanning/workspace/tools/gcc-arm-none-eabi-7-2017q4/arm-none-eabi/lib/libc.a(lib_a-malloc.o)
                0x000000000800a850                free
 .text._malloc_r
                0x000000000800a870      0x7ac /home/fanning/workspace/tools/gcc-arm-none-eabi-7-2017q4/arm-none-eabi/lib/libc.a(lib_a-mallocr.o)
                0x000000000800a870                _malloc_r
 .text.__ascii_mbtowc
                0x000000000800b01c       0x44 /home/fanning/workspace/tools/gcc-arm-none-eabi-7-2017q4/arm-none-eabi/lib/libc.a(lib_a-mbtowc_r.o)
                0x000000000800b01c                __ascii_mbtowc
 .text.memcmp   0x000000000800b060      0x104 /home/fanning/workspace/tools/gcc-arm-none-eabi-7-2017q4/arm-none-eabi/lib/libc.a(lib_a-memcmp.o)
                0x000000000800b060                memcmp
 .text.memcpy   0x000000000800b164      0x110 /home/fanning/workspace/tools/gcc-arm-none-eabi-7-2017q4/arm-none-eabi/lib/libc.a(lib_a-memcpy-stub.o)
                0x000000000800b164                memcpy
 .text.memset   0x000000000800b274      0x114 /home/fanning/workspace/tools/gcc-arm-none-eabi-7-2017q4/arm-none-eabi/lib/libc.a(lib_a-memset.o)
                0x000000000800b274                memset
 .text.__malloc_lock
                0x000000000800b388       0x18 /home/fanning/workspace/tools/gcc-arm-none-eabi-7-2017q4/arm-none-eabi/lib/libc.a(lib_a-mlock.o)
                0x000000000800b388                __malloc_lock
 .text.__malloc_unlock
                0x000000000800b3a0       0x18 /home/fanning/workspace/tools/gcc-arm-none-eabi-7-2017q4/arm-none-eabi/lib/libc.a(lib_a-mlock.o)
                0x000000000800b3a0                __malloc_unlock
 .text.rand     0x000000000800b3b8       0x54 /home/fanning/workspace/tools/gcc-arm-none-eabi-7-2017q4/arm-none-eabi/lib/libc.a(lib_a-rand.o)
                0x000000000800b3b8                rand
 .text._sbrk_r  0x000000000800b40c       0x3c /home/fanning/workspace/tools/gcc-arm-none-eabi-7-2017q4/arm-none-eabi/lib/libc.a(lib_a-sbrkr.o)
                0x000000000800b40c                _sbrk_r
 .text.strcpy   0x000000000800b448       0xf0 /home/fanning/workspace/tools/gcc-arm-none-eabi-7-2017q4/arm-none-eabi/lib/libc.a(lib_a-strcpy.o)
                0x000000000800b448                strcpy
 .text.strlen   0x000000000800b538       0x60 /home/fanning/workspace/tools/gcc-arm-none-eabi-7-2017q4/arm-none-eabi/lib/libc.a(lib_a-strlen-stub.o)
                0x000000000800b538                strlen
 .text._strtol_l.isra.0
                0x000000000800b598      0x1bc /home/fanning/workspace/tools/gcc-arm-none-eabi-7-2017q4/arm-none-eabi/lib/libc.a(lib_a-strtol.o)
 .text.strtol   0x000000000800b754       0x4c /home/fanning/workspace/tools/gcc-arm-none-eabi-7-2017q4/arm-none-eabi/lib/libc.a(lib_a-strtol.o)
                0x000000000800b754                strtol
 .text.__ascii_wctomb
                0x000000000800b7a0       0x28 /home/fanning/workspace/tools/gcc-arm-none-eabi-7-2017q4/arm-none-eabi/lib/libc.a(lib_a-wctomb_r.o)
                0x000000000800b7a0                __ascii_wctomb
 .text._malloc_trim_r
                0x000000000800b7c8      0x100 /home/fanning/workspace/tools/gcc-arm-none-eabi-7-2017q4/arm-none-eabi/lib/libc.a(lib_a-freer.o)
                0x000000000800b7c8                _malloc_trim_r
 .text._free_r  0x000000000800b8c8      0x2dc /home/fanning/workspace/tools/gcc-arm-none-eabi-7-2017q4/arm-none-eabi/lib/libc.a(lib_a-freer.o)
                0x000000000800b8c8                _free_r
 .text.__retarget_lock_acquire_recursive
                0x000000000800bba4        0x4 /home/fanning/workspace/tools/gcc-arm-none-eabi-7-2017q4/arm-none-eabi/lib/libc.a(lib_a-lock.o)
                0x000000000800bba4                __retarget_lock_acquire_recursive
 .text.__retarget_lock_release_recursive
                0x000000000800bba8        0x4 /home/fanning/workspace/tools/gcc-arm-none-eabi-7-2017q4/arm-none-eabi/lib/libc.a(lib_a-lock.o)
                0x000000000800bba8                __retarget_lock_release_recursive
 *(.rodata)
 *(.rodata*)
 .rodata.ak_malloc.str1.4
                0x000000000800bbac        0xa build_arm_cortex_m3_base_application_stm32l/message.o
 *fill*         0x000000000800bbb6        0x2 
 .rodata.msg_free.str1.4
                0x000000000800bbb8        0x3 build_arm_cortex_m3_base_application_stm32l/message.o
 *fill*         0x000000000800bbbb        0x1 
 .rodata.log2lkup.5203
                0x000000000800bbbc      0x100 build_arm_cortex_m3_base_application_stm32l/task.o
 .rodata.task_create.str1.4
                0x000000000800bcbc        0x3 build_arm_cortex_m3_base_application_stm32l/task.o
 *fill*         0x000000000800bcbf        0x1 
 .rodata.task_run.str1.4
                0x000000000800bcc0       0x1a build_arm_cortex_m3_base_application_stm32l/task.o
 *fill*         0x000000000800bcda        0x2 
 .rodata.timer_set.str1.4
                0x000000000800bcdc        0x3 build_arm_cortex_m3_base_application_stm32l/timer.o
 *fill*         0x000000000800bcdf        0x1 
 .rodata.fifo_put.str1.4
                0x000000000800bce0        0x5 build_arm_cortex_m3_base_application_stm32l/fifo.o
 *fill*         0x000000000800bce5        0x3 
 .rodata.sys_dbg_cpu_dump.str1.4
                0x000000000800bce8       0x64 build_arm_cortex_m3_base_application_stm32l/sys_dbg.o
 .rodata.sys_dbg_fatal.str1.4
                0x000000000800bd4c      0x260 build_arm_cortex_m3_base_application_stm32l/sys_dbg.o
                                        0x264 (size before relaxing)
 .rodata.sys_dbg_func_stack_dump.str1.4
                0x000000000800bfac       0x80 build_arm_cortex_m3_base_application_stm32l/sys_dbg.o
 .rodata.sys_dbg_stack_space_dump.str1.4
                0x000000000800c02c       0x31 build_arm_cortex_m3_base_application_stm32l/sys_dbg.o
 *fill*         0x000000000800c05d        0x3 
 .rodata.exit_critical.str1.4
                0x000000000800c060        0x4 build_arm_cortex_m3_base_application_stm32l/platform.o
 .rodata.default_handler.str1.4
                0x000000000800c064        0x3 build_arm_cortex_m3_base_application_stm32l/system.o
 *fill*         0x000000000800c067        0x1 
 .rodata.sys_cfg_update_info.str1.4
                0x000000000800c068       0x62 build_arm_cortex_m3_base_application_stm32l/sys_cfg.o
                                         0x66 (size before relaxing)
 *fill*         0x000000000800c0ca        0x2 
 .rodata.sys_ctrl_soft_watchdog_increase_counter.str1.4
                0x000000000800c0cc        0x5 build_arm_cortex_m3_base_application_stm32l/sys_cfg.o
 *fill*         0x000000000800c0d1        0x3 
 .rodata.nrf24l01_spi_rw.str1.4
                0x000000000800c0d4        0x4 build_arm_cortex_m3_base_application_stm32l/io_cfg.o
 .rodata.str1.4
                0x000000000800c0d8        0x6 build_arm_cortex_m3_base_application_stm32l/app.o
 *fill*         0x000000000800c0de        0x2 
 .rodata._ZL10shell_bootPh.str1.4
                0x000000000800c0e0      0x16e build_arm_cortex_m3_base_application_stm32l/shell.o
 *fill*         0x000000000800c24e        0x2 
 .rodata._ZL10shell_helpPh.str1.4
                0x000000000800c250       0x25 build_arm_cortex_m3_base_application_stm32l/shell.o
 *fill*         0x000000000800c275        0x3 
 .rodata._ZL11shell_fatalPh.str1.4
                0x000000000800c278       0x6e build_arm_cortex_m3_base_application_stm32l/shell.o
                                        0x23e (size before relaxing)
 *fill*         0x000000000800c2e6        0x2 
 .rodata._ZL11shell_flashPh.str1.4
                0x000000000800c2e8       0x5f build_arm_cortex_m3_base_application_stm32l/shell.o
                                         0x6f (size before relaxing)
 *fill*         0x000000000800c347        0x1 
 .rodata._ZL11shell_resetPh.str1.4
                0x000000000800c348        0x6 build_arm_cortex_m3_base_application_stm32l/shell.o
 *fill*         0x000000000800c34e        0x2 
 .rodata._ZL9shell_dbgPh.str1.4
                0x000000000800c350       0x23 build_arm_cortex_m3_base_application_stm32l/shell.o
 *fill*         0x000000000800c373        0x1 
 .rodata._ZL9shell_epsPh.str1.4
                0x000000000800c374       0x1d build_arm_cortex_m3_base_application_stm32l/shell.o
 *fill*         0x000000000800c391        0x3 
 .rodata._ZL9shell_lcdPh.str1.4
                0x000000000800c394       0x4e build_arm_cortex_m3_base_application_stm32l/shell.o
 *fill*         0x000000000800c3e2        0x2 
 .rodata._ZL9shell_ramPh.str1.4
                0x000000000800c3e4       0x38 build_arm_cortex_m3_base_application_stm32l/shell.o
 .rodata._ZL9shell_sttPh.str1.4
                0x000000000800c41c       0x4d build_arm_cortex_m3_base_application_stm32l/shell.o
 *fill*         0x000000000800c469        0x3 
 .rodata._ZL9shell_verPh.str1.4
                0x000000000800c46c      0x16e build_arm_cortex_m3_base_application_stm32l/shell.o
                                        0x177 (size before relaxing)
 *fill*         0x000000000800c5da        0x2 
 .rodata.str1.4
                0x000000000800c5dc       0xe4 build_arm_cortex_m3_base_application_stm32l/shell.o
 .rodata._Z10task_shellP8ak_msg_t.str1.4
                0x000000000800c6c0       0x4e build_arm_cortex_m3_base_application_stm32l/task_shell.o
 .rodata._Z12task_displayP8ak_msg_t.str1.4
                0x000000000800c70e       0x4e build_arm_cortex_m3_base_application_stm32l/task_display.o
 *fill*         0x000000000800c70e        0x2 
 .rodata._ZL4font
                0x000000000800c710      0x4fb build_arm_cortex_m3_base_application_stm32l/Adafruit_GFX.o
 *fill*         0x000000000800cc0b        0x1 
 .rodata._ZTV12Adafruit_GFX
                0x000000000800cc0c       0x30 build_arm_cortex_m3_base_application_stm32l/Adafruit_GFX.o
                0x000000000800cc0c                vtable for Adafruit_GFX
 .rodata._ZTV19Adafruit_ssd1306syp
                0x000000000800cc3c       0x40 build_arm_cortex_m3_base_application_stm32l/Adafruit_ssd1306syp.o
                0x000000000800cc3c                vtable for Adafruit_ssd1306syp
 .rodata._Z18nrf_nwk_pdu_mallocv.str1.4
                0x000000000800cc7c        0x8 build_arm_cortex_m3_base_application_stm32l/nrf_data.o
 .rodata._Z16nrf_nwk_fsm_idleP8ak_msg_t.str1.4
                0x000000000800cc84        0x4 build_arm_cortex_m3_base_application_stm32l/nrf_nwk.o
 .rodata.sys_irq_nrf24l01.str1.4
                0x000000000800cc88        0x4 build_arm_cortex_m3_base_application_stm32l/nrf_phy.o
 .rodata._Z23link_hal_reg_write_bytePFhhE.str1.4
                0x000000000800cc8c        0x9 build_arm_cortex_m3_base_application_stm32l/link_hal.o
 *fill*         0x000000000800cc95        0x3 
 .rodata._Z25fsm_link_mac_state_handleP8ak_msg_t.str1.4
                0x000000000800cc98        0x5 build_arm_cortex_m3_base_application_stm32l/link_mac.o
 *fill*         0x000000000800cc9d        0x3 
 .rodata._ZL23link_mac_frame_send_reqv.str1.4
                0x000000000800cca0        0x9 build_arm_cortex_m3_base_application_stm32l/link_mac.o
 *fill*         0x000000000800cca9        0x3 
 .rodata._ZL26ac_link_phy_frame_rev_byteh.str1.4
                0x000000000800ccac        0x7 build_arm_cortex_m3_base_application_stm32l/link_phy.o
 *fill*         0x000000000800ccb3        0x1 
 .rodata._Z15link_pdu_mallocv.str1.4
                0x000000000800ccb4        0x9 build_arm_cortex_m3_base_application_stm32l/link_data.o
 *fill*         0x000000000800ccbd        0x3 
 .rodata._Z7pinModehh.str1.4
                0x000000000800ccc0        0x3 build_arm_cortex_m3_base_application_stm32l/wiring_digital.o
 *fill*         0x000000000800ccc3        0x1 
 .rodata._ZTV9IPAddress
                0x000000000800ccc4        0xc build_arm_cortex_m3_base_application_stm32l/IPAddress.o
                0x000000000800ccc4                vtable for IPAddress
 .rodata._ZTV7TwoWire
                0x000000000800ccd0       0x20 build_arm_cortex_m3_base_application_stm32l/Wire.o
                0x000000000800ccd0                vtable for TwoWire
 .rodata.__cxa_pure_virtual.str1.4
                0x000000000800ccf0        0x4 build_arm_cortex_m3_base_application_stm32l/mini_cpp.o
 .rodata._setlocale_r.str1.4
                0x000000000800ccf4        0xa /home/fanning/workspace/tools/gcc-arm-none-eabi-7-2017q4/arm-none-eabi/lib/libc.a(lib_a-locale.o)
                                          0xd (size before relaxing)
 *fill*         0x000000000800ccfe        0x2 
 .rodata.str1.4
                0x000000000800cd00        0x4 /home/fanning/workspace/tools/gcc-arm-none-eabi-7-2017q4/arm-none-eabi/lib/libc.a(lib_a-locale.o)
                                          0x2 (size before relaxing)
 .rodata._ctype_
                0x000000000800cd04      0x101 /home/fanning/workspace/tools/gcc-arm-none-eabi-7-2017q4/arm-none-eabi/lib/libc.a(lib_a-ctype_.o)
                0x000000000800cd04                _ctype_
 *(.glue_7)
 .glue_7        0x000000000800ce05        0x0 linker stubs
 *(.glue_7t)
 .glue_7t       0x000000000800ce05        0x0 linker stubs
 *(.init)
 *(.fini)
                0x000000000800ce08                . = ALIGN (0x4)
 *fill*         0x000000000800ce05        0x3 
                0x000000000800ce08                _etext = .

.vfp11_veneer   0x000000000800ce08        0x0
 .vfp11_veneer  0x000000000800ce08        0x0 linker stubs

.v4_bx          0x000000000800ce08        0x0
 .v4_bx         0x000000000800ce08        0x0 linker stubs

.iplt           0x000000000800ce08        0x0
 .iplt          0x000000000800ce08        0x0 build_arm_cortex_m3_base_application_stm32l/message.o

.rel.dyn        0x000000000800ce08        0x0
 .rel.iplt      0x000000000800ce08        0x0 build_arm_cortex_m3_base_application_stm32l/message.o

.preinit_array  0x000000000800ce08        0x0
                0x000000000800ce08                PROVIDE (__preinit_array_start, .)
 *(SORT_BY_NAME(.preinit_array.*))
 *(.preinit_array*)