Archive member included to satisfy reference by file (symbol)

/home/fanning/workspace/tools/gcc-arm-none-eabi-7-2017-q4-major/arm-none-eabi/lib/thumb/v7-m/libc.a(lib_a-atof.o)
                              build_arm_cortex_m3_base_application_stm32l/WString.o (atof)
/home/fanning/workspace/tools/gcc-arm-none-eabi-7-2017-q4-major/arm-none-eabi/lib/thumb/v7-m/libc.a(lib_a-atol.o)
                              build_arm_cortex_m3_base_application_stm32l/WString.o (atol)
/home/fanning/workspace/tools/gcc-arm-none-eabi-7-2017-q4-major/arm-none-eabi/lib/thumb/v7-m/libc.a(lib_a-isspace.o)
                              build_arm_cortex_m3_base_application_stm32l/WString.o (isspace)
/home/fanning/workspace/tools/gcc-arm-none-eabi-7-2017-q4-major/arm-none-eabi/lib/thumb/v7-m/libc.a(lib_a-locale.o)
                              /home/fanning/workspace/tools/gcc-arm-none-eabi-7-2017-q4-major/arm-none-eabi/lib/thumb/v7-m/libc.a(lib_a-isspace.o) (__locale_ctype_ptr)
/home/fanning/workspace/tools/gcc-arm-none-eabi-7-2017-q4-major/arm-none-eabi/lib/thumb/v7-m/libc.a(lib_a-malloc.o)
                              build_arm_cortex_m3_base_application_stm32l/message.o (malloc)
/home/fanning/workspace/tools/gcc-arm-none-eabi-7-2017-q4-major/arm-none-eabi/lib/thumb/v7-m/libc.a(lib_a-mallocr.o)
                              /home/fanning/workspace/tools/gcc-arm-none-eabi-7-2017-q4-major/arm-none-eabi/lib/thumb/v7-m/libc.a(lib_a-malloc.o) (_malloc_r)
/home/fanning/workspace/tools/gcc-arm-none-eabi-7-2017-q4-major/arm-none-eabi/lib/thumb/v7-m/libc.a(lib_a-mbtowc_r.o)
                              /home/fanning/workspace/tools/gcc-arm-none-eabi-7-2017-q4-major/arm-none-eabi/lib/thumb/v7-m/libc.a(lib_a-locale.o) (__ascii_mbtowc)
/home/fanning/workspace/tools/gcc-arm-none-eabi-7-2017-q4-major/arm-none-eabi/lib/thumb/v7-m/libc.a(lib_a-memcmp.o)
                              build_arm_cortex_m3_base_application_stm32l/task_fw.o (memcmp)
/home/fanning/workspace/tools/gcc-arm-none-eabi-7-2017-q4-major/arm-none-eabi/lib/thumb/v7-m/libc.a(lib_a-memcpy.o)
                              build_arm_cortex_m3_base_application_stm32l/message.o (memcpy)
/home/fanning/workspace/tools/gcc-arm-none-eabi-7-2017-q4-major/arm-none-eabi/lib/thumb/v7-m/libc.a(lib_a-memmove.o)
                              build_arm_cortex_m3_base_application_stm32l/WString.o (memmove)
/home/fanning/workspace/tools/gcc-arm-none-eabi-7-2017-q4-major/arm-none-eabi/lib/thumb/v7-m/libc.a(lib_a-memset.o)
                              build_arm_cortex_m3_base_application_stm32l/xprintf.o (memset)
/home/fanning/workspace/tools/gcc-arm-none-eabi-7-2017-q4-major/arm-none-eabi/lib/thumb/v7-m/libc.a(lib_a-mlock.o)
                              /home/fanning/workspace/tools/gcc-arm-none-eabi-7-2017-q4-major/arm-none-eabi/lib/thumb/v7-m/libc.a(lib_a-mallocr.o) (__malloc_lock)
/home/fanning/workspace/tools/gcc-arm-none-eabi-7-2017-q4-major/arm-none-eabi/lib/thumb/v7-m/libc.a(lib_a-rand.o)
                              build_arm_cortex_m3_base_application_stm32l/WMath.o (srand)
/home/fanning/workspace/tools/gcc-arm-none-eabi-7-2017-q4-major/arm-none-eabi/lib/thumb/v7-m/libc.a(lib_a-realloc.o)
                              build_arm_cortex_m3_base_application_stm32l/MPU6050.o (realloc)
/home/fanning/workspace/tools/gcc-arm-none-eabi-7-2017-q4-major/arm-none-eabi/lib/thumb/v7-m/libc.a(lib_a-reallocr.o)
                              /home/fanning/workspace/tools/gcc-arm-none-eabi-7-2017-q4-major/arm-none-eabi/lib/thumb/v7-m/libc.a(lib_a-realloc.o) (_realloc_r)
/home/fanning/workspace/tools/gcc-arm-none-eabi-7-2017-q4-major/arm-none-eabi/lib/thumb/v7-m/libc.a(lib_a-sbrkr.o)
                              /home/fanning/workspace/tools/gcc-arm-none-eabi-7-2017-q4-major/arm-none-eabi/lib/thumb/v7-m/libc.a(lib_a-mallocr.o) (_sbrk_r)
/home/fanning/workspace/tools/gcc-arm-none-eabi-7-2017-q4-major/arm-none-eabi/lib/thumb/v7-m/libc.a(lib_a-strcat.o)
                              build_arm_cortex_m3_base_application_stm32l/dtostrf.o (strcat)
/home/fanning/workspace/tools/gcc-arm-none-eabi-7-2017-q4-major/arm-none-eabi/lib/thumb/v7-m/libc.a(lib_a-strchr.o)
                              build_arm_cortex_m3_base_application_stm32l/WString.o (strchr)
/home/fanning/workspace/tools/gcc-arm-none-eabi-7-2017-q4-major/arm-none-eabi/lib/thumb/v7-m/libc.a(lib_a-strcmp.o)
                              build_arm_cortex_m3_base_application_stm32l/cmd_line.o (strcmp)
/home/fanning/workspace/tools/gcc-arm-none-eabi-7-2017-q4-major/arm-none-eabi/lib/thumb/v7-m/libc.a(lib_a-strcpy.o)
                              build_arm_cortex_m3_base_application_stm32l/sys_dbg.o (strcpy)
/home/fanning/workspace/tools/gcc-arm-none-eabi-7-2017-q4-major/arm-none-eabi/lib/thumb/v7-m/libc.a(lib_a-strlen-stub.o)
                              build_arm_cortex_m3_base_application_stm32l/dtostrf.o (strlen)
/home/fanning/workspace/tools/gcc-arm-none-eabi-7-2017-q4-major/arm-none-eabi/lib/thumb/v7-m/libc.a(lib_a-strncmp.o)
[...]
Memory Configuration

Name             Origin             Length             Attributes
BSF              0x0000000008002000 0x0000000000001000 xr
FLASH            0x0000000008003000 0x000000000000d000 xr
SRAM             0x0000000020000000 0x0000000000004000 xrw
*default*        0x0000000000000000 0xffffffffffffffff

Linker script and memory map

                0x0000000000000400                HEAP_SIZE = 0x400

.start_boot_share_data_flash
                0x0000000008002000        0x0
                0x0000000008002000                _start_boot_share_data_flash = .

.start_flash    0x0000000008003000        0x0
                0x0000000008003000                _start_flash = .

.isr_vector     0x0000000008003000       0xf4
 *(.isr_vector)
 .isr_vector    0x0000000008003000       0xf4 build_arm_cortex_m3_base_application_stm32l/system.o
                0x0000000008003000                isr_vector
                0x00000000080030f4                . = ALIGN (0x4)

.text           0x00000000080030f4     0x8438
                0x00000000080030f4                . = ALIGN (0x4)
 *(.text)
 .text          0x00000000080030f4       0xec /home/fanning/workspace/tools/gcc-arm-none-eabi-7-2017-q4-major/arm-none-eabi/lib/thumb/v7-m/libc.a(lib_a-memcpy.o)
                0x00000000080030f4                memcpy
 .text          0x00000000080031e0      0x1bc /home/fanning/workspace/tools/gcc-arm-none-eabi-7-2017-q4-major/arm-none-eabi/lib/thumb/v7-m/libc.a(lib_a-strcmp.o)
                0x00000000080031e0                strcmp
 *(.text*)
 .text.msg_init
                0x000000000800339c      0x104 build_arm_cortex_m3_base_application_stm32l/message.o
                0x000000000800339c                msg_init
 .text.msg_free
                0x00000000080034a0       0xa8 build_arm_cortex_m3_base_application_stm32l/message.o
                0x00000000080034a0                msg_free
 .text.msg_inc_ref_count
                0x0000000008003548       0x28 build_arm_cortex_m3_base_application_stm32l/message.o
                0x0000000008003548                msg_inc_ref_count
 .text.ak_malloc
                0x0000000008003570       0x54 build_arm_cortex_m3_base_application_stm32l/message.o
                0x0000000008003570                ak_malloc
 .text.ak_free  0x00000000080035c4        0x4 build_arm_cortex_m3_base_application_stm32l/message.o
                0x00000000080035c4                ak_free
 .text.get_pure_msg
                0x00000000080035c8       0x3c build_arm_cortex_m3_base_application_stm32l/message.o
                0x00000000080035c8                get_pure_msg
 .text.get_common_msg
                0x0000000008003604       0x40 build_arm_cortex_m3_base_application_stm32l/message.o
                0x0000000008003604                get_common_msg
 .text.set_data_common_msg
                0x0000000008003644       0x44 build_arm_cortex_m3_base_application_stm32l/message.o
                0x0000000008003644                set_data_common_msg
 .text.get_data_common_msg
                0x0000000008003688       0x24 build_arm_cortex_m3_base_application_stm32l/message.o
                0x0000000008003688                get_data_common_msg
 .text.get_data_len_common_msg
                0x00000000080036ac       0x24 build_arm_cortex_m3_base_application_stm32l/message.o
                0x00000000080036ac                get_data_len_common_msg
 .text.get_dynamic_msg
                0x00000000080036d0       0x40 build_arm_cortex_m3_base_application_stm32l/message.o
                0x00000000080036d0                get_dynamic_msg
 .text.set_data_dynamic_msg
                0x0000000008003710       0xe4 build_arm_cortex_m3_base_application_stm32l/message.o
                0x0000000008003710                set_data_dynamic_msg
 .text.fsm_dispatch
                0x00000000080037f4        0x8 build_arm_cortex_m3_base_application_stm32l/fsm.o
                0x00000000080037f4                fsm_dispatch
 .text.task_create
                0x00000000080037fc       0x40 build_arm_cortex_m3_base_application_stm32l/task.o
                0x00000000080037fc                task_create
 .text.task_post
                0x000000000800383c       0x78 build_arm_cortex_m3_base_application_stm32l/task.o
                0x000000000800383c                task_post
 .text.task_remove_msg
                0x00000000080038b4       0x98 build_arm_cortex_m3_base_application_stm32l/task.o
                0x00000000080038b4                task_remove_msg
 .text.task_post_pure_msg
                0x000000000800394c       0x18 build_arm_cortex_m3_base_application_stm32l/task.o
                0x000000000800394c                task_post_pure_msg
 .text.task_post_common_msg
                0x0000000008003964       0x28 build_arm_cortex_m3_base_application_stm32l/task.o
                0x0000000008003964                task_post_common_msg
 .text.task_entry_interrupt
                0x000000000800398c       0x1c build_arm_cortex_m3_base_application_stm32l/task.o
                0x000000000800398c                task_entry_interrupt
 .text.task_exit_interrupt
                0x00000000080039a8       0x24 build_arm_cortex_m3_base_application_stm32l/task.o
                0x00000000080039a8                task_exit_interrupt
 .text.task_init
                0x00000000080039cc       0x40 build_arm_cortex_m3_base_application_stm32l/task.o
                0x00000000080039cc                task_init
 .text.task_run
                0x0000000008003a0c       0xf0 build_arm_cortex_m3_base_application_stm32l/task.o
                0x0000000008003a0c                task_run
 .text.get_current_task_id
                0x0000000008003afc        0xc build_arm_cortex_m3_base_application_stm32l/task.o
                0x0000000008003afc                get_current_task_id
 .text.get_current_task_info
                0x0000000008003b08        0x8 build_arm_cortex_m3_base_application_stm32l/task.o
                0x0000000008003b08                get_current_task_info
 .text.get_current_active_object
                0x0000000008003b10        0x8 build_arm_cortex_m3_base_application_stm32l/task.o
                0x0000000008003b10                get_current_active_object
 .text.timer_remove_msg
                0x0000000008003b18       0x5c build_arm_cortex_m3_base_application_stm32l/timer.o
 .text.task_timer_tick
                0x0000000008003b74       0x7c build_arm_cortex_m3_base_application_stm32l/timer.o
                0x0000000008003b74                task_timer_tick
 .text.timer_init
                0x0000000008003bf0       0x78 build_arm_cortex_m3_base_application_stm32l/timer.o
                0x0000000008003bf0                timer_init
 .text.timer_tick
                0x0000000008003c68       0x38 build_arm_cortex_m3_base_application_stm32l/timer.o
                0x0000000008003c68                timer_tick
 .text.timer_set
                0x0000000008003ca0       0x8c build_arm_cortex_m3_base_application_stm32l/timer.o
                0x0000000008003ca0                timer_set
 .text.timer_remove_attr
                0x0000000008003d2c       0x18 build_arm_cortex_m3_base_application_stm32l/timer.o
                0x0000000008003d2c                timer_remove_attr
 .text.xputc    0x0000000008003d44       0x24 build_arm_cortex_m3_base_application_stm32l/xprintf.o
                0x0000000008003d44                xputc
 .text.sxputc   0x0000000008003d68       0x10 build_arm_cortex_m3_base_application_stm32l/xprintf.o
                0x0000000008003d68                sxputc
 .text.xstream  0x0000000008003d78      0x17c build_arm_cortex_m3_base_application_stm32l/xprintf.o
                0x0000000008003d78                xstream
 .text.xprintf  0x0000000008003ef4       0x28 build_arm_cortex_m3_base_application_stm32l/xprintf.o
                0x0000000008003ef4                xprintf
 .text.set_dymc_output_type
                0x0000000008003f1c       0x18 build_arm_cortex_m3_base_application_stm32l/xprintf.o
                0x0000000008003f1c                set_dymc_output_type
 .text.xdymcprintf
                0x0000000008003f34       0x74 build_arm_cortex_m3_base_application_stm32l/xprintf.o
                0x0000000008003f34                xdymcprintf
 .text.cmd_line_parser
                0x0000000008003fa8       0x88 build_arm_cortex_m3_base_application_stm32l/cmd_line.o
                0x0000000008003fa8                cmd_line_parser
 .text.fifo_init
                0x0000000008004030       0x14 build_arm_cortex_m3_base_application_stm32l/fifo.o
                0x0000000008004030                fifo_init
 .text.fifo_availble
                0x0000000008004044        0x4 build_arm_cortex_m3_base_application_stm32l/fifo.o
                0x0000000008004044                fifo_availble
 .text.fifo_is_full
                0x0000000008004048       0x10 build_arm_cortex_m3_base_application_stm32l/fifo.o
                0x0000000008004048                fifo_is_full
 .text.fifo_put
                0x0000000008004058       0x54 build_arm_cortex_m3_base_application_stm32l/fifo.o
                0x0000000008004058                fifo_put
 .text.fifo_get
                0x00000000080040ac       0x50 build_arm_cortex_m3_base_application_stm32l/fifo.o
                0x00000000080040ac                fifo_get
 .text.ring_buffer_char_init
                0x00000000080040fc        0xc build_arm_cortex_m3_base_application_stm32l/ring_buffer.o
                0x00000000080040fc                ring_buffer_char_init
 .text.ring_buffer_char_is_empty
                0x0000000008004108        0xc build_arm_cortex_m3_base_application_stm32l/ring_buffer.o
                0x0000000008004108                ring_buffer_char_is_empty
 .text.ring_buffer_char_put
                0x0000000008004114       0x38 build_arm_cortex_m3_base_application_stm32l/ring_buffer.o
                0x0000000008004114                ring_buffer_char_put
 .text.ring_buffer_char_get
                0x000000000800414c       0x2c build_arm_cortex_m3_base_application_stm32l/ring_buffer.o
                0x000000000800414c                ring_buffer_char_get
 .text.button_init
                0x0000000008004178       0x34 build_arm_cortex_m3_base_application_stm32l/button.o
                0x0000000008004178                button_init
 .text.button_enable
                0x00000000080041ac        0x8 build_arm_cortex_m3_base_application_stm32l/button.o
                0x00000000080041ac                button_enable
 .text.button_timer_polling
                0x00000000080041b4       0x78 build_arm_cortex_m3_base_application_stm32l/button.o
                0x00000000080041b4                button_timer_polling
 .text.flash_wait_to_idle
                0x000000000800422c       0x44 build_arm_cortex_m3_base_application_stm32l/flash.o
 .text.flash_set_write_enable.constprop.0
                0x0000000008004270       0x1c build_arm_cortex_m3_base_application_stm32l/flash.o
 .text.flash_read
                0x000000000800428c       0x4c build_arm_cortex_m3_base_application_stm32l/flash.o
                0x000000000800428c                flash_read
 .text.flash_write
                0x00000000080042d8       0x70 build_arm_cortex_m3_base_application_stm32l/flash.o
                0x00000000080042d8                flash_write
 .text.flash_erase_sector
                0x0000000008004348       0x48 build_arm_cortex_m3_base_application_stm32l/flash.o
                0x0000000008004348                flash_erase_sector
 .text.flash_erase_block_64k
                0x0000000008004390       0x48 build_arm_cortex_m3_base_application_stm32l/flash.o
                0x0000000008004390                flash_erase_block_64k
 .text.flash_erase_full
                0x00000000080043d8       0x28 build_arm_cortex_m3_base_application_stm32l/flash.o
                0x00000000080043d8                flash_erase_full
 .text.led_init
                0x0000000008004400       0x20 build_arm_cortex_m3_base_application_stm32l/led.o
                0x0000000008004400                led_init
 .text.led_toggle
                0x0000000008004420       0x20 build_arm_cortex_m3_base_application_stm32l/led.o
                0x0000000008004420                led_toggle
 .text.sys_dbg_fatal
                0x0000000008004440      0x3d0 build_arm_cortex_m3_base_application_stm32l/sys_dbg.o
                0x0000000008004440                sys_dbg_fatal
 .text.sys_dbg_func_stack_dump
                0x0000000008004810       0x68 build_arm_cortex_m3_base_application_stm32l/sys_dbg.o
                0x0000000008004810                sys_dbg_func_stack_dump
 .text.sys_dbg_cpu_dump
                0x0000000008004878       0x4c build_arm_cortex_m3_base_application_stm32l/sys_dbg.o
                0x0000000008004878                sys_dbg_cpu_dump
 .text.sys_dbg_stack_space_dump
                0x00000000080048c4       0x34 build_arm_cortex_m3_base_application_stm32l/sys_dbg.o
                0x00000000080048c4                sys_dbg_stack_space_dump
 .text.sys_boot_init
                0x00000000080048f8       0x18 build_arm_cortex_m3_base_application_stm32l/sys_boot.o
                0x00000000080048f8                sys_boot_init
 .text.sys_boot_get
                0x0000000008004910        0xc build_arm_cortex_m3_base_application_stm32l/sys_boot.o
                0x0000000008004910                sys_boot_get
 .text.sys_boot_set
                0x000000000800491c       0x34 build_arm_cortex_m3_base_application_stm32l/sys_boot.o
                0x000000000800491c                sys_boot_set
 .text.sys_svc_restart_app
                0x0000000008004950        0x4 build_arm_cortex_m3_base_application_stm32l/sys_svc.o
                0x0000000008004950                sys_svc_restart_app
 .text.hal_nrf_rw
                0x0000000008004954        0x4 build_arm_cortex_m3_base_application_stm32l/hal_nrf_hw.o
                0x0000000008004954                hal_nrf_rw
 .text.hal_nrf_read_rx_pl_w
                0x0000000008004958       0x1c build_arm_cortex_m3_base_application_stm32l/hal_nrf_l01.o
                0x0000000008004958                hal_nrf_read_rx_pl_w
 .text.hal_nrf_get_rx_data_source
                0x0000000008004974       0x18 build_arm_cortex_m3_base_application_stm32l/hal_nrf_l01.o
                0x0000000008004974                hal_nrf_get_rx_data_source
 .text.hal_nrf_rx_fifo_empty
                0x000000000800498c       0x14 build_arm_cortex_m3_base_application_stm32l/hal_nrf_l01.o
                0x000000000800498c                hal_nrf_rx_fifo_empty
 .text.hal_nrf_read_reg
                0x00000000080049a0       0x20 build_arm_cortex_m3_base_application_stm32l/hal_nrf_l01.o
                0x00000000080049a0                hal_nrf_read_reg
 .text.hal_nrf_write_reg
                0x00000000080049c0       0x5c build_arm_cortex_m3_base_application_stm32l/hal_nrf_l01.o
                0x00000000080049c0                hal_nrf_write_reg
 .text.hal_nrf_set_irq_mode
                0x0000000008004a1c       0x38 build_arm_cortex_m3_base_application_stm32l/hal_nrf_l01.o
                0x0000000008004a1c                hal_nrf_set_irq_mode
 .text.hal_nrf_get_clear_irq_flags
                0x0000000008004a54       0x10 build_arm_cortex_m3_base_application_stm32l/hal_nrf_l01.o
                0x0000000008004a54                hal_nrf_get_clear_irq_flags
 .text.hal_nrf_set_crc_mode
                0x0000000008004a64       0x20 build_arm_cortex_m3_base_application_stm32l/hal_nrf_l01.o
                0x0000000008004a64                hal_nrf_set_crc_mode
 .text.hal_nrf_open_pipe
                0x0000000008004a84       0x78 build_arm_cortex_m3_base_application_stm32l/hal_nrf_l01.o
                0x0000000008004a84                hal_nrf_open_pipe
 .text.hal_nrf_close_pipe
                0x0000000008004afc       0x54 build_arm_cortex_m3_base_application_stm32l/hal_nrf_l01.o
                0x0000000008004afc                hal_nrf_close_pipe
 .text.hal_nrf_set_auto_retr
                0x0000000008004b50       0x1c build_arm_cortex_m3_base_application_stm32l/hal_nrf_l01.o
                0x0000000008004b50                hal_nrf_set_auto_retr
 .text.hal_nrf_set_address_width
                0x0000000008004b6c        0xc build_arm_cortex_m3_base_application_stm32l/hal_nrf_l01.o
                0x0000000008004b6c                hal_nrf_set_address_width
 .text.hal_nrf_set_rx_pload_width
                0x0000000008004b78        0x8 build_arm_cortex_m3_base_application_stm32l/hal_nrf_l01.o
                0x0000000008004b78                hal_nrf_set_rx_pload_width
 .text.hal_nrf_set_operation_mode
                0x0000000008004b80       0x30 build_arm_cortex_m3_base_application_stm32l/hal_nrf_l01.o
                0x0000000008004b80                hal_nrf_set_operation_mode
 .text.hal_nrf_set_power_mode
                0x0000000008004bb0       0x30 build_arm_cortex_m3_base_application_stm32l/hal_nrf_l01.o
                0x0000000008004bb0                hal_nrf_set_power_mode
 .text.hal_nrf_set_rf_channel
                0x0000000008004be0        0x8 build_arm_cortex_m3_base_application_stm32l/hal_nrf_l01.o
                0x0000000008004be0                hal_nrf_set_rf_channel
 .text.hal_nrf_set_output_power
                0x0000000008004be8       0x20 build_arm_cortex_m3_base_application_stm32l/hal_nrf_l01.o
                0x0000000008004be8                hal_nrf_set_output_power
 .text.hal_nrf_set_datarate
                0x0000000008004c08       0x30 build_arm_cortex_m3_base_application_stm32l/hal_nrf_l01.o
                0x0000000008004c08                hal_nrf_set_datarate
 .text.hal_nrf_flush_rx
                0x0000000008004c38        0x8 build_arm_cortex_m3_base_application_stm32l/hal_nrf_l01.o
                0x0000000008004c38                hal_nrf_flush_rx
 .text.hal_nrf_flush_tx
                0x0000000008004c40        0x8 build_arm_cortex_m3_base_application_stm32l/hal_nrf_l01.o
                0x0000000008004c40                hal_nrf_flush_tx
 .text.hal_nrf_set_lna_gain
                0x0000000008004c48       0x30 build_arm_cortex_m3_base_application_stm32l/hal_nrf_l01.o
                0x0000000008004c48                hal_nrf_set_lna_gain
 .text.hal_nrf_read_multibyte_reg
                0x0000000008004c78       0x84 build_arm_cortex_m3_base_application_stm32l/hal_nrf_l01.o
                0x0000000008004c78                hal_nrf_read_multibyte_reg
 .text.hal_nrf_read_rx_pload
                0x0000000008004cfc        0x8 build_arm_cortex_m3_base_application_stm32l/hal_nrf_l01.o
                0x0000000008004cfc                hal_nrf_read_rx_pload
 .text.hal_nrf_write_multibyte_reg
                0x0000000008004d04       0x5c build_arm_cortex_m3_base_application_stm32l/hal_nrf_l01.o
                0x0000000008004d04                hal_nrf_write_multibyte_reg
 .text.hal_nrf_set_address
                0x0000000008004d60       0x2c build_arm_cortex_m3_base_application_stm32l/hal_nrf_l01.o
                0x0000000008004d60                hal_nrf_set_address
 .text.hal_nrf_write_tx_pload
                0x0000000008004d8c        0xc build_arm_cortex_m3_base_application_stm32l/hal_nrf_l01.o
                0x0000000008004d8c                hal_nrf_write_tx_pload
 .text.GPIO_Init
                0x0000000008004d98       0x84 build_arm_cortex_m3_base_application_stm32l/stm32l1xx_gpio.o
                0x0000000008004d98                GPIO_Init
 .text.GPIO_ReadInputDataBit
                0x0000000008004e1c        0xc build_arm_cortex_m3_base_application_stm32l/stm32l1xx_gpio.o
                0x0000000008004e1c                GPIO_ReadInputDataBit
 .text.GPIO_SetBits
                0x0000000008004e28        0x4 build_arm_cortex_m3_base_application_stm32l/stm32l1xx_gpio.o
                0x0000000008004e28                GPIO_SetBits
 .text.GPIO_ResetBits
                0x0000000008004e2c        0x4 build_arm_cortex_m3_base_application_stm32l/stm32l1xx_gpio.o
                0x0000000008004e2c                GPIO_ResetBits
 .text.GPIO_PinAFConfig
                0x0000000008004e30       0x28 build_arm_cortex_m3_base_application_stm32l/stm32l1xx_gpio.o
                0x0000000008004e30                GPIO_PinAFConfig
 .text.RCC_HSICmd
                0x0000000008004e58        0xc build_arm_cortex_m3_base_application_stm32l/stm32l1xx_rcc.o
                0x0000000008004e58                RCC_HSICmd
 .text.RCC_GetClocksFreq
                0x0000000008004e64       0xac build_arm_cortex_m3_base_application_stm32l/stm32l1xx_rcc.o
                0x0000000008004e64                RCC_GetClocksFreq
 .text.RCC_AHBPeriphClockCmd
                0x0000000008004f10       0x18 build_arm_cortex_m3_base_application_stm32l/stm32l1xx_rcc.o
                0x0000000008004f10                RCC_AHBPeriphClockCmd
 .text.RCC_APB2PeriphClockCmd
                0x0000000008004f28       0x18 build_arm_cortex_m3_base_application_stm32l/stm32l1xx_rcc.o
                0x0000000008004f28                RCC_APB2PeriphClockCmd
 .text.RCC_APB1PeriphClockCmd
                0x0000000008004f40       0x18 build_arm_cortex_m3_base_application_stm32l/stm32l1xx_rcc.o
                0x0000000008004f40                RCC_APB1PeriphClockCmd
 .text.RCC_APB2PeriphResetCmd
                0x0000000008004f58       0x18 build_arm_cortex_m3_base_application_stm32l/stm32l1xx_rcc.o
                0x0000000008004f58                RCC_APB2PeriphResetCmd
 .text.RCC_APB1PeriphResetCmd
                0x0000000008004f70       0x18 build_arm_cortex_m3_base_application_stm32l/stm32l1xx_rcc.o
                0x0000000008004f70                RCC_APB1PeriphResetCmd
 .text.RCC_GetFlagStatus
                0x0000000008004f88       0x20 build_arm_cortex_m3_base_application_stm32l/stm32l1xx_rcc.o
                0x0000000008004f88                RCC_GetFlagStatus
 .text.USART_Init
                0x0000000008004fa8       0xb4 build_arm_cortex_m3_base_application_stm32l/stm32l1xx_usart.o
                0x0000000008004fa8                USART_Init
 .text.USART_Cmd
                0x000000000800505c       0x18 build_arm_cortex_m3_base_application_stm32l/stm32l1xx_usart.o
                0x000000000800505c                USART_Cmd
 .text.USART_SendData
                0x0000000008005074        0x8 build_arm_cortex_m3_base_application_stm32l/stm32l1xx_usart.o
                0x0000000008005074                USART_SendData
 .text.USART_ReceiveData
                0x000000000800507c        0x8 build_arm_cortex_m3_base_application_stm32l/stm32l1xx_usart.o
                0x000000000800507c                USART_ReceiveData
 .text.USART_ITConfig
                0x0000000008005084       0x38 build_arm_cortex_m3_base_application_stm32l/stm32l1xx_usart.o
                0x0000000008005084                USART_ITConfig
 .text.USART_GetFlagStatus
                0x00000000080050bc        0xc build_arm_cortex_m3_base_application_stm32l/stm32l1xx_usart.o
                0x00000000080050bc                USART_GetFlagStatus
 .text.USART_GetITStatus
                0x00000000080050c8       0x44 build_arm_cortex_m3_base_application_stm32l/stm32l1xx_usart.o
                0x00000000080050c8                USART_GetITStatus
 .text.USART_ClearITPendingBit
                0x000000000800510c       0x10 build_arm_cortex_m3_base_application_stm32l/stm32l1xx_usart.o
                0x000000000800510c                USART_ClearITPendingBit
 .text.SPI_I2S_DeInit
                0x000000000800511c       0x6c build_arm_cortex_m3_base_application_stm32l/stm32l1xx_spi.o
                0x000000000800511c                SPI_I2S_DeInit
 .text.SPI_Init
                0x0000000008005188       0x40 build_arm_cortex_m3_base_application_stm32l/stm32l1xx_spi.o
                0x0000000008005188                SPI_Init
 .text.SPI_Cmd  0x00000000080051c8       0x18 build_arm_cortex_m3_base_application_stm32l/stm32l1xx_spi.o
                0x00000000080051c8                SPI_Cmd
 .text.SPI_I2S_ReceiveData
                0x00000000080051e0        0x4 build_arm_cortex_m3_base_application_stm32l/stm32l1xx_spi.o
                0x00000000080051e0                SPI_I2S_ReceiveData
 .text.SPI_I2S_SendData
                0x00000000080051e4        0x4 build_arm_cortex_m3_base_application_stm32l/stm32l1xx_spi.o
                0x00000000080051e4                SPI_I2S_SendData
 .text.SPI_I2S_GetFlagStatus
                0x00000000080051e8        0xc build_arm_cortex_m3_base_application_stm32l/stm32l1xx_spi.o
                0x00000000080051e8                SPI_I2S_GetFlagStatus
 .text.NVIC_PriorityGroupConfig
                0x00000000080051f4       0x14 build_arm_cortex_m3_base_application_stm32l/misc.o
                0x00000000080051f4                NVIC_PriorityGroupConfig
 .text.NVIC_Init
                0x0000000008005208       0x5c build_arm_cortex_m3_base_application_stm32l/misc.o
                0x0000000008005208                NVIC_Init
 .text.EXTI_Init
                0x0000000008005264       0x7c build_arm_cortex_m3_base_application_stm32l/stm32l1xx_exti.o
                0x0000000008005264                EXTI_Init
 .text.EXTI_GetFlagStatus
                0x00000000080052e0       0x14 build_arm_cortex_m3_base_application_stm32l/stm32l1xx_exti.o
                0x00000000080052e0                EXTI_GetFlagStatus
 .text.EXTI_GetITStatus
                0x00000000080052f4        0x4 build_arm_cortex_m3_base_application_stm32l/stm32l1xx_exti.o
                0x00000000080052f4                EXTI_GetITStatus
 .text.EXTI_ClearITPendingBit
                0x00000000080052f8        0xc build_arm_cortex_m3_base_application_stm32l/stm32l1xx_exti.o
                0x00000000080052f8                EXTI_ClearITPendingBit
 .text.SYSCFG_EXTILineConfig
                0x0000000008005304       0x30 build_arm_cortex_m3_base_application_stm32l/stm32l1xx_syscfg.o
                0x0000000008005304                SYSCFG_EXTILineConfig
 .text.TIM_TimeBaseInit
                0x0000000008005334       0x5c build_arm_cortex_m3_base_application_stm32l/stm32l1xx_tim.o
                0x0000000008005334                TIM_TimeBaseInit
 .text.TIM_Cmd  0x0000000008005390       0x18 build_arm_cortex_m3_base_application_stm32l/stm32l1xx_tim.o
                0x0000000008005390                TIM_Cmd
 .text.TIM_ITConfig
                0x00000000080053a8       0x14 build_arm_cortex_m3_base_application_stm32l/stm32l1xx_tim.o
                0x00000000080053a8                TIM_ITConfig
 .text.TIM_GetITStatus
                0x00000000080053bc       0x18 build_arm_cortex_m3_base_application_stm32l/stm32l1xx_tim.o
                0x00000000080053bc                TIM_GetITStatus
 .text.TIM_ClearITPendingBit
                0x00000000080053d4        0x8 build_arm_cortex_m3_base_application_stm32l/stm32l1xx_tim.o
                0x00000000080053d4                TIM_ClearITPendingBit
 .text.FLASH_Unlock
                0x00000000080053dc       0x38 build_arm_cortex_m3_base_application_stm32l/stm32l1xx_flash.o
                0x00000000080053dc                FLASH_Unlock
 .text.FLASH_Lock
                0x0000000008005414       0x10 build_arm_cortex_m3_base_application_stm32l/stm32l1xx_flash.o
                0x0000000008005414                FLASH_Lock
 .text.DATA_EEPROM_Unlock
                0x0000000008005424       0x20 build_arm_cortex_m3_base_application_stm32l/stm32l1xx_flash.o
                0x0000000008005424                DATA_EEPROM_Unlock
 .text.DATA_EEPROM_Lock
                0x0000000008005444       0x10 build_arm_cortex_m3_base_application_stm32l/stm32l1xx_flash.o
                0x0000000008005444                DATA_EEPROM_Lock
 .text.FLASH_ClearFlag
                0x0000000008005454        0xc build_arm_cortex_m3_base_application_stm32l/stm32l1xx_flash.o
                0x0000000008005454                FLASH_ClearFlag
 .text.FLASH_GetStatus
                0x0000000008005460       0x28 build_arm_cortex_m3_base_application_stm32l/stm32l1xx_flash.o
                0x0000000008005460                FLASH_GetStatus
 .text.FLASH_WaitForLastOperation
                0x0000000008005488       0x48 build_arm_cortex_m3_base_application_stm32l/stm32l1xx_flash.o
                0x0000000008005488                FLASH_WaitForLastOperation
 .text.FLASH_ErasePage
                0x00000000080054d0       0x48 build_arm_cortex_m3_base_application_stm32l/stm32l1xx_flash.o
                0x00000000080054d0                FLASH_ErasePage
 .text.FLASH_FastProgramWord
                0x0000000008005518       0x24 build_arm_cortex_m3_base_application_stm32l/stm32l1xx_flash.o
                0x0000000008005518                FLASH_FastProgramWord
 .text.DATA_EEPROM_FastProgramWord
                0x000000000800553c       0x30 build_arm_cortex_m3_base_application_stm32l/stm32l1xx_flash.o
                0x000000000800553c                DATA_EEPROM_FastProgramWord
 .text.DATA_EEPROM_ProgramByte
                0x000000000800556c       0x54 build_arm_cortex_m3_base_application_stm32l/stm32l1xx_flash.o
                0x000000000800556c                DATA_EEPROM_ProgramByte
 .text.IWDG_WriteAccessCmd
                0x00000000080055c0        0xc build_arm_cortex_m3_base_application_stm32l/stm32l1xx_iwdg.o
                0x00000000080055c0                IWDG_WriteAccessCmd
 .text.IWDG_SetPrescaler
                0x00000000080055cc        0xc build_arm_cortex_m3_base_application_stm32l/stm32l1xx_iwdg.o
                0x00000000080055cc                IWDG_SetPrescaler
 .text.IWDG_SetReload
                0x00000000080055d8        0xc build_arm_cortex_m3_base_application_stm32l/stm32l1xx_iwdg.o
                0x00000000080055d8                IWDG_SetReload
 .text.IWDG_ReloadCounter
                0x00000000080055e4       0x10 build_arm_cortex_m3_base_application_stm32l/stm32l1xx_iwdg.o
                0x00000000080055e4                IWDG_ReloadCounter
 .text.IWDG_Enable
                0x00000000080055f4       0x10 build_arm_cortex_m3_base_application_stm32l/stm32l1xx_iwdg.o
                0x00000000080055f4                IWDG_Enable
 .text.I2C_SendData
                0x0000000008005604        0x4 build_arm_cortex_m3_base_application_stm32l/stm32l1xx_i2c.o
                0x0000000008005604                I2C_SendData
 .text.I2C_CheckEvent
                0x0000000008005608       0x18 build_arm_cortex_m3_base_application_stm32l/stm32l1xx_i2c.o
                0x0000000008005608                I2C_CheckEvent
 .text.TM_GPIO_INT_EnableClock
                0x0000000008005620       0x30 build_arm_cortex_m3_base_application_stm32l/tm_stm32f4_gpio.o
                0x0000000008005620                TM_GPIO_INT_EnableClock
 .text.disable_interrupts
                0x0000000008005650       0x10 build_arm_cortex_m3_base_application_stm32l/platform.o
                0x0000000008005650                disable_interrupts
 .text.entry_critical
                0x0000000008005660       0x14 build_arm_cortex_m3_base_application_stm32l/platform.o
                0x0000000008005660                entry_critical
 .text.exit_critical
                0x0000000008005674       0x2c build_arm_cortex_m3_base_application_stm32l/platform.o
                0x0000000008005674                exit_critical
 .text.get_nest_entry_critical_counter
                0x00000000080056a0        0xc build_arm_cortex_m3_base_application_stm32l/platform.o
                0x00000000080056a0                get_nest_entry_critical_counter
 .text.svc_handler
                0x00000000080056ac       0x14 build_arm_cortex_m3_base_application_stm32l/system.o
                0x00000000080056ac                svc_handler
 .text.pendsv_handler
                0x00000000080056c0       0x14 build_arm_cortex_m3_base_application_stm32l/system.o
                0x00000000080056c0                pendsv_handler
 .text.default_handler
                0x00000000080056d4       0x18 build_arm_cortex_m3_base_application_stm32l/system.o
                0x00000000080056d4                default_handler
                0x00000000080056d4                dg_monitor_handler
 .text.nmi_handler
                0x00000000080056ec       0x18 build_arm_cortex_m3_base_application_stm32l/system.o
                0x00000000080056ec                nmi_handler
 .text.hard_fault_handler
                0x0000000008005704       0x18 build_arm_cortex_m3_base_application_stm32l/system.o
                0x0000000008005704                hard_fault_handler
 .text.mem_manage_handler
                0x000000000800571c       0x18 build_arm_cortex_m3_base_application_stm32l/system.o
                0x000000000800571c                mem_manage_handler
 .text.bus_fault_handler
                0x0000000008005734       0x18 build_arm_cortex_m3_base_application_stm32l/system.o
                0x0000000008005734                bus_fault_handler
 .text.usage_fault_handler
                0x000000000800574c       0x18 build_arm_cortex_m3_base_application_stm32l/system.o
                0x000000000800574c                usage_fault_handler
 .text.systick_handler
                0x0000000008005764       0x48 build_arm_cortex_m3_base_application_stm32l/system.o
                0x0000000008005764                systick_handler
 .text.usb_lp_irq
                0x00000000080057ac       0x10 build_arm_cortex_m3_base_application_stm32l/system.o
                0x00000000080057ac                usb_lp_irq
 .text.shell_handler
                0x00000000080057bc       0x84 build_arm_cortex_m3_base_application_stm32l/system.o
                0x00000000080057bc                shell_handler
 .text.exti_line1_irq
                0x0000000008005840       0x20 build_arm_cortex_m3_base_application_stm32l/system.o
                0x0000000008005840                exti_line1_irq
 .text.timer7_irq
                0x0000000008005860       0x24 build_arm_cortex_m3_base_application_stm32l/system.o
                0x0000000008005860                timer7_irq
 .text.sys_ctrl_delay
                0x0000000008005884        0xc build_arm_cortex_m3_base_application_stm32l/system.o
                0x0000000008005884                sys_ctrl_delay
 .text.reset_handler
                0x0000000008005890       0xf8 build_arm_cortex_m3_base_application_stm32l/system.o
                0x0000000008005890                reset_handler
 .text._init    0x0000000008005988        0x4 build_arm_cortex_m3_base_application_stm32l/system.o
                0x0000000008005988                _init
 .text.svc_exe  0x000000000800598c       0x20 build_arm_cortex_m3_base_application_stm32l/system.o
                0x000000000800598c                svc_exe
 .text.pendsv_exe
                0x00000000080059ac       0x10 build_arm_cortex_m3_base_application_stm32l/system.o
                0x00000000080059ac                pendsv_exe
 .text.xputchar
                0x00000000080059bc       0x44 build_arm_cortex_m3_base_application_stm32l/sys_cfg.o
 .text.sys_cfg_clock
                0x0000000008005a00       0x24 build_arm_cortex_m3_base_application_stm32l/sys_cfg.o
                0x0000000008005a00                sys_cfg_clock
 .text.sys_cfg_tick
                0x0000000008005a24       0x4c build_arm_cortex_m3_base_application_stm32l/sys_cfg.o
                0x0000000008005a24                sys_cfg_tick
 .text.sys_cfg_console
                0x0000000008005a70       0xd8 build_arm_cortex_m3_base_application_stm32l/sys_cfg.o
                0x0000000008005a70                sys_cfg_console
 .text.sys_cfg_svc
                0x0000000008005b48       0x1c build_arm_cortex_m3_base_application_stm32l/sys_cfg.o
                0x0000000008005b48                sys_cfg_svc
 .text.sys_cfg_pendsv
                0x0000000008005b64       0x1c build_arm_cortex_m3_base_application_stm32l/sys_cfg.o
                0x0000000008005b64                sys_cfg_pendsv
 .text.sys_cfg_update_info
                0x0000000008005b80       0xf8 build_arm_cortex_m3_base_application_stm32l/sys_cfg.o
                0x0000000008005b80                sys_cfg_update_info
 .text.sys_ctrl_shell_put_char
                0x0000000008005c78       0x44 build_arm_cortex_m3_base_application_stm32l/sys_cfg.o
                0x0000000008005c78                sys_ctrl_shell_put_char
 .text.sys_ctrl_shell_get_char
                0x0000000008005cbc       0x40 build_arm_cortex_m3_base_application_stm32l/sys_cfg.o
                0x0000000008005cbc                sys_ctrl_shell_get_char
 .text.sys_ctrl_reset
                0x0000000008005cfc       0x20 build_arm_cortex_m3_base_application_stm32l/sys_cfg.o
                0x0000000008005cfc                sys_ctrl_reset
 .text.sys_ctrl_delay_us
                0x0000000008005d1c       0x28 build_arm_cortex_m3_base_application_stm32l/sys_cfg.o
                0x0000000008005d1c                sys_ctrl_delay_us
 .text.sys_ctrl_delay_ms
                0x0000000008005d44       0x38 build_arm_cortex_m3_base_application_stm32l/sys_cfg.o
                0x0000000008005d44                sys_ctrl_delay_ms
 .text.sys_ctr_sleep_wait_for_irq
                0x0000000008005d7c       0x20 build_arm_cortex_m3_base_application_stm32l/sys_cfg.o
                0x0000000008005d7c                sys_ctr_sleep_wait_for_irq
 .text.sys_ctrl_independent_watchdog_init
                0x0000000008005d9c       0x30 build_arm_cortex_m3_base_application_stm32l/sys_cfg.o
                0x0000000008005d9c                sys_ctrl_independent_watchdog_init
 .text.sys_ctrl_independent_watchdog_reset
                0x0000000008005dcc       0x14 build_arm_cortex_m3_base_application_stm32l/sys_cfg.o
                0x0000000008005dcc                sys_ctrl_independent_watchdog_reset
 .text.sys_ctrl_soft_watchdog_init
                0x0000000008005de0       0x60 build_arm_cortex_m3_base_application_stm32l/sys_cfg.o
                0x0000000008005de0                sys_ctrl_soft_watchdog_init
 .text.sys_ctrl_soft_watchdog_reset
                0x0000000008005e40       0x18 build_arm_cortex_m3_base_application_stm32l/sys_cfg.o
                0x0000000008005e40                sys_ctrl_soft_watchdog_reset
 .text.sys_ctrl_soft_watchdog_increase_counter
                0x0000000008005e58       0x3c build_arm_cortex_m3_base_application_stm32l/sys_cfg.o
                0x0000000008005e58                sys_ctrl_soft_watchdog_increase_counter
 .text.sys_ctrl_get_firmware_info
                0x0000000008005e94       0x4c build_arm_cortex_m3_base_application_stm32l/sys_cfg.o
                0x0000000008005e94                sys_ctrl_get_firmware_info
 .text.ak_irq_io_entry_trigger
                0x0000000008005ee0        0x4 build_arm_cortex_m3_base_application_stm32l/sys_cfg.o
                0x0000000008005ee0                ak_irq_io_entry_trigger
 .text.ak_irq_io_exit_trigger
                0x0000000008005ee4        0x4 build_arm_cortex_m3_base_application_stm32l/sys_cfg.o
                0x0000000008005ee4                ak_irq_io_exit_trigger
 .text.io_button_mode_init
                0x0000000008005ee8       0x28 build_arm_cortex_m3_base_application_stm32l/io_cfg.o
                0x0000000008005ee8                io_button_mode_init
 .text.io_button_up_init
                0x0000000008005f10       0x28 build_arm_cortex_m3_base_application_stm32l/io_cfg.o
                0x0000000008005f10                io_button_up_init
 .text.io_button_down_init
                0x0000000008005f38       0x2c build_arm_cortex_m3_base_application_stm32l/io_cfg.o
                0x0000000008005f38                io_button_down_init
 .text.io_button_mode_read
                0x0000000008005f64        0xc build_arm_cortex_m3_base_application_stm32l/io_cfg.o
                0x0000000008005f64                io_button_mode_read
 .text.io_button_up_read
                0x0000000008005f70        0xc build_arm_cortex_m3_base_application_stm32l/io_cfg.o
                0x0000000008005f70                io_button_up_read
 .text.io_button_down_read
                0x0000000008005f7c       0x10 build_arm_cortex_m3_base_application_stm32l/io_cfg.o
                0x0000000008005f7c                io_button_down_read
 .text.led_life_init
                0x0000000008005f8c       0x2c build_arm_cortex_m3_base_application_stm32l/io_cfg.o
                0x0000000008005f8c                led_life_init
 .text.led_life_on
                0x0000000008005fb8       0x10 build_arm_cortex_m3_base_application_stm32l/io_cfg.o
                0x0000000008005fb8                led_life_on
 .text.led_life_off
                0x0000000008005fc8       0x10 build_arm_cortex_m3_base_application_stm32l/io_cfg.o
                0x0000000008005fc8                led_life_off
 .text.nrf24l01_io_ctrl_init
                0x0000000008005fd8       0x94 build_arm_cortex_m3_base_application_stm32l/io_cfg.o
                0x0000000008005fd8                nrf24l01_io_ctrl_init
 .text.nrf24l01_spi_ctrl_init
                0x000000000800606c       0xa0 build_arm_cortex_m3_base_application_stm32l/io_cfg.o
                0x000000000800606c                nrf24l01_spi_ctrl_init
 .text.nrf24l01_ce_low
                0x000000000800610c       0x10 build_arm_cortex_m3_base_application_stm32l/io_cfg.o
                0x000000000800610c                nrf24l01_ce_low
 .text.nrf24l01_ce_high
                0x000000000800611c       0x10 build_arm_cortex_m3_base_application_stm32l/io_cfg.o
                0x000000000800611c                nrf24l01_ce_high
 .text.nrf24l01_csn_low
                0x000000000800612c       0x10 build_arm_cortex_m3_base_application_stm32l/io_cfg.o
                0x000000000800612c                nrf24l01_csn_low
 .text.nrf24l01_csn_high
                0x000000000800613c       0x10 build_arm_cortex_m3_base_application_stm32l/io_cfg.o
                0x000000000800613c                nrf24l01_csn_high
 .text.nrf24l01_spi_rw
                0x000000000800614c       0xa4 build_arm_cortex_m3_base_application_stm32l/io_cfg.o
                0x000000000800614c                nrf24l01_spi_rw
 .text.flash_io_ctrl_init
                0x00000000080061f0       0x2c build_arm_cortex_m3_base_application_stm32l/io_cfg.o
                0x00000000080061f0                flash_io_ctrl_init
 .text.flash_cs_low
                0x000000000800621c       0x10 build_arm_cortex_m3_base_application_stm32l/io_cfg.o
                0x000000000800621c                flash_cs_low
 .text.flash_cs_high
                0x000000000800622c       0x10 build_arm_cortex_m3_base_application_stm32l/io_cfg.o
                0x000000000800622c                flash_cs_high
 .text.flash_transfer
                0x000000000800623c       0xa4 build_arm_cortex_m3_base_application_stm32l/io_cfg.o
                0x000000000800623c                flash_transfer
 .text.sht1x_clk_input_mode
                0x00000000080062e0       0x2c build_arm_cortex_m3_base_application_stm32l/io_cfg.o
                0x00000000080062e0                sht1x_clk_input_mode
 .text.sht1x_clk_output_mode
                0x000000000800630c       0x2c build_arm_cortex_m3_base_application_stm32l/io_cfg.o
                0x000000000800630c                sht1x_clk_output_mode
 .text.sht1x_clk_digital_write_low
                0x0000000008006338       0x10 build_arm_cortex_m3_base_application_stm32l/io_cfg.o
                0x0000000008006338                sht1x_clk_digital_write_low
 .text.sht1x_clk_digital_write_high
                0x0000000008006348       0x10 build_arm_cortex_m3_base_application_stm32l/io_cfg.o
                0x0000000008006348                sht1x_clk_digital_write_high
 .text.sht1x_data_input_mode
                0x0000000008006358       0x2c build_arm_cortex_m3_base_application_stm32l/io_cfg.o
                0x0000000008006358                sht1x_data_input_mode
 .text.sht1x_data_output_mode
                0x0000000008006384       0x2c build_arm_cortex_m3_base_application_stm32l/io_cfg.o
                0x0000000008006384                sht1x_data_output_mode
 .text.sht1x_data_digital_write_low
                0x00000000080063b0       0x10 build_arm_cortex_m3_base_application_stm32l/io_cfg.o
                0x00000000080063b0                sht1x_data_digital_write_low
 .text.sht1x_data_digital_write_high
                0x00000000080063c0       0x10 build_arm_cortex_m3_base_application_stm32l/io_cfg.o
                0x00000000080063c0                sht1x_data_digital_write_high
 .text.ds1302_ce_input_mode
                0x00000000080063d0       0x28 build_arm_cortex_m3_base_application_stm32l/io_cfg.o
                0x00000000080063d0                ds1302_ce_input_mode
 .text.ds1302_ce_output_mode
                0x00000000080063f8       0x2c build_arm_cortex_m3_base_application_stm32l/io_cfg.o
                0x00000000080063f8                ds1302_ce_output_mode
 .text.ds1302_ce_digital_write_low
                0x0000000008006424        0xc build_arm_cortex_m3_base_application_stm32l/io_cfg.o
                0x0000000008006424                ds1302_ce_digital_write_low
 .text.ds1302_ce_digital_write_high
                0x0000000008006430        0xc build_arm_cortex_m3_base_application_stm32l/io_cfg.o
                0x0000000008006430                ds1302_ce_digital_write_high
 .text.ds1302_clk_input_mode
                0x000000000800643c       0x28 build_arm_cortex_m3_base_application_stm32l/io_cfg.o
                0x000000000800643c                ds1302_clk_input_mode
 .text.ds1302_clk_output_mode
                0x0000000008006464       0x2c build_arm_cortex_m3_base_application_stm32l/io_cfg.o
                0x0000000008006464                ds1302_clk_output_mode
 .text.ds1302_clk_digital_write_low
                0x0000000008006490       0x10 build_arm_cortex_m3_base_application_stm32l/io_cfg.o
                0x0000000008006490                ds1302_clk_digital_write_low
 .text.ds1302_clk_digital_write_high
                0x00000000080064a0       0x10 build_arm_cortex_m3_base_application_stm32l/io_cfg.o
                0x00000000080064a0                ds1302_clk_digital_write_high
 .text.ds1302_data_input_mode
                0x00000000080064b0       0x28 build_arm_cortex_m3_base_application_stm32l/io_cfg.o
                0x00000000080064b0                ds1302_data_input_mode
 .text.ds1302_data_output_mode
                0x00000000080064d8       0x28 build_arm_cortex_m3_base_application_stm32l/io_cfg.o
                0x00000000080064d8                ds1302_data_output_mode
 .text.ds1302_data_digital_write_low
                0x0000000008006500        0xc build_arm_cortex_m3_base_application_stm32l/io_cfg.o
                0x0000000008006500                ds1302_data_digital_write_low
 .text.ds1302_data_digital_write_high
                0x000000000800650c        0xc build_arm_cortex_m3_base_application_stm32l/io_cfg.o
                0x000000000800650c                ds1302_data_digital_write_high
 .text.ssd1306_clk_input_mode
                0x0000000008006518       0x2c build_arm_cortex_m3_base_application_stm32l/io_cfg.o
                0x0000000008006518                ssd1306_clk_input_mode
 .text.ssd1306_clk_output_mode
                0x0000000008006544       0x2c build_arm_cortex_m3_base_application_stm32l/io_cfg.o
                0x0000000008006544                ssd1306_clk_output_mode
 .text.ssd1306_clk_digital_write_low
                0x0000000008006570       0x10 build_arm_cortex_m3_base_application_stm32l/io_cfg.o
                0x0000000008006570                ssd1306_clk_digital_write_low
 .text.ssd1306_clk_digital_write_high
                0x0000000008006580       0x10 build_arm_cortex_m3_base_application_stm32l/io_cfg.o
                0x0000000008006580                ssd1306_clk_digital_write_high
 .text.ssd1306_data_input_mode
                0x0000000008006590       0x2c build_arm_cortex_m3_base_application_stm32l/io_cfg.o
                0x0000000008006590                ssd1306_data_input_mode
 .text.ssd1306_data_output_mode
                0x00000000080065bc       0x2c build_arm_cortex_m3_base_application_stm32l/io_cfg.o
                0x00000000080065bc                ssd1306_data_output_mode
 .text.ssd1306_data_digital_write_low
                0x00000000080065e8       0x10 build_arm_cortex_m3_base_application_stm32l/io_cfg.o
                0x00000000080065e8                ssd1306_data_digital_write_low
 .text.ssd1306_data_digital_write_high
                0x00000000080065f8       0x10 build_arm_cortex_m3_base_application_stm32l/io_cfg.o
                0x00000000080065f8                ssd1306_data_digital_write_high
 .text.io_eeprom_read
                0x0000000008006608       0x34 build_arm_cortex_m3_base_application_stm32l/io_cfg.o
                0x0000000008006608                io_eeprom_read
 .text.io_eeprom_erase
                0x000000000800663c       0x54 build_arm_cortex_m3_base_application_stm32l/io_cfg.o
                0x000000000800663c                io_eeprom_erase
 .text.internal_flash_unlock
                0x0000000008006690       0x14 build_arm_cortex_m3_base_application_stm32l/io_cfg.o
                0x0000000008006690                internal_flash_unlock
 .text.internal_flash_lock
                0x00000000080066a4        0x4 build_arm_cortex_m3_base_application_stm32l/io_cfg.o
                0x00000000080066a4                internal_flash_lock
 .text.internal_flash_erase_pages_cal
                0x00000000080066a8       0x2c build_arm_cortex_m3_base_application_stm32l/io_cfg.o
                0x00000000080066a8                internal_flash_erase_pages_cal
 .text.internal_flash_write_cal
                0x00000000080066d4       0x64 build_arm_cortex_m3_base_application_stm32l/io_cfg.o
                0x00000000080066d4                internal_flash_write_cal
 .text.SystemInit
                0x0000000008006738      0x11c build_arm_cortex_m3_base_application_stm32l/system_stm32l1xx.o
                0x0000000008006738                SystemInit
 .text.SystemCoreClockUpdate
                0x0000000008006854       0x8c build_arm_cortex_m3_base_application_stm32l/system_stm32l1xx.o
                0x0000000008006854                SystemCoreClockUpdate
 .text.main_app
                0x00000000080068e0      0x150 build_arm_cortex_m3_base_application_stm32l/app.o
                0x00000000080068e0                main_app
 .text.sys_irq_timer_10ms
                0x0000000008006a30       0x24 build_arm_cortex_m3_base_application_stm32l/app.o
                0x0000000008006a30                sys_irq_timer_10ms
 .text.sys_irq_usb_recv
                0x0000000008006a54        0x4 build_arm_cortex_m3_base_application_stm32l/app.o
                0x0000000008006a54                sys_irq_usb_recv
 .text._Z17btn_mode_callbackPv
                0x0000000008006a58       0x10 build_arm_cortex_m3_base_application_stm32l/app_bsp.o
                0x0000000008006a58                btn_mode_callback(void*)
 .text._Z15btn_up_callbackPv
                0x0000000008006a68        0x4 build_arm_cortex_m3_base_application_stm32l/app_bsp.o
                0x0000000008006a68                btn_up_callback(void*)
 .text._Z17btn_down_callbackPv
                0x0000000008006a6c        0x4 build_arm_cortex_m3_base_application_stm32l/app_bsp.o
                0x0000000008006a6c                btn_down_callback(void*)
 .text.rf_printf
                0x0000000008006a70        0x4 build_arm_cortex_m3_base_application_stm32l/rf_remote_ctrl.o
                0x0000000008006a70                rf_printf
 .text._ZL9shell_epiPh
                0x0000000008006a74        0x4 build_arm_cortex_m3_base_application_stm32l/shell.o
 .text._ZL9shell_psvPh
                0x0000000008006a78       0x14 build_arm_cortex_m3_base_application_stm32l/shell.o
 .text._ZL10shell_helpPh
                0x0000000008006a8c       0x30 build_arm_cortex_m3_base_application_stm32l/shell.o
 .text._ZL9shell_dbgPh
                0x0000000008006abc      0x148 build_arm_cortex_m3_base_application_stm32l/shell.o
 .text._ZL9shell_svcPh
                0x0000000008006c04       0x10 build_arm_cortex_m3_base_application_stm32l/shell.o
 .text._ZL9shell_fwuPh
                0x0000000008006c14       0x34 build_arm_cortex_m3_base_application_stm32l/shell.o
 .text._ZL10str_parserPc
                0x0000000008006c48       0x84 build_arm_cortex_m3_base_application_stm32l/shell.o
 .text._ZL11shell_flashPh
                0x0000000008006ccc      0x198 build_arm_cortex_m3_base_application_stm32l/shell.o
 .text._ZL9shell_epsPh
                0x0000000008006e64       0xec build_arm_cortex_m3_base_application_stm32l/shell.o
 .text._ZL9shell_sttPh
                0x0000000008006f50       0x34 build_arm_cortex_m3_base_application_stm32l/shell.o
 .text._ZL11shell_fatalPh
                0x0000000008006f84      0x318 build_arm_cortex_m3_base_application_stm32l/shell.o
 .text._ZL9shell_ramPh
                0x000000000800729c      0x240 build_arm_cortex_m3_base_application_stm32l/shell.o
 .text._ZL12shell_rebootPh
                0x00000000080074dc       0x10 build_arm_cortex_m3_base_application_stm32l/shell.o
 .text._ZL9shell_verPh
                0x00000000080074ec       0xe8 build_arm_cortex_m3_base_application_stm32l/shell.o
 .text._ZL11shell_resetPh
                0x00000000080075d4       0x10 build_arm_cortex_m3_base_application_stm32l/shell.o
 .text._ZL10shell_bootPh
                0x00000000080075e4       0xec build_arm_cortex_m3_base_application_stm32l/shell.o
 .text._ZL9shell_lcdPh
                0x00000000080076d0      0x100 build_arm_cortex_m3_base_application_stm32l/shell.o
 .text.sys_irq_shell
                0x00000000080077d0       0xb8 build_arm_cortex_m3_base_application_stm32l/task_shell.o
                0x00000000080077d0                sys_irq_shell
 .text._Z10task_shellP8ak_msg_t
                0x0000000008007888       0xb0 build_arm_cortex_m3_base_application_stm32l/task_shell.o
                0x0000000008007888                task_shell(ak_msg_t*)
 .text._Z9task_lifeP8ak_msg_t
                0x0000000008007938       0x20 build_arm_cortex_m3_base_application_stm32l/task_life.o
                0x0000000008007938                task_life(ak_msg_t*)
 .text._Z7task_fwP8ak_msg_t
                0x0000000008007958      0x3fc build_arm_cortex_m3_base_application_stm32l/task_fw.o
                0x0000000008007958                task_fw(ak_msg_t*)
 .text._Z12task_displayP8ak_msg_t
                0x0000000008007d54       0xd8 build_arm_cortex_m3_base_application_stm32l/task_display.o
                0x0000000008007d54                task_display(ak_msg_t*)
 .text._Z7task_ifP8ak_msg_t
                0x0000000008007e2c       0x9c build_arm_cortex_m3_base_application_stm32l/task_if.o
                0x0000000008007e2c                task_if(ak_msg_t*)
 .text._Z12task_rf24_ifP8ak_msg_t
                0x0000000008007ec8       0x98 build_arm_cortex_m3_base_application_stm32l/task_rf24_if.o
                0x0000000008007ec8                task_rf24_if(ak_msg_t*)
 .text._Z12task_uart_ifP8ak_msg_t
                0x0000000008007f60       0x90 build_arm_cortex_m3_base_application_stm32l/task_uart_if.o
                0x0000000008007f60                task_uart_if(ak_msg_t*)
 .text._Z8task_dbgP8ak_msg_t
                0x0000000008007ff0        0x4 build_arm_cortex_m3_base_application_stm32l/task_dbg.o
                0x0000000008007ff0                task_dbg(ak_msg_t*)
 .text.startup._GLOBAL__sub_I_view_render
                0x0000000008007ff4        0xc build_arm_cortex_m3_base_application_stm32l/view_render.o
 .text.exit._GLOBAL__sub_D_view_render
                0x0000000008008000        0xc build_arm_cortex_m3_base_application_stm32l/view_render.o
 .text._ZN12Adafruit_GFX8drawLineEsssst
                0x000000000800800c       0xd4 build_arm_cortex_m3_base_application_stm32l/Adafruit_GFX.o
                0x000000000800800c                Adafruit_GFX::drawLine(short, short, short, short, unsigned short)
 .text._ZN12Adafruit_GFX8drawRectEsssst
                0x00000000080080e0       0x68 build_arm_cortex_m3_base_application_stm32l/Adafruit_GFX.o
                0x00000000080080e0                Adafruit_GFX::drawRect(short, short, short, short, unsigned short)
 .text._ZN12Adafruit_GFX13drawFastVLineEssst
                0x0000000008008148       0x20 build_arm_cortex_m3_base_application_stm32l/Adafruit_GFX.o
                0x0000000008008148                Adafruit_GFX::drawFastVLine(short, short, short, unsigned short)
 .text._ZN12Adafruit_GFX13drawFastHLineEssst
                0x0000000008008168       0x1c build_arm_cortex_m3_base_application_stm32l/Adafruit_GFX.o
                0x0000000008008168                Adafruit_GFX::drawFastHLine(short, short, short, unsigned short)
 .text._ZN12Adafruit_GFX8fillRectEsssst
                0x0000000008008184       0x3c build_arm_cortex_m3_base_application_stm32l/Adafruit_GFX.o
                0x0000000008008184                Adafruit_GFX::fillRect(short, short, short, short, unsigned short)
 .text._ZN12Adafruit_GFX10fillScreenEt
                0x00000000080081c0       0x20 build_arm_cortex_m3_base_application_stm32l/Adafruit_GFX.o
                0x00000000080081c0                Adafruit_GFX::fillScreen(unsigned short)
 .text._ZN12Adafruit_GFX13invertDisplayEb
                0x00000000080081e0        0x4 build_arm_cortex_m3_base_application_stm32l/Adafruit_GFX.o
                0x00000000080081e0                Adafruit_GFX::invertDisplay(bool)
 .text._ZN12Adafruit_GFXC2Ess
                0x00000000080081e4       0x28 build_arm_cortex_m3_base_application_stm32l/Adafruit_GFX.o
                0x00000000080081e4                Adafruit_GFX::Adafruit_GFX(short, short)
                0x00000000080081e4                Adafruit_GFX::Adafruit_GFX(short, short)
 .text._ZN12Adafruit_GFX8drawCharEsshtth
                0x000000000800820c      0x108 build_arm_cortex_m3_base_application_stm32l/Adafruit_GFX.o
                0x000000000800820c                Adafruit_GFX::drawChar(short, short, unsigned char, unsigned short, unsigned short, unsigned char)
 .text._ZN12Adafruit_GFX5writeEh
                0x0000000008008314       0x74 build_arm_cortex_m3_base_application_stm32l/Adafruit_GFX.o
                0x0000000008008314                Adafruit_GFX::write(unsigned char)
 .text._ZN12Adafruit_GFX9setCursorEss
                0x0000000008008388        0x8 build_arm_cortex_m3_base_application_stm32l/Adafruit_GFX.o
                0x0000000008008388                Adafruit_GFX::setCursor(short, short)
 .text._ZN12Adafruit_GFX11setTextSizeEh
                0x0000000008008390        0xc build_arm_cortex_m3_base_application_stm32l/Adafruit_GFX.o
                0x0000000008008390                Adafruit_GFX::setTextSize(unsigned char)
 .text._ZN12Adafruit_GFX12setTextColorEt
                0x000000000800839c        0x8 build_arm_cortex_m3_base_application_stm32l/Adafruit_GFX.o
                0x000000000800839c                Adafruit_GFX::setTextColor(unsigned short)
 .text._ZN12Adafruit_GFX5widthEv
                0x00000000080083a4        0x8 build_arm_cortex_m3_base_application_stm32l/Adafruit_GFX.o
                0x00000000080083a4                Adafruit_GFX::width()
 .text._ZN12Adafruit_GFX6heightEv
                0x00000000080083ac        0x8 build_arm_cortex_m3_base_application_stm32l/Adafruit_GFX.o
                0x00000000080083ac                Adafruit_GFX::height()
 .text._ZN19Adafruit_ssd1306syp9updateRowEii
                0x00000000080083b4       0x20 build_arm_cortex_m3_base_application_stm32l/Adafruit_ssd1306syp.o
                0x00000000080083b4                Adafruit_ssd1306syp::updateRow(int, int)
 .text._ZN19Adafruit_ssd1306syp9drawPixelEsst
                0x00000000080083d4       0x70 build_arm_cortex_m3_base_application_stm32l/Adafruit_ssd1306syp.o
                0x00000000080083d4                Adafruit_ssd1306syp::drawPixel(short, short, unsigned short)
 .text._ZN19Adafruit_ssd1306sypC2Ev
                0x0000000008008444       0x24 build_arm_cortex_m3_base_application_stm32l/Adafruit_ssd1306syp.o
                0x0000000008008444                Adafruit_ssd1306syp::Adafruit_ssd1306syp()
                0x0000000008008444                Adafruit_ssd1306syp::Adafruit_ssd1306syp()
 .text._ZN19Adafruit_ssd1306sypD2Ev
                0x0000000008008468        0x4 build_arm_cortex_m3_base_application_stm32l/Adafruit_ssd1306syp.o
                0x0000000008008468                Adafruit_ssd1306syp::~Adafruit_ssd1306syp()
                0x0000000008008468                Adafruit_ssd1306syp::~Adafruit_ssd1306syp()
 .text._ZN19Adafruit_ssd1306syp5clearEb
                0x000000000800846c       0x24 build_arm_cortex_m3_base_application_stm32l/Adafruit_ssd1306syp.o
                0x000000000800846c                Adafruit_ssd1306syp::clear(bool)
 .text._ZN19Adafruit_ssd1306syp9writeByteEh
                0x0000000008008490       0x54 build_arm_cortex_m3_base_application_stm32l/Adafruit_ssd1306syp.o
                0x0000000008008490                Adafruit_ssd1306syp::writeByte(unsigned char)
 .text._ZN19Adafruit_ssd1306syp8startIICEv
                0x00000000080084e4       0x2c build_arm_cortex_m3_base_application_stm32l/Adafruit_ssd1306syp.o
                0x00000000080084e4                Adafruit_ssd1306syp::startIIC()
 .text._ZN19Adafruit_ssd1306syp7stopIICEv
                0x0000000008008510       0x2c build_arm_cortex_m3_base_application_stm32l/Adafruit_ssd1306syp.o
                0x0000000008008510                Adafruit_ssd1306syp::stopIIC()
 .text._ZN19Adafruit_ssd1306syp12writeCommandEh
                0x000000000800853c       0x2c build_arm_cortex_m3_base_application_stm32l/Adafruit_ssd1306syp.o
                0x000000000800853c                Adafruit_ssd1306syp::writeCommand(unsigned char)
 .text._ZN19Adafruit_ssd1306syp10initializeEv
                0x0000000008008568      0x104 build_arm_cortex_m3_base_application_stm32l/Adafruit_ssd1306syp.o
                0x0000000008008568                Adafruit_ssd1306syp::initialize()
 .text._ZN19Adafruit_ssd1306syp10display_onEv
                0x000000000800866c        0x8 build_arm_cortex_m3_base_application_stm32l/Adafruit_ssd1306syp.o
                0x000000000800866c                Adafruit_ssd1306syp::display_on()
 .text._ZN19Adafruit_ssd1306syp11display_offEv
                0x0000000008008674        0x8 build_arm_cortex_m3_base_application_stm32l/Adafruit_ssd1306syp.o
                0x0000000008008674                Adafruit_ssd1306syp::display_off()
 .text._ZN19Adafruit_ssd1306syp17startDataSequenceEv
                0x000000000800867c       0x1c build_arm_cortex_m3_base_application_stm32l/Adafruit_ssd1306syp.o
                0x000000000800867c                Adafruit_ssd1306syp::startDataSequence()
 .text._ZN19Adafruit_ssd1306syp6updateEv
                0x0000000008008698       0x50 build_arm_cortex_m3_base_application_stm32l/Adafruit_ssd1306syp.o
                0x0000000008008698                Adafruit_ssd1306syp::update()
 .text._ZN19Adafruit_ssd1306syp9updateRowEi
                0x00000000080086e8       0x70 build_arm_cortex_m3_base_application_stm32l/Adafruit_ssd1306syp.o
                0x00000000080086e8                Adafruit_ssd1306syp::updateRow(int)
 .text.eeprom_read
                0x0000000008008758        0x4 build_arm_cortex_m3_base_application_stm32l/eeprom.o
                0x0000000008008758                eeprom_read
 .text.eeprom_erase
                0x000000000800875c        0x4 build_arm_cortex_m3_base_application_stm32l/eeprom.o
                0x000000000800875c                eeprom_erase
 .text.startup._GLOBAL__sub_I__ZN9DhcpClass13beginWithDHCPEPhmm
                0x0000000008008760       0x1c build_arm_cortex_m3_base_application_stm32l/Dhcp.o
 .text.startup._GLOBAL__sub_I__ZN9DNSClient5beginERK9IPAddress
                0x000000000800877c       0x1c build_arm_cortex_m3_base_application_stm32l/Dns.o
 .text.startup._GLOBAL__sub_I__ZN14EthernetClient8_srcportE
                0x0000000008008798       0x1c build_arm_cortex_m3_base_application_stm32l/EthernetClient.o
 .text.startup._GLOBAL__sub_I__ZN13EthernetClass6_stateE
                0x00000000080087b4       0x28 build_arm_cortex_m3_base_application_stm32l/Ethernet.o
 .text.startup._GLOBAL__sub_I__ZN14EthernetServerC2Et
                0x00000000080087dc       0x1c build_arm_cortex_m3_base_application_stm32l/EthernetServer.o
 .text.startup._GLOBAL__sub_I__ZN11EthernetUDPC2Ev
                0x00000000080087f8       0x1c build_arm_cortex_m3_base_application_stm32l/EthernetUdp.o
 .text._Z16nrf_nwk_pdu_initv
                0x0000000008008814       0x28 build_arm_cortex_m3_base_application_stm32l/nrf_data.o
                0x0000000008008814                nrf_nwk_pdu_init()
 .text._Z18nrf_nwk_pdu_mallocv
                0x000000000800883c       0x3c build_arm_cortex_m3_base_application_stm32l/nrf_data.o
                0x000000000800883c                nrf_nwk_pdu_malloc()
 .text._Z16nrf_nwk_pdu_freeP13nrf_nwk_pdu_t
                0x0000000008008878       0x20 build_arm_cortex_m3_base_application_stm32l/nrf_data.o
                0x0000000008008878                nrf_nwk_pdu_free(nrf_nwk_pdu_t*)
 .text._Z15nrf_nwk_pdu_getm
                0x0000000008008898       0x10 build_arm_cortex_m3_base_application_stm32l/nrf_data.o
                0x0000000008008898                nrf_nwk_pdu_get(unsigned long)
 .text._Z16nrf_nwk_pdu_freem
                0x00000000080088a8       0x4c build_arm_cortex_m3_base_application_stm32l/nrf_data.o
                0x00000000080088a8                nrf_nwk_pdu_free(unsigned long)
 .text._Z23nrf_set_static_nwk_addrt
                0x00000000080088f4       0x10 build_arm_cortex_m3_base_application_stm32l/nrf_data.o
                0x00000000080088f4                nrf_set_static_nwk_addr(unsigned short)
 .text._Z23nrf_get_static_nwk_addrv
                0x0000000008008904       0x1c build_arm_cortex_m3_base_application_stm32l/nrf_data.o
                0x0000000008008904                nrf_get_static_nwk_addr()
 .text._Z20nrf_set_des_nwk_addrt
                0x0000000008008920       0x10 build_arm_cortex_m3_base_application_stm32l/nrf_data.o
                0x0000000008008920                nrf_set_des_nwk_addr(unsigned short)
 .text._Z20nrf_get_des_nwk_addrv
                0x0000000008008930       0x1c build_arm_cortex_m3_base_application_stm32l/nrf_data.o
                0x0000000008008930                nrf_get_des_nwk_addr()
 .text._Z20nrf_get_des_phy_addrv
                0x000000000800894c        0x8 build_arm_cortex_m3_base_application_stm32l/nrf_data.o
                0x000000000800894c                nrf_get_des_phy_addr()
 .text._Z20nrf_get_src_phy_addrv
                0x0000000008008954        0x8 build_arm_cortex_m3_base_application_stm32l/nrf_data.o
                0x0000000008008954                nrf_get_src_phy_addr()
 .text._Z13task_rf24_macP8ak_msg_t
                0x000000000800895c      0x340 build_arm_cortex_m3_base_application_stm32l/nrf_mac.o
                0x000000000800895c                task_rf24_mac(ak_msg_t*)
 .text._Z16nrf_nwk_fsm_idleP8ak_msg_t
                0x0000000008008c9c      0x1c8 build_arm_cortex_m3_base_application_stm32l/nrf_nwk.o
                0x0000000008008c9c                nrf_nwk_fsm_idle(ak_msg_t*)
 .text._Z13task_rf24_nwkP8ak_msg_t
                0x0000000008008e64        0xc build_arm_cortex_m3_base_application_stm32l/nrf_nwk.o
                0x0000000008008e64                task_rf24_nwk(ak_msg_t*)
 .text._Z16nrf_nwk_fsm_initP8ak_msg_t
                0x0000000008008e70       0x30 build_arm_cortex_m3_base_application_stm32l/nrf_nwk.o
                0x0000000008008e70                nrf_nwk_fsm_init(ak_msg_t*)
 .text.sys_irq_nrf24l01
                0x0000000008008ea0       0xa4 build_arm_cortex_m3_base_application_stm32l/nrf_phy.o
                0x0000000008008ea0                sys_irq_nrf24l01
 .text._Z23nrf_phy_switch_ptx_modev
                0x0000000008008f44       0x1c build_arm_cortex_m3_base_application_stm32l/nrf_phy.o
                0x0000000008008f44                nrf_phy_switch_ptx_mode()
 .text._Z23nrf_phy_switch_prx_modev
                0x0000000008008f60       0x28 build_arm_cortex_m3_base_application_stm32l/nrf_phy.o
                0x0000000008008f60                nrf_phy_switch_prx_mode()
 .text._Z13task_rf24_phyP8ak_msg_t
                0x0000000008008f88      0x150 build_arm_cortex_m3_base_application_stm32l/nrf_phy.o
                0x0000000008008f88                task_rf24_phy(ak_msg_t*)
 .text._ZL17link_hal_rev_byteh
                0x00000000080090d8        0x4 build_arm_cortex_m3_base_application_stm32l/link_hal.o
 .text._Z9task_linkP8ak_msg_t
                0x00000000080090dc        0xc build_arm_cortex_m3_base_application_stm32l/link.o
                0x00000000080090dc                task_link(ak_msg_t*)
 .text._Z13task_link_macP8ak_msg_t
                0x00000000080090e8        0xc build_arm_cortex_m3_base_application_stm32l/link_mac.o
                0x00000000080090e8                task_link_mac(ak_msg_t*)
 .text._Z13task_link_phyP8ak_msg_t
                0x00000000080090f4        0xc build_arm_cortex_m3_base_application_stm32l/link_phy.o
                0x00000000080090f4                task_link_phy(ak_msg_t*)
 .text._Z7pinModehh
                0x0000000008009100       0xe8 build_arm_cortex_m3_base_application_stm32l/wiring_digital.o
                0x0000000008009100                pinMode(unsigned char, unsigned char)
 .text._Z12digitalWritehh
                0x00000000080091e8       0xd4 build_arm_cortex_m3_base_application_stm32l/wiring_digital.o
                0x00000000080091e8                digitalWrite(unsigned char, unsigned char)
 .text._ZN5Print5writeEPKhj
                0x00000000080092bc       0x28 build_arm_cortex_m3_base_application_stm32l/Print.o
                0x00000000080092bc                Print::write(unsigned char const*, unsigned int)
 .text._ZN5Print5printEPKc
                0x00000000080092e4       0x24 build_arm_cortex_m3_base_application_stm32l/Print.o
                0x00000000080092e4                Print::print(char const*)
 .text._ZN5Print5printEc
                0x0000000008009308        0x8 build_arm_cortex_m3_base_application_stm32l/Print.o
                0x0000000008009308                Print::print(char)
 .text._ZN5Print11printNumberEmh
                0x0000000008009310       0x54 build_arm_cortex_m3_base_application_stm32l/Print.o
                0x0000000008009310                Print::printNumber(unsigned long, unsigned char)
 .text._ZN5Print5printEmi
                0x0000000008009364       0x14 build_arm_cortex_m3_base_application_stm32l/Print.o
                0x0000000008009364                Print::print(unsigned long, int)
 .text._ZN5Print5printEhi
                0x0000000008009378        0x4 build_arm_cortex_m3_base_application_stm32l/Print.o
                0x0000000008009378                Print::print(unsigned char, int)
 .text._ZNK9IPAddress7printToER5Print
                0x000000000800937c       0x40 build_arm_cortex_m3_base_application_stm32l/IPAddress.o
                0x000000000800937c                IPAddress::printTo(Print&) const
 .text._ZN9IPAddressC2Ev
                0x00000000080093bc       0x10 build_arm_cortex_m3_base_application_stm32l/IPAddress.o
                0x00000000080093bc                IPAddress::IPAddress()
                0x00000000080093bc                IPAddress::IPAddress()
 .text._ZN9IPAddressC2Ehhhh
                0x00000000080093cc       0x1c build_arm_cortex_m3_base_application_stm32l/IPAddress.o
                0x00000000080093cc                IPAddress::IPAddress(unsigned char, unsigned char, unsigned char, unsigned char)
                0x00000000080093cc                IPAddress::IPAddress(unsigned char, unsigned char, unsigned char, unsigned char)
 .text._ZN8SPIClass9io_configEv
                0x00000000080093e8       0x7c build_arm_cortex_m3_base_application_stm32l/SPI.o
                0x00000000080093e8                SPIClass::io_config()
 .text._ZN8SPIClass5beginEv
                0x0000000008009464       0xe4 build_arm_cortex_m3_base_application_stm32l/SPI.o
                0x0000000008009464                SPIClass::begin()
 .text.startup._GLOBAL__sub_I__ZN8SPIClassC2Ev
                0x0000000008009548       0x14 build_arm_cortex_m3_base_application_stm32l/SPI.o
 .text._ZN7TwoWire9availableEv
                0x000000000800955c       0x14 build_arm_cortex_m3_base_application_stm32l/Wire.o
                0x000000000800955c                TwoWire::available()
 .text._ZN7TwoWire4readEv
                0x0000000008009570       0x28 build_arm_cortex_m3_base_application_stm32l/Wire.o
                0x0000000008009570                TwoWire::read()
 .text._ZN7TwoWire4peekEv
                0x0000000008009598       0x24 build_arm_cortex_m3_base_application_stm32l/Wire.o
                0x0000000008009598                TwoWire::peek()
 .text._ZN7TwoWire5flushEv
                0x00000000080095bc        0x4 build_arm_cortex_m3_base_application_stm32l/Wire.o
                0x00000000080095bc                TwoWire::flush()
 .text._ZN7TwoWire5writeEh
                0x00000000080095c0       0x60 build_arm_cortex_m3_base_application_stm32l/Wire.o
                0x00000000080095c0                TwoWire::write(unsigned char)
 .text._ZN7TwoWire5writeEPKhj
                0x0000000008009620       0x38 build_arm_cortex_m3_base_application_stm32l/Wire.o
                0x0000000008009620                TwoWire::write(unsigned char const*, unsigned int)
 .text.startup._GLOBAL__sub_I__ZN7TwoWire8rxBufferE
                0x0000000008009658       0x1c build_arm_cortex_m3_base_application_stm32l/Wire.o
 .text._Z12twi_transmitPKhh
                0x0000000008009674       0x48 build_arm_cortex_m3_base_application_stm32l/twi.o
                0x0000000008009674                twi_transmit(unsigned char const*, unsigned char)
 .text.__cxa_pure_virtual
                0x00000000080096bc       0x18 build_arm_cortex_m3_base_application_stm32l/mini_cpp.o
                0x00000000080096bc                __cxa_pure_virtual
 .text._sbrk    0x00000000080096d4       0x1c build_arm_cortex_m3_base_application_stm32l/mini_cpp.o
                0x00000000080096d4                _sbrk
 .text.__locale_ctype_ptr_l
                0x00000000080096f0        0x8 /home/fanning/workspace/tools/gcc-arm-none-eabi-7-2017-q4-major/arm-none-eabi/lib/thumb/v7-m/libc.a(lib_a-locale.o)
                0x00000000080096f0                __locale_ctype_ptr_l
 .text.malloc   0x00000000080096f8       0x10 /home/fanning/workspace/tools/gcc-arm-none-eabi-7-2017-q4-major/arm-none-eabi/lib/thumb/v7-m/libc.a(lib_a-malloc.o)
                0x00000000080096f8                malloc
 .text.free     0x0000000008009708       0x10 /home/fanning/workspace/tools/gcc-arm-none-eabi-7-2017-q4-major/arm-none-eabi/lib/thumb/v7-m/libc.a(lib_a-malloc.o)
                0x0000000008009708                free
 .text._malloc_r
                0x0000000008009718      0x524 /home/fanning/workspace/tools/gcc-arm-none-eabi-7-2017-q4-major/arm-none-eabi/lib/thumb/v7-m/libc.a(lib_a-mallocr.o)
                0x0000000008009718                _malloc_r
 .text.__ascii_mbtowc
                0x0000000008009c3c       0x2c /home/fanning/workspace/tools/gcc-arm-none-eabi-7-2017-q4-major/arm-none-eabi/lib/thumb/v7-m/libc.a(lib_a-mbtowc_r.o)
                0x0000000008009c3c                __ascii_mbtowc
 .text.memcmp   0x0000000008009c68       0x64 /home/fanning/workspace/tools/gcc-arm-none-eabi-7-2017-q4-major/arm-none-eabi/lib/thumb/v7-m/libc.a(lib_a-memcmp.o)
                0x0000000008009c68                memcmp
 .text.memset   0x0000000008009ccc       0x94 /home/fanning/workspace/tools/gcc-arm-none-eabi-7-2017-q4-major/arm-none-eabi/lib/thumb/v7-m/libc.a(lib_a-memset.o)
                0x0000000008009ccc                memset
 .text.__malloc_lock
                0x0000000008009d60        0xc /home/fanning/workspace/tools/gcc-arm-none-eabi-7-2017-q4-major/arm-none-eabi/lib/thumb/v7-m/libc.a(lib_a-mlock.o)
                0x0000000008009d60                __malloc_lock
 .text.__malloc_unlock
                0x0000000008009d6c        0xc /home/fanning/workspace/tools/gcc-arm-none-eabi-7-2017-q4-major/arm-none-eabi/lib/thumb/v7-m/libc.a(lib_a-mlock.o)
                0x0000000008009d6c                __malloc_unlock
 .text.rand     0x0000000008009d78       0x3c /home/fanning/workspace/tools/gcc-arm-none-eabi-7-2017-q4-major/arm-none-eabi/lib/thumb/v7-m/libc.a(lib_a-rand.o)
                0x0000000008009d78                rand
 .text._sbrk_r  0x0000000008009db4       0x24 /home/fanning/workspace/tools/gcc-arm-none-eabi-7-2017-q4-major/arm-none-eabi/lib/thumb/v7-m/libc.a(lib_a-sbrkr.o)
                0x0000000008009db4                _sbrk_r
 .text.strcpy   0x0000000008009dd8       0xbc /home/fanning/workspace/tools/gcc-arm-none-eabi-7-2017-q4-major/arm-none-eabi/lib/thumb/v7-m/libc.a(lib_a-strcpy.o)
                0x0000000008009dd8                strcpy
 .text.strlen   0x0000000008009e94       0x5c /home/fanning/workspace/tools/gcc-arm-none-eabi-7-2017-q4-major/arm-none-eabi/lib/thumb/v7-m/libc.a(lib_a-strlen-stub.o)
                0x0000000008009e94                strlen
 .text._strtol_l.isra.0
                0x0000000008009ef0      0x124 /home/fanning/workspace/tools/gcc-arm-none-eabi-7-2017-q4-major/arm-none-eabi/lib/thumb/v7-m/libc.a(lib_a-strtol.o)
 .text.strtol   0x000000000800a014       0x2c /home/fanning/workspace/tools/gcc-arm-none-eabi-7-2017-q4-major/arm-none-eabi/lib/thumb/v7-m/libc.a(lib_a-strtol.o)
                0x000000000800a014                strtol
 .text.__ascii_wctomb
                0x000000000800a040       0x18 /home/fanning/workspace/tools/gcc-arm-none-eabi-7-2017-q4-major/arm-none-eabi/lib/thumb/v7-m/libc.a(lib_a-wctomb_r.o)
                0x000000000800a040                __ascii_wctomb
 .text._malloc_trim_r
                0x000000000800a058       0xa0 /home/fanning/workspace/tools/gcc-arm-none-eabi-7-2017-q4-major/arm-none-eabi/lib/thumb/v7-m/libc.a(lib_a-freer.o)
                0x000000000800a058                _malloc_trim_r
 .text._free_r  0x000000000800a0f8      0x1e8 /home/fanning/workspace/tools/gcc-arm-none-eabi-7-2017-q4-major/arm-none-eabi/lib/thumb/v7-m/libc.a(lib_a-freer.o)
                0x000000000800a0f8                _free_r
 .text.__retarget_lock_acquire_recursive
                0x000000000800a2e0        0x4 /home/fanning/workspace/tools/gcc-arm-none-eabi-7-2017-q4-major/arm-none-eabi/lib/thumb/v7-m/libc.a(lib_a-lock.o)
                0x000000000800a2e0                __retarget_lock_acquire_recursive
 .text.__retarget_lock_release_recursive
                0x000000000800a2e4        0x4 /home/fanning/workspace/tools/gcc-arm-none-eabi-7-2017-q4-major/arm-none-eabi/lib/thumb/v7-m/libc.a(lib_a-lock.o)
                0x000000000800a2e4                __retarget_lock_release_recursive
 *(.rodata)
 *(.rodata*)
 .rodata.ak_malloc.str1.4
                0x000000000800a2e8        0xa build_arm_cortex_m3_base_application_stm32l/message.o
 *fill*         0x000000000800a2f2        0x2 
 .rodata.msg_free.str1.4
                0x000000000800a2f4        0x3 build_arm_cortex_m3_base_application_stm32l/message.o
 *fill*         0x000000000800a2f7        0x1 
 .rodata.log2lkup.5203
                0x000000000800a2f8      0x100 build_arm_cortex_m3_base_application_stm32l/task.o
 .rodata.task_create.str1.4
                0x000000000800a3f8        0x3 build_arm_cortex_m3_base_application_stm32l/task.o
 *fill*         0x000000000800a3fb        0x1 
 .rodata.task_run.str1.4
                0x000000000800a3fc       0x1a build_arm_cortex_m3_base_application_stm32l/task.o
 *fill*         0x000000000800a416        0x2 
 .rodata.timer_set.str1.4
                0x000000000800a418        0x3 build_arm_cortex_m3_base_application_stm32l/timer.o
 *fill*         0x000000000800a41b        0x1 
 .rodata.fifo_put.str1.4
                0x000000000800a41c        0x5 build_arm_cortex_m3_base_application_stm32l/fifo.o
 *fill*         0x000000000800a421        0x3 
 .rodata.sys_dbg_cpu_dump.str1.4
                0x000000000800a424       0x64 build_arm_cortex_m3_base_application_stm32l/sys_dbg.o
 .rodata.sys_dbg_fatal.str1.4
                0x000000000800a488      0x260 build_arm_cortex_m3_base_application_stm32l/sys_dbg.o
                                        0x264 (size before relaxing)
 .rodata.sys_dbg_func_stack_dump.str1.4
                0x000000000800a6e8       0x80 build_arm_cortex_m3_base_application_stm32l/sys_dbg.o
 .rodata.sys_dbg_stack_space_dump.str1.4
                0x000000000800a768       0x31 build_arm_cortex_m3_base_application_stm32l/sys_dbg.o
 *fill*         0x000000000800a799        0x3 
 .rodata.TM_GPIO_DeInit.str1.4
                0x000000000800a79c       0x1b build_arm_cortex_m3_base_application_stm32l/tm_stm32f4_gpio.o
 *fill*         0x000000000800a7b7        0x1 
 .rodata.exit_critical.str1.4
                0x000000000800a7b8        0x4 build_arm_cortex_m3_base_application_stm32l/platform.o
 .rodata.default_handler.str1.4
                0x000000000800a7bc        0x3 build_arm_cortex_m3_base_application_stm32l/system.o
 *fill*         0x000000000800a7bf        0x1 
 .rodata.sys_cfg_update_info.str1.4
                0x000000000800a7c0       0x62 build_arm_cortex_m3_base_application_stm32l/sys_cfg.o
                                         0x66 (size before relaxing)
 *fill*         0x000000000800a822        0x2 
 .rodata.sys_ctrl_soft_watchdog_increase_counter.str1.4
                0x000000000800a824        0x5 build_arm_cortex_m3_base_application_stm32l/sys_cfg.o
 *fill*         0x000000000800a829        0x3 
 .rodata.nrf24l01_spi_rw.str1.4
                0x000000000800a82c        0x4 build_arm_cortex_m3_base_application_stm32l/io_cfg.o
 .rodata.str1.4
                0x000000000800a830        0x6 build_arm_cortex_m3_base_application_stm32l/app.o
 *fill*         0x000000000800a836        0x2 
 .rodata._ZL10shell_bootPh.str1.4
                0x000000000800a838      0x16e build_arm_cortex_m3_base_application_stm32l/shell.o
 *fill*         0x000000000800a9a6        0x2 
 .rodata._ZL10shell_helpPh.str1.4
                0x000000000800a9a8       0x25 build_arm_cortex_m3_base_application_stm32l/shell.o
 *fill*         0x000000000800a9cd        0x3 
 .rodata._ZL11shell_fatalPh.str1.4
                0x000000000800a9d0       0x6e build_arm_cortex_m3_base_application_stm32l/shell.o
                                        0x23e (size before relaxing)
 *fill*         0x000000000800aa3e        0x2 
 .rodata._ZL11shell_flashPh.str1.4
                0x000000000800aa40       0x5f build_arm_cortex_m3_base_application_stm32l/shell.o
                                         0x6f (size before relaxing)
 *fill*         0x000000000800aa9f        0x1 
 .rodata._ZL11shell_resetPh.str1.4
                0x000000000800aaa0        0x6 build_arm_cortex_m3_base_application_stm32l/shell.o
 *fill*         0x000000000800aaa6        0x2 
 .rodata._ZL9shell_dbgPh.str1.4
                0x000000000800aaa8       0x23 build_arm_cortex_m3_base_application_stm32l/shell.o
 *fill*         0x000000000800aacb        0x1 
 .rodata._ZL9shell_epsPh.str1.4
                0x000000000800aacc       0x1d build_arm_cortex_m3_base_application_stm32l/shell.o
 *fill*         0x000000000800aae9        0x3 
 .rodata._ZL9shell_lcdPh.str1.4
                0x000000000800aaec       0x4e build_arm_cortex_m3_base_application_stm32l/shell.o
 *fill*         0x000000000800ab3a        0x2 
 .rodata._ZL9shell_ramPh.str1.4
                0x000000000800ab3c       0x38 build_arm_cortex_m3_base_application_stm32l/shell.o
 .rodata._ZL9shell_sttPh.str1.4
                0x000000000800ab74       0x4d build_arm_cortex_m3_base_application_stm32l/shell.o
 *fill*         0x000000000800abc1        0x3 
 .rodata._ZL9shell_verPh.str1.4
                0x000000000800abc4      0x16e build_arm_cortex_m3_base_application_stm32l/shell.o
                                        0x177 (size before relaxing)
 *fill*         0x000000000800ad32        0x2 
 .rodata.str1.4
                0x000000000800ad34       0xe4 build_arm_cortex_m3_base_application_stm32l/shell.o
 .rodata._Z10task_shellP8ak_msg_t.str1.4
                0x000000000800ae18       0x4e build_arm_cortex_m3_base_application_stm32l/task_shell.o
 .rodata._Z12task_displayP8ak_msg_t.str1.4
                0x000000000800ae66       0x4e build_arm_cortex_m3_base_application_stm32l/task_display.o
 *fill*         0x000000000800ae66        0x2 
 .rodata._ZL4font
                0x000000000800ae68      0x4fb build_arm_cortex_m3_base_application_stm32l/Adafruit_GFX.o
 *fill*         0x000000000800b363        0x1 
 .rodata._ZTV12Adafruit_GFX
                0x000000000800b364       0x30 build_arm_cortex_m3_base_application_stm32l/Adafruit_GFX.o
                0x000000000800b364                vtable for Adafruit_GFX
 .rodata._ZTV19Adafruit_ssd1306syp
                0x000000000800b394       0x40 build_arm_cortex_m3_base_application_stm32l/Adafruit_ssd1306syp.o
                0x000000000800b394                vtable for Adafruit_ssd1306syp
 .rodata._Z18nrf_nwk_pdu_mallocv.str1.4
                0x000000000800b3d4        0x8 build_arm_cortex_m3_base_application_stm32l/nrf_data.o
 .rodata._Z16nrf_nwk_fsm_idleP8ak_msg_t.str1.4
                0x000000000800b3dc        0x4 build_arm_cortex_m3_base_application_stm32l/nrf_nwk.o
 .rodata.sys_irq_nrf24l01.str1.4
                0x000000000800b3e0        0x4 build_arm_cortex_m3_base_application_stm32l/nrf_phy.o
 .rodata._Z7pinModehh.str1.4
                0x000000000800b3e4        0x3 build_arm_cortex_m3_base_application_stm32l/wiring_digital.o
 *fill*         0x000000000800b3e7        0x1 
 .rodata._ZTV9IPAddress
                0x000000000800b3e8        0xc build_arm_cortex_m3_base_application_stm32l/IPAddress.o
                0x000000000800b3e8                vtable for IPAddress
 .rodata._ZTV7TwoWire
                0x000000000800b3f4       0x20 build_arm_cortex_m3_base_application_stm32l/Wire.o
                0x000000000800b3f4                vtable for TwoWire
 .rodata.__cxa_pure_virtual.str1.4
                0x000000000800b414        0x4 build_arm_cortex_m3_base_application_stm32l/mini_cpp.o
 .rodata._setlocale_r.str1.4
                0x000000000800b418        0xa /home/fanning/workspace/tools/gcc-arm-none-eabi-7-2017-q4-major/arm-none-eabi/lib/thumb/v7-m/libc.a(lib_a-locale.o)
                                          0xd (size before relaxing)
 *fill*         0x000000000800b422        0x2 
 .rodata.str1.4
                0x000000000800b424        0x4 /home/fanning/workspace/tools/gcc-arm-none-eabi-7-2017-q4-major/arm-none-eabi/lib/thumb/v7-m/libc.a(lib_a-locale.o)
                                          0x2 (size before relaxing)
 .rodata._ctype_
                0x000000000800b428      0x101 /home/fanning/workspace/tools/gcc-arm-none-eabi-7-2017-q4-major/arm-none-eabi/lib/thumb/v7-m/libc.a(lib_a-ctype_.o)
                0x000000000800b428                _ctype_
 *(.glue_7)
 .glue_7        0x000000000800b529        0x0 linker stubs
 *(.glue_7t)
 .glue_7t       0x000000000800b529        0x0 linker stubs
 *(.init)
 *(.fini)
                0x000000000800b52c                . = ALIGN (0x4)
 *fill*         0x000000000800b529        0x3 
                0x000000000800b52c                _etext = .

.vfp11_veneer   0x000000000800b52c        0x0
 .vfp11_veneer  0x000000000800b52c        0x0 linker stubs

.v4_bx          0x000000000800b52c        0x0
 .v4_bx         0x000000000800b52c        0x0 linker stubs

.iplt           0x000000000800b52c        0x0
 .iplt          0x000000000800b52c        0x0 build_arm_cortex_m3_base_application_stm32l/message.o

.rel.dyn        0x000000000800b52c        0x0
 .rel.iplt      0x000000000800b52c        0x0 build_arm_cortex_m3_base_application_stm32l/message.o

.preinit_array  0x000000000800b52c        0x0
                0x000000000800b52c                PROVIDE (__preinit_array_start, .)
 *(SORT_BY_NAME(.preinit_array.*))
 *(.preinit_array*)
                0x000000000800b52c                PROVIDE (__preinit_array_end, .)

.init_array     0x000000000800b52c       0x24
                0x000000000800b52c                PROVIDE (__init_array_start, .)
 *(SORT_BY_NAME(.init_array.*))
 *(.init_array*)
 .init_array    0x000000000800b52c        0x4 build_arm_cortex_m3_base_application_stm32l/view_render.o
 .init_array    0x000000000800b530        0x4 build_arm_cortex_m3_base_application_stm32l/Dhcp.o
 .init_array    0x000000000800b534        0x4 build_arm_cortex_m3_base_application_stm32l/Dns.o
 .init_array    0x000000000800b538        0x4 build_arm_cortex_m3_base_application_stm32l/EthernetClient.o
 .init_array    0x000000000800b53c        0x4 build_arm_cortex_m3_base_application_stm32l/Ethernet.o
 .init_array    0x000000000800b540        0x4 build_arm_cortex_m3_base_application_stm32l/EthernetServer.o
 .init_array    0x000000000800b544        0x4 build_arm_cortex_m3_base_application_stm32l/EthernetUdp.o
 .init_array    0x000000000800b548        0x4 build_arm_cortex_m3_base_application_stm32l/SPI.o
 .init_array    0x000000000800b54c        0x4 build_arm_cortex_m3_base_application_stm32l/Wire.o
                0x000000000800b550                PROVIDE (__init_array_end, .)

.fini_array     0x000000000800b550        0x4
                [!provide]                        PROVIDE (__fini_array_start, .)
 *(.fini_array*)
 .fini_array    0x000000000800b550        0x4 build_arm_cortex_m3_base_application_stm32l/view_render.o
 *(SORT_BY_NAME(.fini_array.*))
                [!provide]                        PROVIDE (__fini_array_end, .)

.end_flash      0x000000000800b554        0x0
                0x000000000800b554                _end_flash = .

.start_ram      0x0000000020000000        0x0
                0x0000000020000000                _start_ram = .

.data           0x0000000020000000      0xb48 load address 0x000000000800b554
                0x0000000020000000                _data = .
                0x000000000800b554                _ldata = LOADADDR (.data)
 *(vtable)
 *(.data)
 *(.data*)
 .data.APBAHBPrescTable
                0x0000000020000000       0x10 build_arm_cortex_m3_base_application_stm32l/stm32l1xx_rcc.o
 .data.PLLMulTable
                0x0000000020000010        0x9 build_arm_cortex_m3_base_application_stm32l/stm32l1xx_rcc.o
 *fill*         0x0000000020000019        0x3 
 .data.AHBPrescTable
                0x000000002000001c       0x10 build_arm_cortex_m3_base_application_stm32l/system_stm32l1xx.o
                0x000000002000001c                AHBPrescTable
 .data.PLLMulTable
                0x000000002000002c        0x9 build_arm_cortex_m3_base_application_stm32l/system_stm32l1xx.o
                0x000000002000002c                PLLMulTable
 *fill*         0x0000000020000035        0x3 
 .data.SystemCoreClock
                0x0000000020000038        0x4 build_arm_cortex_m3_base_application_stm32l/system_stm32l1xx.o
                0x0000000020000038                SystemCoreClock
 .data.app_version
                0x000000002000003c        0x4 build_arm_cortex_m3_base_application_stm32l/app.o
                0x000000002000003c                app_version
 .data.lgn_cmd_table
                0x0000000020000040       0xcc build_arm_cortex_m3_base_application_stm32l/shell.o
                0x0000000020000040                lgn_cmd_table
 .data.app_task_table
                0x000000002000010c       0x80 build_arm_cortex_m3_base_application_stm32l/task_list.o
                0x000000002000010c                app_task_table
 .data._ZL12mac_des_addr
                0x000000002000018c        0x5 build_arm_cortex_m3_base_application_stm32l/nrf_data.o
 *fill*         0x0000000020000191        0x3 
 .data._ZL12mac_src_addr
                0x0000000020000194        0x5 build_arm_cortex_m3_base_application_stm32l/nrf_data.o
 *fill*         0x0000000020000199        0x3 
 .data.plink_hal_rev_byte
                0x000000002000019c        0x4 build_arm_cortex_m3_base_application_stm32l/link_hal.o
                0x000000002000019c                plink_hal_rev_byte
 .data.__global_locale
                0x00000000200001a0      0x16c /home/fanning/workspace/tools/gcc-arm-none-eabi-7-2017-q4-major/arm-none-eabi/lib/thumb/v7-m/libc.a(lib_a-locale.o)
                0x00000000200001a0                __global_locale
 .data.__malloc_av_
                0x000000002000030c      0x408 /home/fanning/workspace/tools/gcc-arm-none-eabi-7-2017-q4-major/arm-none-eabi/lib/thumb/v7-m/libc.a(lib_a-mallocr.o)
                0x000000002000030c                __malloc_av_
 .data.__malloc_sbrk_base
                0x0000000020000714        0x4 /home/fanning/workspace/tools/gcc-arm-none-eabi-7-2017-q4-major/arm-none-eabi/lib/thumb/v7-m/libc.a(lib_a-mallocr.o)
                0x0000000020000714                __malloc_sbrk_base
 .data.__malloc_trim_threshold
                0x0000000020000718        0x4 /home/fanning/workspace/tools/gcc-arm-none-eabi-7-2017-q4-major/arm-none-eabi/lib/thumb/v7-m/libc.a(lib_a-mallocr.o)
                0x0000000020000718                __malloc_trim_threshold
 .data._impure_ptr
                0x000000002000071c        0x4 /home/fanning/workspace/tools/gcc-arm-none-eabi-7-2017-q4-major/arm-none-eabi/lib/thumb/v7-m/libc.a(lib_a-impure.o)
                0x000000002000071c                _impure_ptr
 .data.impure_data
                0x0000000020000720      0x428 /home/fanning/workspace/tools/gcc-arm-none-eabi-7-2017-q4-major/arm-none-eabi/lib/thumb/v7-m/libc.a(lib_a-impure.o)
 *(.ram_func)
 *(.ram_func*)
                0x0000000020000b48                _edata = .

.igot.plt       0x0000000020000b48        0x0 load address 0x000000000800c09c
 .igot.plt      0x0000000020000b48        0x0 build_arm_cortex_m3_base_application_stm32l/message.o

non_clear_ram   0x0000000020000b48        0x4 load address 0x000000000800c09c
 non_clear_ram  0x0000000020000b48        0x4 build_arm_cortex_m3_base_application_stm32l/app_non_clear_ram.o
                0x0000000020000b48                sys_soft_reboot_counter

.bss            0x0000000020000b4c     0x14b0 load address 0x000000000800c0a0
                0x0000000020000b4c                _bss = .
 *(.bss)
 *(.bss*)
 .bss.ak_heap.4900
                0x0000000020000b4c        0x4 build_arm_cortex_m3_base_application_stm32l/message.o
 .bss.data_msg_dynamic_pool