io_cfg.c:30:6:io_button_mode_init	16	static
io_cfg.c:43:6:io_button_up_init	16	static
io_cfg.c:56:6:io_button_down_init	16	static
io_cfg.c:69:9:io_button_mode_read	0	static
io_cfg.c:73:9:io_button_up_read	0	static
io_cfg.c:77:9:io_button_down_read	0	static
io_cfg.c:84:6:led_life_init	16	static
io_cfg.c:97:6:led_life_on	0	static
io_cfg.c:101:6:led_life_off	0	static
io_cfg.c:108:6:nrf24l01_io_ctrl_init	40	static
io_cfg.c:159:6:nrf24l01_spi_ctrl_init	48	static
io_cfg.c:211:6:nrf24l01_ce_low	0	static
io_cfg.c:215:6:nrf24l01_ce_high	0	static
io_cfg.c:219:6:nrf24l01_csn_low	0	static
io_cfg.c:223:6:nrf24l01_csn_high	0	static
io_cfg.c:227:9:nrf24l01_spi_rw	24	static
io_cfg.c:257:6:flash_io_ctrl_init	16	static
io_cfg.c:270:6:flash_cs_low	0	static
io_cfg.c:274:6:flash_cs_high	0	static
io_cfg.c:278:9:flash_transfer	24	static
io_cfg.c:308:6:timer_50us_init	32	static
io_cfg.c:330:6:timer_50us_enable	8	static
io_cfg.c:336:6:timer_50us_disable	8	static
io_cfg.c:342:6:ir_rev_io_init	32	static
io_cfg.c:371:6:ir_rev_io_irq_disable	16	static
io_cfg.c:380:6:ir_rev_io_irq_enable	16	static
io_cfg.c:389:6:ir_carrier_freq_init	32	static
io_cfg.c:417:6:ir_carrier_freq_on	16	static
io_cfg.c:436:6:ir_carrier_freq_off	24	static
io_cfg.c:458:6:ir_dir_io_config	16	static
io_cfg.c:478:6:ir_select_direction	8	static
io_cfg.c:508:6:sht1x_clk_input_mode	16	static
io_cfg.c:520:6:sht1x_clk_output_mode	16	static
io_cfg.c:534:6:sht1x_clk_digital_write_low	0	static
io_cfg.c:538:6:sht1x_clk_digital_write_high	0	static
io_cfg.c:542:6:sht1x_data_input_mode	16	static
io_cfg.c:554:6:sht1x_data_output_mode	16	static
io_cfg.c:565:6:sht1x_data_digital_write_low	0	static
io_cfg.c:569:6:sht1x_data_digital_write_high	0	static
io_cfg.c:573:5:sht1x_data_digital_read	8	static
io_cfg.c:581:6:ds1302_ce_input_mode	16	static
io_cfg.c:593:6:ds1302_ce_output_mode	16	static
io_cfg.c:605:6:ds1302_ce_digital_write_low	0	static
io_cfg.c:609:6:ds1302_ce_digital_write_high	0	static
io_cfg.c:614:6:ds1302_clk_input_mode	16	static
io_cfg.c:627:6:ds1302_clk_output_mode	16	static
io_cfg.c:640:6:ds1302_clk_digital_write_low	0	static
io_cfg.c:644:6:ds1302_clk_digital_write_high	0	static
io_cfg.c:649:6:ds1302_data_input_mode	16	static
io_cfg.c:661:6:ds1302_data_output_mode	16	static
io_cfg.c:672:6:ds1302_data_digital_write_low	0	static
io_cfg.c:676:6:ds1302_data_digital_write_high	0	static
io_cfg.c:680:9:ds1302_data_digital_read	0	static
io_cfg.c:688:6:io_cfg_dac_hs1101	24	static
io_cfg.c:710:6:io_cfg_comp_hs1101	32	static
io_cfg.c:736:6:io_cfg_timer3_hs1101	56	static
io_cfg.c:778:6:io_cfg_timer4_hs1101	48	static
io_cfg.c:815:10:io_timer4_get_capture	0	static
io_cfg.c:819:6:io_reset_timer4_capture	0	static
io_cfg.c:823:6:io_start_timer4_capture	0	static
io_cfg.c:827:6:io_hs1101_read_enable	8	static
io_cfg.c:842:6:io_hs1101_read_disable	8	static
io_cfg.c:865:6:io_cfg_adc1	32	static
io_cfg.c:881:6:adc_ct_io_cfg	16	static
io_cfg.c:891:6:adc_thermistor_io_cfg	16	static
io_cfg.c:901:10:adc_ct_io_read	8	static
io_cfg.c:910:10:adc_thermistor_io_read	8	static
io_cfg.c:922:6:ssd1306_clk_input_mode	16	static
io_cfg.c:934:6:ssd1306_clk_output_mode	16	static
io_cfg.c:947:6:ssd1306_clk_digital_write_low	0	static
io_cfg.c:951:6:ssd1306_clk_digital_write_high	0	static
io_cfg.c:955:6:ssd1306_data_input_mode	16	static
io_cfg.c:967:6:ssd1306_data_output_mode	16	static
io_cfg.c:978:6:ssd1306_data_digital_write_low	0	static
io_cfg.c:982:6:ssd1306_data_digital_write_high	0	static
io_cfg.c:986:5:ssd1306_data_digital_read	8	static
io_cfg.c:995:9:io_eeprom_read	16	static
io_cfg.c:1011:9:io_eeprom_write	24	static
io_cfg.c:1041:9:io_eeprom_erase	16	static
io_cfg.c:1074:6:internal_flash_unlock	8	static
io_cfg.c:1080:6:internal_flash_lock	0	static
io_cfg.c:1084:6:internal_flash_erase_pages_cal	16	static
io_cfg.c:1099:9:internal_flash_write_cal	48	static
