link_phy.cpp:116:6:void link_phy_frame_write(link_phy_frame_t*)	24	static
link_phy.cpp:318:9:uint8_t link_phy_frame_write_byte(uint8_t)	8	static
link_phy.cpp:328:9:uint8_t ac_link_phy_frame_rev_byte(uint8_t)	16	static
link_phy.cpp:457:6:void link_phy_frame_send()	8	static
link_phy.cpp:180:6:void fsm_link_phy_state_handle(ak_msg_t*)	88	static
link_phy.cpp:97:6:void task_link_phy(ak_msg_t*)	0	static
link_phy.cpp:143:6:void fsm_link_phy_state_init(ak_msg_t*)	16	static
link_phy.cpp:310:6:void link_phy_max_retry_set(uint8_t)	0	static
link_phy.cpp:314:9:uint8_t link_phy_max_retry_get()	0	static
link_phy.cpp:323:10:uint32_t link_phy_get_send_frame_to()	0	static
