link_data.cpp:18:6:void link_pdu_init()	16	static
link_data.cpp:36:13:link_pdu_t* link_pdu_malloc()	8	static
link_data.cpp:51:6:void link_pdu_free(link_pdu_t*)	8	static
link_data.cpp:67:13:link_pdu_t* link_pdu_get(uint32_t)	8	static
link_data.cpp:82:6:void link_pdu_free(uint32_t)	8	static
link_data.cpp:97:6:void link_set_src_addr(uint32_t)	8	static
link_data.cpp:104:10:uint32_t link_get_src_addr()	8	static
link_data.cpp:112:6:void link_set_des_addr(uint32_t)	8	static
link_data.cpp:119:10:uint32_t link_get_des_addr()	8	static
