message.c:47:6:msg_init	16	static
message.c:53:6:msg_free	16	static
message.c:82:6:msg_inc_ref_count	8	static
message.c:91:6:msg_dec_ref_count	8	static
message.c:110:7:ak_malloc	16	static
message.c:129:6:ak_free	0	static
message.c:156:10:get_pure_msg_pool_used	8	static
message.c:168:11:get_pure_msg	8	static
message.c:223:10:get_common_msg_pool_used	8	static
message.c:235:11:get_common_msg	8	static
message.c:269:9:set_data_common_msg	16	static
message.c:284:10:get_data_common_msg	8	static
message.c:293:9:get_data_len_common_msg	8	static
message.c:348:11:get_dynamic_msg	8	static
message.c:373:10:get_dynamic_msg_pool_used	8	static
message.c:385:9:set_data_dynamic_msg	48	static
message.c:397:9:get_data_dynamic_msg	32	static
message.c:411:10:get_data_len_dynamic_msg	0	static
message.c:506:6:msg_dbg_dum	40	static
