shell.cpp:379:9:int32_t shell_epi(uint8_t*)	0	static
shell.cpp:888:9:int32_t shell_psv(uint8_t*)	0	static
shell.cpp:194:9:int32_t shell_help(uint8_t*)	16	static
shell.cpp:560:9:int32_t shell_dbg(uint8_t*)	88	static
shell.cpp:874:9:int32_t shell_svc(uint8_t*)	8	static
shell.cpp:857:9:int32_t shell_fwu(uint8_t*)	96	static
shell.cpp:124:9:uint8_t str_parser(char*)	24	static
shell.cpp:437:9:int32_t shell_flash(uint8_t*)	32	static
shell.cpp:384:9:int32_t shell_eps(uint8_t*)	32	static
shell.cpp:371:9:int32_t shell_stt(uint8_t*)	8	static
shell.cpp:215:9:int32_t shell_fatal(uint8_t*)	128	static
shell.cpp:650:9:int32_t shell_ram(uint8_t*)	24	static
shell.cpp:208:9:int32_t shell_reboot(uint8_t*)	8	static
shell.cpp:167:9:int32_t shell_ver(uint8_t*)	24	static
shell.cpp:161:9:int32_t shell_reset(uint8_t*)	8	static
shell.cpp:791:9:int32_t shell_boot(uint8_t*)	104	static
shell.cpp:510:9:int32_t shell_lcd(uint8_t*)	8	static
