sys_cfg.c:209:6:xputchar	8	static
sys_cfg.c:45:6:sys_cfg_clock	8	static
sys_cfg.c:56:6:sys_cfg_tick	24	static
sys_cfg.c:75:6:sys_cfg_console	48	static
sys_cfg.c:131:6:sys_cfg_svc	16	static
sys_cfg.c:140:6:sys_cfg_pendsv	16	static
sys_cfg.c:149:6:sys_cfg_update_info	40	static
sys_cfg.c:220:6:sys_ctrl_shell_put_char	8	static
sys_cfg.c:231:9:sys_ctrl_shell_get_char	16	static
sys_cfg.c:242:6:sys_ctrl_reset	0	static
sys_cfg.c:246:6:sys_ctrl_delay_us	16	static
sys_cfg.c:252:6:sys_ctrl_delay_ms	24	static
sys_cfg.c:276:6:sys_ctr_sleep_wait_for_irq	0	static
sys_cfg.c:290:10:sys_ctr_get_exception_number	8	static
sys_cfg.c:295:6:sys_ctr_restart_app	24	static
sys_cfg.c:321:6:sys_ctrl_independent_watchdog_init	8	static
sys_cfg.c:332:6:sys_ctrl_independent_watchdog_reset	8	static
sys_cfg.c:341:6:sys_ctrl_soft_watchdog_init	24	static
sys_cfg.c:365:6:sys_ctrl_soft_watchdog_reset	8	static
sys_cfg.c:371:6:sys_ctrl_soft_watchdog_enable	8	static
sys_cfg.c:377:6:sys_ctrl_soft_watchdog_disable	8	static
sys_cfg.c:383:6:sys_ctrl_soft_watchdog_increase_counter	8	static
sys_cfg.c:391:6:sys_ctrl_get_firmware_info	8	static
sys_cfg.c:409:6:ak_irq_io_entry_trigger	0	static
sys_cfg.c:415:6:ak_irq_io_exit_trigger	0	static
